
> front-react@0.1.0 test
> react-scripts test --coverage --watchAll=false

node.exe : FAIL src/__tests__/list-pacientes-ep.component.test.jsx
En línea: 1 Carácter: 1
+ & "C:\Program Files\nodejs/node.exe" "C:\Users\p_nep\AppData\Roaming\ ...
+ ~~~~~~~~~~~~~~~~~~~~~~~~~~~~~~~~~~~~~~~~~~~~~~~~~~~~~~~~~~~~~~~~~~~~~
    + CategoryInfo          : NotSpecified: (FAIL src/__test...ponent.test.jsx:String) [], RemoteException
    + FullyQualifiedErrorId : NativeCommandError
 
  ÔùÅ Console

    console.warn
      ÔÜá´©Å React Router Future Flag Warning: React Router will begin wrapping state updates in 
`React.startTransition` in v7. You can use the `v7_startTransition` future flag to opt-in early. For more information, 
see https://reactrouter.com/v6/upgrading/future#v7_starttransition.

    [0m [90m 46 |[39m
     [90m 47 |[39m [36mconst[39m renderWithProviders [33m=[39m (component[33m,[39m { store [33m=[39m 
mockStore(initialState) } [33m=[39m {}) [33m=>[39m {
    [31m[1m>[22m[39m[90m 48 |[39m   [36mreturn[39m render(
     [90m    |[39m                [31m[1m^[22m[39m
     [90m 49 |[39m     [33m<[39m[33mProvider[39m store[33m=[39m{store}[33m>[39m
     [90m 50 |[39m       [33m<[39m[33mMemoryRouter[39m 
initialEntries[33m=[39m{[[32m'/list-pacientes'[39m]}[33m>[39m
     [90m 51 |[39m         {component}[0m

      at warnOnce (node_modules/react-router/lib/deprecations.ts:9:13)
      at logDeprecation (node_modules/react-router/lib/deprecations.ts:14:3)
      at logV6DeprecationWarnings (node_modules/react-router/lib/deprecations.ts:26:5)
      at node_modules/react-router/lib/components.tsx:257:25
      at commitHookEffectListMount (node_modules/react-dom/cjs/react-dom.development.js:23189:26)
      at commitPassiveMountOnFiber (node_modules/react-dom/cjs/react-dom.development.js:24970:11)
      at commitPassiveMountEffects_complete (node_modules/react-dom/cjs/react-dom.development.js:24930:9)
      at commitPassiveMountEffects_begin (node_modules/react-dom/cjs/react-dom.development.js:24917:7)
      at commitPassiveMountEffects (node_modules/react-dom/cjs/react-dom.development.js:24905:3)
      at flushPassiveEffectsImpl (node_modules/react-dom/cjs/react-dom.development.js:27078:3)
      at flushPassiveEffects (node_modules/react-dom/cjs/react-dom.development.js:27023:14)
      at node_modules/react-dom/cjs/react-dom.development.js:26808:9
      at flushActQueue (node_modules/react/cjs/react.development.js:2667:24)
      at act (node_modules/react/cjs/react.development.js:2582:11)
      at node_modules/@testing-library/react/dist/act-compat.js:47:25
      at renderRoot (node_modules/@testing-library/react/dist/pure.js:180:26)
      at render (node_modules/@testing-library/react/dist/pure.js:271:10)
      at renderWithProviders (src/__tests__/list-pacientes-ep.component.test.jsx:48:16)
      at Object.<anonymous> (src/__tests__/list-pacientes-ep.component.test.jsx:81:7)

    console.warn
      ÔÜá´©Å React Router Future Flag Warning: Relative route resolution within Splat routes is changing in v7. You 
can use the `v7_relativeSplatPath` future flag to opt-in early. For more information, see 
https://reactrouter.com/v6/upgrading/future#v7_relativesplatpath.

    [0m [90m 46 |[39m
     [90m 47 |[39m [36mconst[39m renderWithProviders [33m=[39m (component[33m,[39m { store [33m=[39m 
mockStore(initialState) } [33m=[39m {}) [33m=>[39m {
    [31m[1m>[22m[39m[90m 48 |[39m   [36mreturn[39m render(
     [90m    |[39m                [31m[1m^[22m[39m
     [90m 49 |[39m     [33m<[39m[33mProvider[39m store[33m=[39m{store}[33m>[39m
     [90m 50 |[39m       [33m<[39m[33mMemoryRouter[39m 
initialEntries[33m=[39m{[[32m'/list-pacientes'[39m]}[33m>[39m
     [90m 51 |[39m         {component}[0m

      at warnOnce (node_modules/react-router/lib/deprecations.ts:9:13)
      at logDeprecation (node_modules/react-router/lib/deprecations.ts:14:3)
      at logV6DeprecationWarnings (node_modules/react-router/lib/deprecations.ts:37:5)
      at node_modules/react-router/lib/components.tsx:257:25
      at commitHookEffectListMount (node_modules/react-dom/cjs/react-dom.development.js:23189:26)
      at commitPassiveMountOnFiber (node_modules/react-dom/cjs/react-dom.development.js:24970:11)
      at commitPassiveMountEffects_complete (node_modules/react-dom/cjs/react-dom.development.js:24930:9)
      at commitPassiveMountEffects_begin (node_modules/react-dom/cjs/react-dom.development.js:24917:7)
      at commitPassiveMountEffects (node_modules/react-dom/cjs/react-dom.development.js:24905:3)
      at flushPassiveEffectsImpl (node_modules/react-dom/cjs/react-dom.development.js:27078:3)
      at flushPassiveEffects (node_modules/react-dom/cjs/react-dom.development.js:27023:14)
      at node_modules/react-dom/cjs/react-dom.development.js:26808:9
      at flushActQueue (node_modules/react/cjs/react.development.js:2667:24)
      at act (node_modules/react/cjs/react.development.js:2582:11)
      at node_modules/@testing-library/react/dist/act-compat.js:47:25
      at renderRoot (node_modules/@testing-library/react/dist/pure.js:180:26)
      at render (node_modules/@testing-library/react/dist/pure.js:271:10)
      at renderWithProviders (src/__tests__/list-pacientes-ep.component.test.jsx:48:16)
      at Object.<anonymous> (src/__tests__/list-pacientes-ep.component.test.jsx:81:7)

  ÔùÅ ListPacientesEP ÔÇö Unit Tests ÔÇ║ Interacci├│n: Click en fila (verSecci├│n) ÔÇ║ llama props.cambiarID al click 
en bot├│n Ver Ficha M├®dica

    Actions must be plain objects. Use custom middleware for async actions.

    [0m [90m 53 |[39m     [36mconst[39m idpersona [33m=[39m id[33m;[39m
     [90m 54 |[39m     [36mconst[39m nombrepersona [33m=[39m nombre [33m+[39m [32m' '[39m [33m+[39m 
apellido[33m;[39m
    [31m[1m>[22m[39m[90m 55 |[39m     props[33m.[39mcambiarID(idpersona[33m,[39m nombrepersona)[33m;[39m
     [90m    |[39m           [31m[1m^[22m[39m
     [90m 56 |[39m   }[33m;[39m
     [90m 57 |[39m
     [90m 58 |[39m   [36mreturn[39m ([0m

      at dispatch (node_modules/redux-mock-store/dist/index-cjs.js:66:19)
      at Object.cambiarID (node_modules/react-redux/src/utils/bindActionCreators.ts:12:47)
      at verSeccion (src/components/list-pacientes-ep.component.js:55:11)
      at onClick (src/components/list-pacientes-ep.component.js:123:31)
      at handleClick (node_modules/react-router-dom/index.tsx:1025:20)
      at HTMLUnknownElement.callCallback (node_modules/react-dom/cjs/react-dom.development.js:4164:14)
      at HTMLUnknownElement.callTheUserObjectsOperation 
(node_modules/jsdom/lib/jsdom/living/generated/EventListener.js:26:30)
      at innerInvokeEventListeners (node_modules/jsdom/lib/jsdom/living/events/EventTarget-impl.js:338:25)
      at invokeEventListeners (node_modules/jsdom/lib/jsdom/living/events/EventTarget-impl.js:274:3)
      at HTMLUnknownElementImpl._dispatch (node_modules/jsdom/lib/jsdom/living/events/EventTarget-impl.js:221:9)
      at HTMLUnknownElementImpl.dispatchEvent (node_modules/jsdom/lib/jsdom/living/events/EventTarget-impl.js:94:17)
      at HTMLUnknownElement.dispatchEvent (node_modules/jsdom/lib/jsdom/living/generated/EventTarget.js:231:34)
      at Object.invokeGuardedCallbackDev (node_modules/react-dom/cjs/react-dom.development.js:4213:16)
      at invokeGuardedCallback (node_modules/react-dom/cjs/react-dom.development.js:4277:31)
      at invokeGuardedCallbackAndCatchFirstError (node_modules/react-dom/cjs/react-dom.development.js:4291:25)
      at executeDispatch (node_modules/react-dom/cjs/react-dom.development.js:9041:3)
      at processDispatchQueueItemsInOrder (node_modules/react-dom/cjs/react-dom.development.js:9073:7)
      at processDispatchQueue (node_modules/react-dom/cjs/react-dom.development.js:9086:5)
      at dispatchEventsForPlugins (node_modules/react-dom/cjs/react-dom.development.js:9097:3)
      at node_modules/react-dom/cjs/react-dom.development.js:9288:12
      at batchedUpdates$1 (node_modules/react-dom/cjs/react-dom.development.js:26179:12)
      at batchedUpdates (node_modules/react-dom/cjs/react-dom.development.js:3991:12)
      at dispatchEventForPluginEventSystem (node_modules/react-dom/cjs/react-dom.development.js:9287:3)
      at dispatchEventWithEnableCapturePhaseSelectiveHydrationWithoutDiscreteEventReplay 
(node_modules/react-dom/cjs/react-dom.development.js:6465:5)
      at dispatchEvent (node_modules/react-dom/cjs/react-dom.development.js:6457:5)
      at dispatchDiscreteEvent (node_modules/react-dom/cjs/react-dom.development.js:6430:5)
      at HTMLDivElement.callTheUserObjectsOperation 
(node_modules/jsdom/lib/jsdom/living/generated/EventListener.js:26:30)
      at innerInvokeEventListeners (node_modules/jsdom/lib/jsdom/living/events/EventTarget-impl.js:338:25)
      at invokeEventListeners (node_modules/jsdom/lib/jsdom/living/events/EventTarget-impl.js:274:3)
      at HTMLButtonElementImpl._dispatch (node_modules/jsdom/lib/jsdom/living/events/EventTarget-impl.js:221:9)
      at HTMLButtonElementImpl.dispatchEvent (node_modules/jsdom/lib/jsdom/living/events/EventTarget-impl.js:94:17)
      at HTMLButtonElement.dispatchEvent (node_modules/jsdom/lib/jsdom/living/generated/EventTarget.js:231:34)
      at node_modules/@testing-library/dom/dist/events.js:19:20
      at node_modules/@testing-library/react/dist/pure.js:108:16
      at node_modules/@testing-library/react/dist/act-compat.js:48:24
      at act (node_modules/react/cjs/react.development.js:2512:16)
      at node_modules/@testing-library/react/dist/act-compat.js:47:25
      at Object.eventWrapper (node_modules/@testing-library/react/dist/pure.js:107:28)
      at fireEvent (node_modules/@testing-library/dom/dist/events.js:12:35)
      at fireEvent.<computed> [as click] (node_modules/@testing-library/dom/dist/events.js:110:36)
      at fireEvent.click (node_modules/@testing-library/react/dist/fire-event.js:15:52)
      at Object.<anonymous> (src/__tests__/list-pacientes-ep.component.test.jsx:134:17)

  ÔùÅ ListPacientesEP ÔÇö Unit Tests ÔÇ║ Interacci├│n: Click en fila (verSecci├│n) ÔÇ║ llama props.cambiarID al click 
en bot├│n Ver Diagn├│sticos

    Actions must be plain objects. Use custom middleware for async actions.

    [0m [90m 53 |[39m     [36mconst[39m idpersona [33m=[39m id[33m;[39m
     [90m 54 |[39m     [36mconst[39m nombrepersona [33m=[39m nombre [33m+[39m [32m' '[39m [33m+[39m 
apellido[33m;[39m
    [31m[1m>[22m[39m[90m 55 |[39m     props[33m.[39mcambiarID(idpersona[33m,[39m nombrepersona)[33m;[39m
     [90m    |[39m           [31m[1m^[22m[39m
     [90m 56 |[39m   }[33m;[39m
     [90m 57 |[39m
     [90m 58 |[39m   [36mreturn[39m ([0m

      at dispatch (node_modules/redux-mock-store/dist/index-cjs.js:66:19)
      at Object.cambiarID (node_modules/react-redux/src/utils/bindActionCreators.ts:12:47)
      at verSeccion (src/components/list-pacientes-ep.component.js:55:11)
      at onClick (src/components/list-pacientes-ep.component.js:142:31)
      at handleClick (node_modules/react-router-dom/index.tsx:1025:20)
      at HTMLUnknownElement.callCallback (node_modules/react-dom/cjs/react-dom.development.js:4164:14)
      at HTMLUnknownElement.callTheUserObjectsOperation 
(node_modules/jsdom/lib/jsdom/living/generated/EventListener.js:26:30)
      at innerInvokeEventListeners (node_modules/jsdom/lib/jsdom/living/events/EventTarget-impl.js:338:25)
      at invokeEventListeners (node_modules/jsdom/lib/jsdom/living/events/EventTarget-impl.js:274:3)
      at HTMLUnknownElementImpl._dispatch (node_modules/jsdom/lib/jsdom/living/events/EventTarget-impl.js:221:9)
      at HTMLUnknownElementImpl.dispatchEvent (node_modules/jsdom/lib/jsdom/living/events/EventTarget-impl.js:94:17)
      at HTMLUnknownElement.dispatchEvent (node_modules/jsdom/lib/jsdom/living/generated/EventTarget.js:231:34)
      at Object.invokeGuardedCallbackDev (node_modules/react-dom/cjs/react-dom.development.js:4213:16)
      at invokeGuardedCallback (node_modules/react-dom/cjs/react-dom.development.js:4277:31)
      at invokeGuardedCallbackAndCatchFirstError (node_modules/react-dom/cjs/react-dom.development.js:4291:25)
      at executeDispatch (node_modules/react-dom/cjs/react-dom.development.js:9041:3)
      at processDispatchQueueItemsInOrder (node_modules/react-dom/cjs/react-dom.development.js:9073:7)
      at processDispatchQueue (node_modules/react-dom/cjs/react-dom.development.js:9086:5)
      at dispatchEventsForPlugins (node_modules/react-dom/cjs/react-dom.development.js:9097:3)
      at node_modules/react-dom/cjs/react-dom.development.js:9288:12
      at batchedUpdates$1 (node_modules/react-dom/cjs/react-dom.development.js:26179:12)
      at batchedUpdates (node_modules/react-dom/cjs/react-dom.development.js:3991:12)
      at dispatchEventForPluginEventSystem (node_modules/react-dom/cjs/react-dom.development.js:9287:3)
      at dispatchEventWithEnableCapturePhaseSelectiveHydrationWithoutDiscreteEventReplay 
(node_modules/react-dom/cjs/react-dom.development.js:6465:5)
      at dispatchEvent (node_modules/react-dom/cjs/react-dom.development.js:6457:5)
      at dispatchDiscreteEvent (node_modules/react-dom/cjs/react-dom.development.js:6430:5)
      at HTMLDivElement.callTheUserObjectsOperation 
(node_modules/jsdom/lib/jsdom/living/generated/EventListener.js:26:30)
      at innerInvokeEventListeners (node_modules/jsdom/lib/jsdom/living/events/EventTarget-impl.js:338:25)
      at invokeEventListeners (node_modules/jsdom/lib/jsdom/living/events/EventTarget-impl.js:274:3)
      at HTMLButtonElementImpl._dispatch (node_modules/jsdom/lib/jsdom/living/events/EventTarget-impl.js:221:9)
      at HTMLButtonElementImpl.dispatchEvent (node_modules/jsdom/lib/jsdom/living/events/EventTarget-impl.js:94:17)
      at HTMLButtonElement.dispatchEvent (node_modules/jsdom/lib/jsdom/living/generated/EventTarget.js:231:34)
      at node_modules/@testing-library/dom/dist/events.js:19:20
      at node_modules/@testing-library/react/dist/pure.js:108:16
      at node_modules/@testing-library/react/dist/act-compat.js:48:24
      at act (node_modules/react/cjs/react.development.js:2512:16)
      at node_modules/@testing-library/react/dist/act-compat.js:47:25
      at Object.eventWrapper (node_modules/@testing-library/react/dist/pure.js:107:28)
      at fireEvent (node_modules/@testing-library/dom/dist/events.js:12:35)
      at fireEvent.<computed> [as click] (node_modules/@testing-library/dom/dist/events.js:110:36)
      at fireEvent.click (node_modules/@testing-library/react/dist/fire-event.js:15:52)
      at Object.<anonymous> (src/__tests__/list-pacientes-ep.component.test.jsx:147:17)

  ÔùÅ ListPacientesEP ÔÇö Unit Tests ÔÇ║ Interacci├│n: Click en fila (verSecci├│n) ÔÇ║ llama props.cambiarID al click 
en bot├│n Ver Evoluci├│n

    Actions must be plain objects. Use custom middleware for async actions.

    [0m [90m 53 |[39m     [36mconst[39m idpersona [33m=[39m id[33m;[39m
     [90m 54 |[39m     [36mconst[39m nombrepersona [33m=[39m nombre [33m+[39m [32m' '[39m [33m+[39m 
apellido[33m;[39m
    [31m[1m>[22m[39m[90m 55 |[39m     props[33m.[39mcambiarID(idpersona[33m,[39m nombrepersona)[33m;[39m
     [90m    |[39m           [31m[1m^[22m[39m
     [90m 56 |[39m   }[33m;[39m
     [90m 57 |[39m
     [90m 58 |[39m   [36mreturn[39m ([0m

      at dispatch (node_modules/redux-mock-store/dist/index-cjs.js:66:19)
      at Object.cambiarID (node_modules/react-redux/src/utils/bindActionCreators.ts:12:47)
      at verSeccion (src/components/list-pacientes-ep.component.js:55:11)
      at onClick (src/components/list-pacientes-ep.component.js:161:31)
      at handleClick (node_modules/react-router-dom/index.tsx:1025:20)
      at HTMLUnknownElement.callCallback (node_modules/react-dom/cjs/react-dom.development.js:4164:14)
      at HTMLUnknownElement.callTheUserObjectsOperation 
(node_modules/jsdom/lib/jsdom/living/generated/EventListener.js:26:30)
      at innerInvokeEventListeners (node_modules/jsdom/lib/jsdom/living/events/EventTarget-impl.js:338:25)
      at invokeEventListeners (node_modules/jsdom/lib/jsdom/living/events/EventTarget-impl.js:274:3)
      at HTMLUnknownElementImpl._dispatch (node_modules/jsdom/lib/jsdom/living/events/EventTarget-impl.js:221:9)
      at HTMLUnknownElementImpl.dispatchEvent (node_modules/jsdom/lib/jsdom/living/events/EventTarget-impl.js:94:17)
      at HTMLUnknownElement.dispatchEvent (node_modules/jsdom/lib/jsdom/living/generated/EventTarget.js:231:34)
      at Object.invokeGuardedCallbackDev (node_modules/react-dom/cjs/react-dom.development.js:4213:16)
      at invokeGuardedCallback (node_modules/react-dom/cjs/react-dom.development.js:4277:31)
      at invokeGuardedCallbackAndCatchFirstError (node_modules/react-dom/cjs/react-dom.development.js:4291:25)
      at executeDispatch (node_modules/react-dom/cjs/react-dom.development.js:9041:3)
      at processDispatchQueueItemsInOrder (node_modules/react-dom/cjs/react-dom.development.js:9073:7)
      at processDispatchQueue (node_modules/react-dom/cjs/react-dom.development.js:9086:5)
      at dispatchEventsForPlugins (node_modules/react-dom/cjs/react-dom.development.js:9097:3)
      at node_modules/react-dom/cjs/react-dom.development.js:9288:12
      at batchedUpdates$1 (node_modules/react-dom/cjs/react-dom.development.js:26179:12)
      at batchedUpdates (node_modules/react-dom/cjs/react-dom.development.js:3991:12)
      at dispatchEventForPluginEventSystem (node_modules/react-dom/cjs/react-dom.development.js:9287:3)
      at dispatchEventWithEnableCapturePhaseSelectiveHydrationWithoutDiscreteEventReplay 
(node_modules/react-dom/cjs/react-dom.development.js:6465:5)
      at dispatchEvent (node_modules/react-dom/cjs/react-dom.development.js:6457:5)
      at dispatchDiscreteEvent (node_modules/react-dom/cjs/react-dom.development.js:6430:5)
      at HTMLDivElement.callTheUserObjectsOperation 
(node_modules/jsdom/lib/jsdom/living/generated/EventListener.js:26:30)
      at innerInvokeEventListeners (node_modules/jsdom/lib/jsdom/living/events/EventTarget-impl.js:338:25)
      at invokeEventListeners (node_modules/jsdom/lib/jsdom/living/events/EventTarget-impl.js:274:3)
      at HTMLButtonElementImpl._dispatch (node_modules/jsdom/lib/jsdom/living/events/EventTarget-impl.js:221:9)
      at HTMLButtonElementImpl.dispatchEvent (node_modules/jsdom/lib/jsdom/living/events/EventTarget-impl.js:94:17)
      at HTMLButtonElement.dispatchEvent (node_modules/jsdom/lib/jsdom/living/generated/EventTarget.js:231:34)
      at node_modules/@testing-library/dom/dist/events.js:19:20
      at node_modules/@testing-library/react/dist/pure.js:108:16
      at node_modules/@testing-library/react/dist/act-compat.js:48:24
      at act (node_modules/react/cjs/react.development.js:2512:16)
      at node_modules/@testing-library/react/dist/act-compat.js:47:25
      at Object.eventWrapper (node_modules/@testing-library/react/dist/pure.js:107:28)
      at fireEvent (node_modules/@testing-library/dom/dist/events.js:12:35)
      at fireEvent.<computed> [as click] (node_modules/@testing-library/dom/dist/events.js:110:36)
      at fireEvent.click (node_modules/@testing-library/react/dist/fire-event.js:15:52)
      at Object.<anonymous> (src/__tests__/list-pacientes-ep.component.test.jsx:160:17)

  ÔùÅ ListPacientesEP ÔÇö Unit Tests ÔÇ║ Interacci├│n: Click en fila (verSecci├│n) ÔÇ║ llama props.cambiarID al click 
en bot├│n Ver Obra Social

    Actions must be plain objects. Use custom middleware for async actions.

    [0m [90m 53 |[39m     [36mconst[39m idpersona [33m=[39m id[33m;[39m
     [90m 54 |[39m     [36mconst[39m nombrepersona [33m=[39m nombre [33m+[39m [32m' '[39m [33m+[39m 
apellido[33m;[39m
    [31m[1m>[22m[39m[90m 55 |[39m     props[33m.[39mcambiarID(idpersona[33m,[39m nombrepersona)[33m;[39m
     [90m    |[39m           [31m[1m^[22m[39m
     [90m 56 |[39m   }[33m;[39m
     [90m 57 |[39m
     [90m 58 |[39m   [36mreturn[39m ([0m

      at dispatch (node_modules/redux-mock-store/dist/index-cjs.js:66:19)
      at Object.cambiarID (node_modules/react-redux/src/utils/bindActionCreators.ts:12:47)
      at verSeccion (src/components/list-pacientes-ep.component.js:55:11)
      at onClick (src/components/list-pacientes-ep.component.js:180:31)
      at handleClick (node_modules/react-router-dom/index.tsx:1025:20)
      at HTMLUnknownElement.callCallback (node_modules/react-dom/cjs/react-dom.development.js:4164:14)
      at HTMLUnknownElement.callTheUserObjectsOperation 
(node_modules/jsdom/lib/jsdom/living/generated/EventListener.js:26:30)
      at innerInvokeEventListeners (node_modules/jsdom/lib/jsdom/living/events/EventTarget-impl.js:338:25)
      at invokeEventListeners (node_modules/jsdom/lib/jsdom/living/events/EventTarget-impl.js:274:3)
      at HTMLUnknownElementImpl._dispatch (node_modules/jsdom/lib/jsdom/living/events/EventTarget-impl.js:221:9)
      at HTMLUnknownElementImpl.dispatchEvent (node_modules/jsdom/lib/jsdom/living/events/EventTarget-impl.js:94:17)
      at HTMLUnknownElement.dispatchEvent (node_modules/jsdom/lib/jsdom/living/generated/EventTarget.js:231:34)
      at Object.invokeGuardedCallbackDev (node_modules/react-dom/cjs/react-dom.development.js:4213:16)
      at invokeGuardedCallback (node_modules/react-dom/cjs/react-dom.development.js:4277:31)
      at invokeGuardedCallbackAndCatchFirstError (node_modules/react-dom/cjs/react-dom.development.js:4291:25)
      at executeDispatch (node_modules/react-dom/cjs/react-dom.development.js:9041:3)
      at processDispatchQueueItemsInOrder (node_modules/react-dom/cjs/react-dom.development.js:9073:7)
      at processDispatchQueue (node_modules/react-dom/cjs/react-dom.development.js:9086:5)
      at dispatchEventsForPlugins (node_modules/react-dom/cjs/react-dom.development.js:9097:3)
      at node_modules/react-dom/cjs/react-dom.development.js:9288:12
      at batchedUpdates$1 (node_modules/react-dom/cjs/react-dom.development.js:26179:12)
      at batchedUpdates (node_modules/react-dom/cjs/react-dom.development.js:3991:12)
      at dispatchEventForPluginEventSystem (node_modules/react-dom/cjs/react-dom.development.js:9287:3)
      at dispatchEventWithEnableCapturePhaseSelectiveHydrationWithoutDiscreteEventReplay 
(node_modules/react-dom/cjs/react-dom.development.js:6465:5)
      at dispatchEvent (node_modules/react-dom/cjs/react-dom.development.js:6457:5)
      at dispatchDiscreteEvent (node_modules/react-dom/cjs/react-dom.development.js:6430:5)
      at HTMLDivElement.callTheUserObjectsOperation 
(node_modules/jsdom/lib/jsdom/living/generated/EventListener.js:26:30)
      at innerInvokeEventListeners (node_modules/jsdom/lib/jsdom/living/events/EventTarget-impl.js:338:25)
      at invokeEventListeners (node_modules/jsdom/lib/jsdom/living/events/EventTarget-impl.js:274:3)
      at HTMLButtonElementImpl._dispatch (node_modules/jsdom/lib/jsdom/living/events/EventTarget-impl.js:221:9)
      at HTMLButtonElementImpl.dispatchEvent (node_modules/jsdom/lib/jsdom/living/events/EventTarget-impl.js:94:17)
      at HTMLButtonElement.dispatchEvent (node_modules/jsdom/lib/jsdom/living/generated/EventTarget.js:231:34)
      at node_modules/@testing-library/dom/dist/events.js:19:20
      at node_modules/@testing-library/react/dist/pure.js:108:16
      at node_modules/@testing-library/react/dist/act-compat.js:48:24
      at act (node_modules/react/cjs/react.development.js:2512:16)
      at node_modules/@testing-library/react/dist/act-compat.js:47:25
      at Object.eventWrapper (node_modules/@testing-library/react/dist/pure.js:107:28)
      at fireEvent (node_modules/@testing-library/dom/dist/events.js:12:35)
      at fireEvent.<computed> [as click] (node_modules/@testing-library/dom/dist/events.js:110:36)
      at fireEvent.click (node_modules/@testing-library/react/dist/fire-event.js:15:52)
      at Object.<anonymous> (src/__tests__/list-pacientes-ep.component.test.jsx:173:17)

  ÔùÅ ListPacientesEP ÔÇö Unit Tests ÔÇ║ Interacci├│n: Click en fila (verSecci├│n) ÔÇ║ llama props.cambiarID al click 
en bot├│n Ver Indicaciones M├®dicas

    Actions must be plain objects. Use custom middleware for async actions.

    [0m [90m 53 |[39m     [36mconst[39m idpersona [33m=[39m id[33m;[39m
     [90m 54 |[39m     [36mconst[39m nombrepersona [33m=[39m nombre [33m+[39m [32m' '[39m [33m+[39m 
apellido[33m;[39m
    [31m[1m>[22m[39m[90m 55 |[39m     props[33m.[39mcambiarID(idpersona[33m,[39m nombrepersona)[33m;[39m
     [90m    |[39m           [31m[1m^[22m[39m
     [90m 56 |[39m   }[33m;[39m
     [90m 57 |[39m
     [90m 58 |[39m   [36mreturn[39m ([0m

      at dispatch (node_modules/redux-mock-store/dist/index-cjs.js:66:19)
      at Object.cambiarID (node_modules/react-redux/src/utils/bindActionCreators.ts:12:47)
      at verSeccion (src/components/list-pacientes-ep.component.js:55:11)
      at onClick (src/components/list-pacientes-ep.component.js:199:31)
      at handleClick (node_modules/react-router-dom/index.tsx:1025:20)
      at HTMLUnknownElement.callCallback (node_modules/react-dom/cjs/react-dom.development.js:4164:14)
      at HTMLUnknownElement.callTheUserObjectsOperation 
(node_modules/jsdom/lib/jsdom/living/generated/EventListener.js:26:30)
      at innerInvokeEventListeners (node_modules/jsdom/lib/jsdom/living/events/EventTarget-impl.js:338:25)
      at invokeEventListeners (node_modules/jsdom/lib/jsdom/living/events/EventTarget-impl.js:274:3)
      at HTMLUnknownElementImpl._dispatch (node_modules/jsdom/lib/jsdom/living/events/EventTarget-impl.js:221:9)
      at HTMLUnknownElementImpl.dispatchEvent (node_modules/jsdom/lib/jsdom/living/events/EventTarget-impl.js:94:17)
      at HTMLUnknownElement.dispatchEvent (node_modules/jsdom/lib/jsdom/living/generated/EventTarget.js:231:34)
      at Object.invokeGuardedCallbackDev (node_modules/react-dom/cjs/react-dom.development.js:4213:16)
      at invokeGuardedCallback (node_modules/react-dom/cjs/react-dom.development.js:4277:31)
      at invokeGuardedCallbackAndCatchFirstError (node_modules/react-dom/cjs/react-dom.development.js:4291:25)
      at executeDispatch (node_modules/react-dom/cjs/react-dom.development.js:9041:3)
      at processDispatchQueueItemsInOrder (node_modules/react-dom/cjs/react-dom.development.js:9073:7)
      at processDispatchQueue (node_modules/react-dom/cjs/react-dom.development.js:9086:5)
      at dispatchEventsForPlugins (node_modules/react-dom/cjs/react-dom.development.js:9097:3)
      at node_modules/react-dom/cjs/react-dom.development.js:9288:12
      at batchedUpdates$1 (node_modules/react-dom/cjs/react-dom.development.js:26179:12)
      at batchedUpdates (node_modules/react-dom/cjs/react-dom.development.js:3991:12)
      at dispatchEventForPluginEventSystem (node_modules/react-dom/cjs/react-dom.development.js:9287:3)
      at dispatchEventWithEnableCapturePhaseSelectiveHydrationWithoutDiscreteEventReplay 
(node_modules/react-dom/cjs/react-dom.development.js:6465:5)
      at dispatchEvent (node_modules/react-dom/cjs/react-dom.development.js:6457:5)
      at dispatchDiscreteEvent (node_modules/react-dom/cjs/react-dom.development.js:6430:5)
      at HTMLDivElement.callTheUserObjectsOperation 
(node_modules/jsdom/lib/jsdom/living/generated/EventListener.js:26:30)
      at innerInvokeEventListeners (node_modules/jsdom/lib/jsdom/living/events/EventTarget-impl.js:338:25)
      at invokeEventListeners (node_modules/jsdom/lib/jsdom/living/events/EventTarget-impl.js:274:3)
      at HTMLButtonElementImpl._dispatch (node_modules/jsdom/lib/jsdom/living/events/EventTarget-impl.js:221:9)
      at HTMLButtonElementImpl.dispatchEvent (node_modules/jsdom/lib/jsdom/living/events/EventTarget-impl.js:94:17)
      at HTMLButtonElement.dispatchEvent (node_modules/jsdom/lib/jsdom/living/generated/EventTarget.js:231:34)
      at node_modules/@testing-library/dom/dist/events.js:19:20
      at node_modules/@testing-library/react/dist/pure.js:108:16
      at node_modules/@testing-library/react/dist/act-compat.js:48:24
      at act (node_modules/react/cjs/react.development.js:2512:16)
      at node_modules/@testing-library/react/dist/act-compat.js:47:25
      at Object.eventWrapper (node_modules/@testing-library/react/dist/pure.js:107:28)
      at fireEvent (node_modules/@testing-library/dom/dist/events.js:12:35)
      at fireEvent.<computed> [as click] (node_modules/@testing-library/dom/dist/events.js:110:36)
      at fireEvent.click (node_modules/@testing-library/react/dist/fire-event.js:15:52)
      at Object.<anonymous> (src/__tests__/list-pacientes-ep.component.test.jsx:186:17)

PASS src/__tests__/smoke-add-paciente.test.js
  ÔùÅ Console

    console.error
      Warning: An update to AddPaciente inside a test was not wrapped in act(...).
      
      When testing, code that causes React state updates should be wrapped into act(...):
      
      act(() => {
        /* fire events that update state */
      });
      /* assert on the output */
      
      This ensures that you're testing the behavior the user would see in the browser. Learn more at 
https://reactjs.org/link/wrap-tests-with-act
          at AddPaciente (D:\TELEPARK\telepark\telepark-frontend\src\components\add-paciente.component.js:11:47)

    [0m [90m 26 |[39m     [36mconst[39m response [33m=[39m [36mawait[39m 
municipioRepository[33m.[39mgetAll()[33m.[39m[36mcatch[39m(() [33m=>[39m undefined)[33m;[39m
     [90m 27 |[39m     [36mif[39m (response) {
    [31m[1m>[22m[39m[90m 28 |[39m       setMunicipios(response[33m.[39mdata)[33m;[39m
     [90m    |[39m       [31m[1m^[22m[39m
     [90m 29 |[39m     }
     [90m 30 |[39m   }[33m;[39m
     [90m 31 |[39m[0m

      at printWarning (node_modules/react-dom/cjs/react-dom.development.js:86:30)
      at error (node_modules/react-dom/cjs/react-dom.development.js:60:7)
      at warnIfUpdatesNotWrappedWithActDEV (node_modules/react-dom/cjs/react-dom.development.js:27628:9)
      at scheduleUpdateOnFiber (node_modules/react-dom/cjs/react-dom.development.js:25547:5)
      at setMunicipios (node_modules/react-dom/cjs/react-dom.development.js:16708:7)
      at getMunicipios (src/components/add-paciente.component.js:28:7)

PASS src/App.test.js
  ÔùÅ Console

    console.warn
      ÔÜá´©Å React Router Future Flag Warning: React Router will begin wrapping state updates in 
`React.startTransition` in v7. You can use the `v7_startTransition` future flag to opt-in early. For more information, 
see https://reactrouter.com/v6/upgrading/future#v7_starttransition.

    [0m [90m 17 |[39m
     [90m 18 |[39m   test([32m'renders Login when no token is present'[39m[33m,[39m [36masync[39m () 
[33m=>[39m {
    [31m[1m>[22m[39m[90m 19 |[39m     render([33m<[39m[33mApp[39m [33m/[39m[33m>[39m)[33m;[39m
     [90m    |[39m           [31m[1m^[22m[39m
     [90m 20 |[39m     [90m// Login es lazy (Suspense): esperar la resoluci├│n del chunk antes de asertar[39m
     [90m 21 |[39m     expect([36mawait[39m 
screen[33m.[39mfindByText([35m/login/i[39m))[33m.[39mtoBeInTheDocument()[33m;[39m
     [90m 22 |[39m   })[33m;[39m[0m

      at warnOnce (node_modules/react-router/lib/deprecations.ts:9:13)
      at logDeprecation (node_modules/react-router/lib/deprecations.ts:14:3)
      at Object.logV6DeprecationWarnings [as UNSAFE_logV6DeprecationWarnings] 
(node_modules/react-router/lib/deprecations.ts:26:5)
      at node_modules/react-router-dom/index.tsx:816:25
      at commitHookEffectListMount (node_modules/react-dom/cjs/react-dom.development.js:23189:26)
      at commitPassiveMountOnFiber (node_modules/react-dom/cjs/react-dom.development.js:24970:11)
      at commitPassiveMountEffects_complete (node_modules/react-dom/cjs/react-dom.development.js:24930:9)
      at commitPassiveMountEffects_begin (node_modules/react-dom/cjs/react-dom.development.js:24917:7)
      at commitPassiveMountEffects (node_modules/react-dom/cjs/react-dom.development.js:24905:3)
      at flushPassiveEffectsImpl (node_modules/react-dom/cjs/react-dom.development.js:27078:3)
      at flushPassiveEffects (node_modules/react-dom/cjs/react-dom.development.js:27023:14)
      at node_modules/react-dom/cjs/react-dom.development.js:26808:9
      at flushActQueue (node_modules/react/cjs/react.development.js:2667:24)
      at act (node_modules/react/cjs/react.development.js:2582:11)
      at node_modules/@testing-library/react/dist/act-compat.js:47:25
      at renderRoot (node_modules/@testing-library/react/dist/pure.js:180:26)
      at render (node_modules/@testing-library/react/dist/pure.js:271:10)
      at Object.<anonymous> (src/App.test.js:19:11)

    console.warn
      ÔÜá´©Å React Router Future Flag Warning: Relative route resolution within Splat routes is changing in v7. You 
can use the `v7_relativeSplatPath` future flag to opt-in early. For more information, see 
https://reactrouter.com/v6/upgrading/future#v7_relativesplatpath.

    [0m [90m 17 |[39m
     [90m 18 |[39m   test([32m'renders Login when no token is present'[39m[33m,[39m [36masync[39m () 
[33m=>[39m {
    [31m[1m>[22m[39m[90m 19 |[39m     render([33m<[39m[33mApp[39m [33m/[39m[33m>[39m)[33m;[39m
     [90m    |[39m           [31m[1m^[22m[39m
     [90m 20 |[39m     [90m// Login es lazy (Suspense): esperar la resoluci├│n del chunk antes de asertar[39m
     [90m 21 |[39m     expect([36mawait[39m 
screen[33m.[39mfindByText([35m/login/i[39m))[33m.[39mtoBeInTheDocument()[33m;[39m
     [90m 22 |[39m   })[33m;[39m[0m

      at warnOnce (node_modules/react-router/lib/deprecations.ts:9:13)
      at logDeprecation (node_modules/react-router/lib/deprecations.ts:14:3)
      at Object.logV6DeprecationWarnings [as UNSAFE_logV6DeprecationWarnings] 
(node_modules/react-router/lib/deprecations.ts:37:5)
      at node_modules/react-router-dom/index.tsx:816:25
      at commitHookEffectListMount (node_modules/react-dom/cjs/react-dom.development.js:23189:26)
      at commitPassiveMountOnFiber (node_modules/react-dom/cjs/react-dom.development.js:24970:11)
      at commitPassiveMountEffects_complete (node_modules/react-dom/cjs/react-dom.development.js:24930:9)
      at commitPassiveMountEffects_begin (node_modules/react-dom/cjs/react-dom.development.js:24917:7)
      at commitPassiveMountEffects (node_modules/react-dom/cjs/react-dom.development.js:24905:3)
      at flushPassiveEffectsImpl (node_modules/react-dom/cjs/react-dom.development.js:27078:3)
      at flushPassiveEffects (node_modules/react-dom/cjs/react-dom.development.js:27023:14)
      at node_modules/react-dom/cjs/react-dom.development.js:26808:9
      at flushActQueue (node_modules/react/cjs/react.development.js:2667:24)
      at act (node_modules/react/cjs/react.development.js:2582:11)
      at node_modules/@testing-library/react/dist/act-compat.js:47:25
      at renderRoot (node_modules/@testing-library/react/dist/pure.js:180:26)
      at render (node_modules/@testing-library/react/dist/pure.js:271:10)
      at Object.<anonymous> (src/App.test.js:19:11)

    console.log
      {"access":"test-access-token","refresh":"test-refresh-token","username":"drhouse","name":"Dr. 
House","is_superuser":false}

      at Object.setUser (src/services/token.service.js:34:13)

    console.error
      Warning: A suspended resource finished loading inside a test, but the event was not wrapped in act(...).
      
      When testing, code that resolves suspended data should be wrapped into act(...):
      
      act(() => {
        /* finish loading suspended data */
      });
      /* assert on the output */
      
      This ensures that you're testing the behavior the user would see in the browser. Learn more at 
https://reactjs.org/link/wrap-tests-with-act

      at printWarning (node_modules/react-dom/cjs/react-dom.development.js:86:30)
      at error (node_modules/react-dom/cjs/react-dom.development.js:60:7)
      at warnIfSuspenseResolutionNotWrappedWithActDEV (node_modules/react-dom/cjs/react-dom.development.js:27643:7)
      at pingSuspendedRoot (node_modules/react-dom/cjs/react-dom.development.js:27228:3)

    console.log
      {"access":"test-access-token","refresh":"test-refresh-token","username":"drhouse","name":"Dr. 
House","is_superuser":false}

      at Object.setUser (src/services/token.service.js:34:13)

    console.log
      undefined

      at AddPaciente (src/components/add-paciente.component.js:45:11)

    console.log


      at AddPaciente (src/components/add-paciente.component.js:45:11)

    console.log
      {"access":"test-access-token","refresh":"test-refresh-token","username":"drhouse","name":"Dr. 
House","is_superuser":false}

      at Object.setUser (src/services/token.service.js:34:13)

    console.log
      undefined

      at AddPaciente (src/components/add-paciente.component.js:45:11)

    console.log


      at AddPaciente (src/components/add-paciente.component.js:45:11)

PASS src/__tests__/sidebar-toggle.test.js
FAIL src/__tests__/tipos-de-eventos.component.test.jsx
  ÔùÅ Console

    console.log
      []

      at TypeEvents (src/components/tipos-de-eventos.component.js:198:11)

    console.log
      []

      at TypeEvents (src/components/tipos-de-eventos.component.js:198:11)

    console.log
      [
        {
          idtipoevento: 1,
          nombre: 'Consulta m├®dica',
          desactivataller: 0,
          borrado: 0
        },
        {
          idtipoevento: 2,
          nombre: 'Taller grupal',
          desactivataller: 1,
          borrado: 0
        }
      ]

      at TypeEvents (src/components/tipos-de-eventos.component.js:198:11)

    console.log
      []

      at TypeEvents (src/components/tipos-de-eventos.component.js:198:11)

    console.log
      []

      at TypeEvents (src/components/tipos-de-eventos.component.js:198:11)

    console.log
      [
        {
          idtipoevento: 1,
          nombre: 'Consulta m├®dica',
          desactivataller: 0,
          borrado: 0
        },
        {
          idtipoevento: 2,
          nombre: 'Taller grupal',
          desactivataller: 1,
          borrado: 0
        }
      ]

      at TypeEvents (src/components/tipos-de-eventos.component.js:198:11)

    console.log
      [
        {
          idtipoevento: 1,
          nombre: 'Consulta m├®dica',
          desactivataller: 0,
          borrado: 0
        },
        {
          idtipoevento: 2,
          nombre: 'Taller grupal',
          desactivataller: 1,
          borrado: 0
        }
      ]

      at TypeEvents (src/components/tipos-de-eventos.component.js:198:11)

    console.log
      []

      at TypeEvents (src/components/tipos-de-eventos.component.js:198:11)

    console.log
      []

      at TypeEvents (src/components/tipos-de-eventos.component.js:198:11)

    console.log
      [
        {
          idtipoevento: 1,
          nombre: 'Consulta m├®dica',
          desactivataller: 0,
          borrado: 0
        },
        {
          idtipoevento: 2,
          nombre: 'Taller grupal',
          desactivataller: 1,
          borrado: 0
        }
      ]

      at TypeEvents (src/components/tipos-de-eventos.component.js:198:11)

    console.log
      [
        {
          idtipoevento: 1,
          nombre: 'Consulta m├®dica',
          desactivataller: 0,
          borrado: 0
        },
        {
          idtipoevento: 2,
          nombre: 'Taller grupal',
          desactivataller: 1,
          borrado: 0
        }
      ]

      at TypeEvents (src/components/tipos-de-eventos.component.js:198:11)

    console.log
      [
        {
          idtipoevento: 1,
          nombre: 'Consulta m├®dica',
          desactivataller: 0,
          borrado: 0
        },
        {
          idtipoevento: 2,
          nombre: 'Taller grupal',
          desactivataller: 1,
          borrado: 0
        }
      ]

      at TypeEvents (src/components/tipos-de-eventos.component.js:198:11)

    console.log
      []

      at TypeEvents (src/components/tipos-de-eventos.component.js:198:11)

    console.log
      []

      at TypeEvents (src/components/tipos-de-eventos.component.js:198:11)

    console.log
      [
        {
          idtipoevento: 1,
          nombre: 'Consulta m├®dica',
          desactivataller: 0,
          borrado: 0
        },
        {
          idtipoevento: 2,
          nombre: 'Taller grupal',
          desactivataller: 1,
          borrado: 0
        }
      ]

      at TypeEvents (src/components/tipos-de-eventos.component.js:198:11)

    console.log
      [
        {
          idtipoevento: 1,
          nombre: 'Consulta m├®dica',
          desactivataller: 0,
          borrado: 0
        },
        {
          idtipoevento: 2,
          nombre: 'Taller grupal',
          desactivataller: 1,
          borrado: 0
        }
      ]

      at TypeEvents (src/components/tipos-de-eventos.component.js:198:11)

    console.log
      []

      at TypeEvents (src/components/tipos-de-eventos.component.js:198:11)

    console.log
      [
        {
          idtipoevento: 1,
          nombre: 'Consulta m├®dica',
          desactivataller: 0,
          borrado: 0
        },
        {
          idtipoevento: 2,
          nombre: 'Taller grupal',
          desactivataller: 1,
          borrado: 0
        }
      ]

      at TypeEvents (src/components/tipos-de-eventos.component.js:198:11)

    console.log
      []

      at TypeEvents (src/components/tipos-de-eventos.component.js:198:11)

    console.log
      [
        {
          idtipoevento: 1,
          nombre: 'Consulta m├®dica',
          desactivataller: 0,
          borrado: 0
        },
        {
          idtipoevento: 2,
          nombre: 'Taller grupal',
          desactivataller: 1,
          borrado: 0
        }
      ]

      at TypeEvents (src/components/tipos-de-eventos.component.js:198:11)

    console.log
      []

      at TypeEvents (src/components/tipos-de-eventos.component.js:198:11)

    console.log
      [
        {
          idtipoevento: 1,
          nombre: 'Consulta m├®dica',
          desactivataller: 0,
          borrado: 0
        },
        {
          idtipoevento: 2,
          nombre: 'Taller grupal',
          desactivataller: 1,
          borrado: 0
        }
      ]

      at TypeEvents (src/components/tipos-de-eventos.component.js:198:11)

    console.log
      []

      at TypeEvents (src/components/tipos-de-eventos.component.js:198:11)

    console.log
      [
        {
          idtipoevento: 1,
          nombre: 'Consulta m├®dica',
          desactivataller: 0,
          borrado: 0
        },
        {
          idtipoevento: 2,
          nombre: 'Taller grupal',
          desactivataller: 1,
          borrado: 0
        }
      ]

      at TypeEvents (src/components/tipos-de-eventos.component.js:198:11)

    console.log
      [
        {
          idtipoevento: 2,
          nombre: 'Taller grupal',
          desactivataller: 1,
          borrado: 0
        }
      ]

      at TypeEvents (src/components/tipos-de-eventos.component.js:198:11)

    console.log
      []

      at TypeEvents (src/components/tipos-de-eventos.component.js:198:11)

    console.log
      [
        {
          idtipoevento: 2,
          nombre: 'Taller grupal',
          desactivataller: 1,
          borrado: 0
        }
      ]

      at TypeEvents (src/components/tipos-de-eventos.component.js:198:11)

    console.log
      []

      at TypeEvents (src/components/tipos-de-eventos.component.js:198:11)

    console.log
      [
        { idtipoevento: 1, nombre: 'Activo', desactivataller: 0, borrado: 0 },
        {
          idtipoevento: 2,
          nombre: 'Borrado',
          desactivataller: 0,
          borrado: 1
        }
      ]

      at TypeEvents (src/components/tipos-de-eventos.component.js:198:11)

    console.log
      []

      at TypeEvents (src/components/tipos-de-eventos.component.js:198:11)

    console.log
      [
        {
          idtipoevento: 2,
          nombre: 'Taller grupal',
          desactivataller: 1,
          borrado: 0
        }
      ]

      at TypeEvents (src/components/tipos-de-eventos.component.js:198:11)

    console.log
      []

      at TypeEvents (src/components/tipos-de-eventos.component.js:198:11)

  ÔùÅ TypeEvents ÔÇö Unit Tests ÔÇ║ Interacciones Principales ÔÇö Modal Insertar ÔÇ║ crea nuevo tipo de evento v├ílido

    TestingLibraryElementError: Found multiple elements with the role "button" and name `/agregar/i`

    Here are the matching elements:

    Ignored nodes: comments, script, style
    [36m<button[39m
      [33mclass[39m=[32m"btn btn-primary mb-2 mt-2"[39m
    [36m>[39m
      [36m<svg[39m
        [33maria-hidden[39m=[32m"true"[39m
        [33mclass[39m=[32m"signoMas"[39m
        [33mfill[39m=[32m"currentColor"[39m
        [33mheight[39m=[32m"16"[39m
        [33mviewBox[39m=[32m"0 0 16 16"[39m
        [33mwidth[39m=[32m"16"[39m
        [33mxmlns[39m=[32m"http://www.w3.org/2000/svg"[39m
      [36m>[39m
        [36m<path[39m
          [33md[39m=[32m"M8 0a1 1 0 0 1 1 1v6h6a1 1 0 1 1 0 2H9v6a1 1 0 1 1-2 0V9H1a1 1 0 0 1 0-2h6V1a1 1 0 0 1 
1-1z"[39m
        [36m/>[39m
      [36m</svg>[39m
      [0m Agregar[0m
    [36m</button>[39m

    Ignored nodes: comments, script, style
    [36m<button[39m
      [33mclass[39m=[32m"btn btn-azul"[39m
      [33mtype[39m=[32m"button"[39m
    [36m>[39m
      [36m<svg[39m
        [33maria-hidden[39m=[32m"true"[39m
        [33mfill[39m=[32m"currentColor"[39m
        [33mheight[39m=[32m"16"[39m
        [33mviewBox[39m=[32m"0 0 16 16"[39m
        [33mwidth[39m=[32m"16"[39m
        [33mxmlns[39m=[32m"http://www.w3.org/2000/svg"[39m
      [36m>[39m
        [36m<path[39m
          [33md[39m=[32m"M8 0a1 1 0 0 1 1 1v6h6a1 1 0 1 1 0 2H9v6a1 1 0 1 1-2 0V9H1a1 1 0 0 1 0-2h6V1a1 1 0 0 1 
1-1z"[39m
        [36m/>[39m
      [36m</svg>[39m
      [0mAgregar[0m
    [36m</button>[39m

    (If this is intentional, then use the `*AllBy*` variant of the query (like `queryAllByText`, `getAllByText`, or 
`findAllByText`)).

    Ignored nodes: comments, script, style
    [36m<body[39m
      [33mclass[39m=[32m"modal-open"[39m
      [33mstyle[39m=[32m"overflow: hidden;"[39m
    [36m>[39m
      [36m<div>[39m
        [36m<div[39m
          [33mclass[39m=[32m"container"[39m
        [36m>[39m
          [36m<h1[39m
            [33mclass[39m=[32m"mt-4 mt-md-2 text-center"[39m
          [36m>[39m
            [0mTipos de eventos[0m
          [36m</h1>[39m
          [36m<button[39m
            [33mclass[39m=[32m"btn btn-primary mb-2 mt-2"[39m
          [36m>[39m
            [36m<svg[39m
              [33maria-hidden[39m=[32m"true"[39m
              [33mclass[39m=[32m"signoMas"[39m
              [33mfill[39m=[32m"currentColor"[39m
              [33mheight[39m=[32m"16"[39m
              [33mviewBox[39m=[32m"0 0 16 16"[39m
              [33mwidth[39m=[32m"16"[39m
              [33mxmlns[39m=[32m"http://www.w3.org/2000/svg"[39m
            [36m>[39m
              [36m<path[39m
                [33md[39m=[32m"M8 0a1 1 0 0 1 1 1v6h6a1 1 0 1 1 0 2H9v6a1 1 0 1 1-2 0V9H1a1 1 0 0 1 0-2h6V1a1 1 0 0 
1 1-1z"[39m
              [36m/>[39m
            [36m</svg>[39m
            [0m Agregar[0m
          [36m</button>[39m
          [36m<div[39m
            [33mclass[39m=[32m"row m-md-3 shadow mx-md-auto border-top-sm m-0"[39m
          [36m>[39m
            [36m<table[39m
              [33mclass[39m=[32m"table"[39m
            [36m>[39m
              [36m<thead>[39m
                [36m<tr>[39m
                  [36m<th[39m
                    [33mscope[39m=[32m"col"[39m
                  [36m>[39m
                    [0mC├│digo[0m
                  [36m</th>[39m
                  [36m<th[39m
                    [33mscope[39m=[32m"col"[39m
                  [36m>[39m
                    [0mNombre[0m
                  [36m</th>[39m
                  [36m<th[39m
                    [33mscope[39m=[32m"col"[39m
                  [36m>[39m
                    [0mDesactivar Taller[0m
                  [36m</th>[39m
                  [36m<th[39m
                    [33mscope[39m=[32m"col"[39m
                  [36m>[39m
                    [0mAcci├│n[0m
                  [36m</th>[39m
                [36m</tr>[39m
              [36m</thead>[39m
              [36m<tbody>[39m
                [36m<tr>[39m
                  [36m<td>[39m
                    [0m1[0m
                  [36m</td>[39m
                  [36m<td>[39m
                    [0mConsulta m├®dica[0m
                  [36m</td>[39m
                  [36m<td>[39m
                    [36m<input[39m
                      [33mclass[39m=[32m"form-check-input"[39m
                      [33mdisabled[39m=[32m""[39m
                      [33mtype[39m=[32m"checkbox"[39m
                    [36m/>[39m
                  [36m</td>[39m
                  [36m<td>[39m
                    [36m<button[39m
                      [33mclass[39m=[32m"btn btn-verde me-1"[39m
                      [33mtype[39m=[32m"button"[39m
                    [36m>[39m
                      [36m<svg[39m
                        [33maria-hidden[39m=[32m"true"[39m
                        [33mfill[39m=[32m"currentColor"[39m
                        [33mheight[39m=[32m"16"[39m
                        [33mviewBox[39m=[32m"0 0 16 16"[39m
                        [33mwidth[39m=[32m"16"[39m
                        [33mxmlns[39m=[32m"http://www.w3.org/2000/svg"[39m
                      [36m>[39m
                        [36m<path[39m
                          [33md[39m=[32m"M15.502 1.94a.5.5 0 0 1 0 .706L14.459 3.69l-2-2L13.502.646a.5.5 0 0 1 .707 
0l1.293 1.293zm-1.75 2.456-2-2L4.939 9.21a.5.5 0 0 0-.121.196l-.805 2.414a.25.25 0 0 0 .316.316l2.414-.805a.5.5 0 0 0 
.196-.12l6.813-6.814z"[39m
                        [36m/>[39m
                        [36m<path[39m
                          [33md[39m=[32m"M1 13.5A1.5 1.5 0 0 0 2.5 15h11a1.5 1.5 0 0 0 1.5-1.5v-6a.5.5 0 0 0-1 
0v6a.5.5 0 0 1-.5.5h-11a.5.5 0 0 1-.5-.5v-11a.5.5 0 0 1 .5-.5H9a.5.5 0 0 0 0-1H2.5A1.5 1.5 0 0 0 1 2.5v11z"[39m
                          [33mfill-rule[39m=[32m"evenodd"[39m
                        [36m/>[39m
                      [36m</svg>[39m
                    [36m</button>[39m
                    [36m<button[39m
                      [33mclass[39m=[32m"btn btn-rojo"[39m
                      [33mtype[39m=[32m"button"[39m
                    [36m>[39m
                      [0mEliminar[0m
                    [36m</button>[39m
                  [36m</td>[39m
                [36m</tr>[39m
              [36m</tbody>[39m
              [36m<tbody>[39m
                [36m<tr>[39m
                  [36m<td>[39m
                    [0m2[0m
                  [36m</td>[39m
                  [36m<td>[39m
                    [0mTaller grupal[0m
                  [36m</td>[39m
                  [36m<td>[39m
                    [36m<input[39m
                      [33mchecked[39m=[32m""[39m
                      [33mclass[39m=[32m"form-check-input"[39m
                      [33mdisabled[39m=[32m""[39m
                      [33mtype[39m=[32m"checkbox"[39m
                    [36m/>[39m
                  [36m</td>[39m
                  [36m<td>[39m
                    [36m<button[39m
                      [33mclass[39m=[32m"btn btn-verde me-1"[39m
                      [33mtype[39m=[32m"button"[39m
                    [36m>[39m
                      [36m<svg[39m
                        [33maria-hidden[39m=[32m"true"[39m
                        [33mfill[39m=[32m"currentColor"[39m
                        [33mheight[39m=[32m"16"[39m
                        [33mviewBox[39m=[32m"0 0 16 16"[39m
                        [33mwidth[39m=[32m"16"[39m
                        [33mxmlns[39m=[32m"http://www.w3.org/2000/svg"[39m
                      [36m>[39m
                        [36m<path[39m
                          [33md[39m=[32m"M15.502 1.94a.5.5 0 0 1 0 .706L14.459 3.69l-2-2L13.502.646a.5.5 0 0 1 .707 
0l1.293 1.293zm-1.75 2.456-2-2L4.939 9.21a.5.5 0 0 0-.121.196l-.805 2.414a.25.25 0 0 0 .316.316l2.414-.805a.5.5 0 0 0 
.196-.12l6.813-6.814z"[39m
                        [36m/>[39m
                        [36m<path[39m
                          [33md[39m=[32m"M1 13.5A1.5 1.5 0 0 0 2.5 15h11a1.5 1.5 0 0 0 1.5-1.5v-6a.5.5 0 0 0-1 
0v6a.5.5 0 0 1-.5.5h-11a.5.5 0 0 1-.5-.5v-11a.5.5 0 0 1 .5-.5H9a.5.5 0 0 0 0-1H2.5A1.5 1.5 0 0 0 1 2.5v11z"[39m
                          [33mfill-rule[39m=[32m"evenodd"[39m
                        [36m/>[39m
                      [36m</svg>[39m
                    [36m</button>[39m
                    [36m<button[39m
                      [33mclass[39m=[32m"btn btn-rojo"[39m
                      [33mtype[39m=[32m"button"[39m
                    [36m>[39m
                      [0mEliminar[0m
                    [36m</button>[39m
                  [36m</td>[39m
                [36m</tr>[39m
              [36m</tbody>[39m
            [36m</table>[39m
          [36m</div>[39m
        [36m</div>[39m
      [36m</div>[39m
      [36m<div[39m
        [33mstyle[39m=[32m"position: relative; z-index: 1050; display: block;"[39m
        [33mtabindex[39m=[32m"-1"[39m
      [36m>[39m
        [36m<div[39m
          [33mclass[39m=[32m""[39m
        [36m>[39m
          [36m<div[39m
            [33maria-modal[39m=[32m"true"[39m
            [33mclass[39m=[32m"modal fade"[39m
            [33mrole[39m=[32m"dialog"[39m
            [33mstyle[39m=[32m"display: block;"[39m
            [33mtabindex[39m=[32m"-1"[39m
          [36m>[39m
            [36m<div[39m
              [33mclass[39m=[32m"modal-dialog"[39m
              [33mrole[39m=[32m"document"[39m
            [36m>[39m
              [36m<div[39m
                [33mclass[39m=[32m"modal-content"[39m
              [36m>[39m
                [36m<div[39m
                  [33mclass[39m=[32m"modal-header"[39m
                [36m>[39m
                  [36m<h5[39m
                    [33mclass[39m=[32m"modal-title"[39m
                  [36m>[39m
                    [36m<div>[39m
                      [36m<h2>[39m
                        [0mIngresar nuevo tipo de evento[0m
                      [36m</h2>[39m
                    [36m</div>[39m
                  [36m</h5>[39m
                [36m</div>[39m
                [36m<div[39m
                  [33mclass[39m=[32m"modal-body"[39m
                [36m>[39m
                  [36m<div[39m
                    [33mclass[39m=[32m"mb-3"[39m
                  [36m>[39m
                    [36m<label[39m
                      [33mclass[39m=[32m"control-label"[39m
                      [33mfor[39m=[32m"nombre"[39m
                    [36m>[39m
                      [0mNombre de tipo de evento:[0m
                    [36m</label>[39m
                    [36m<input[39m
                      [33mclass[39m=[32m"form-control"[39m
                      [33mid[39m=[32m"nombre"[39m
                      [33mname[39m=[32m"nombre"[39m
                      [33mtype[39m=[32m"text"[39m
                    [36m/>[39m
                  [36m</div>[39m
                  [36m<div[39m
                    [33mclass[39m=[32m"mb-3"[39m
                  [36m>[39m
                    [36m<label[39m
                      [33mclass[39m=[32m"control-label"[39m
                      [33mfor[39m=[32m"desactivataller"[39m
                    [36m>[39m
                      [0mDesactivar taller:[0m
                    [36m</label>[39m
                    [36m<input[39m
                      [33mclass[39m=[32m"form-check-input"[39m
                      [33mid[39m=[32m"desactivataller"[39m
                      [33mname[39m=[32m"desactivataller"[39m
                      [33mtype[39m=[32m"checkbox"[39m
                    [36m/>[39m
                  [36m</div>[39m
                [36m</div>[39m
                [36m<div[39m
                  [33mclass[39m=[32m"modal-footer"[39m
                [36m>[39m
                  [36m<button[39m
                    [33mclass[39m=[32m"btn btn-rojo"[39m
                    [33mdata-bs-dismiss[39m=[32m"modal"[39m
                    [33mtype[39m=[32m"button"[39m
                  [36m>[39m
                    [0mCancelar[0m
                  [36m</button>[39m
                  [36m<button[39m
                    [33mclass[39m=[32m"btn btn-azul"[39m
                    [33mtype[39m=[32m"button"[39m
                  [36m>[39m
                    [36m<svg[39m
                      [33maria-hidden[39m=[32m"true"[39m
                      [33mfill[39m=[32m"currentColor"[39m
                      [33mheight[39m=[32m"16"[39m
                      [33mviewBox[39m=[32m"0 0 16 16"[39m
                      [33mwidth[39m=[32m"16"[39m
                      [33mxmlns[39m=[32m"http://www.w3.org/2000/svg"[39m
                    [36m>[39m
                      [36m<path[39m
                        [33md[39m=[32m"M8 0a1 1 0 0 1 1 1v6h6a1 1 0 1 1 0 2H9v6a1 1 0 1 1-2 0V9H1a1 1 0 0 1 
0-2h6V1a1 1 0 0 1 1-1z"[39m
                      [36m/>[39m
                    [36m</svg>[39m
                    [0mAgregar[0m
                  [36m</button>[39m
                [36m</div>[39m
              [36m</div>[39m
            [36m</div>[39m
          [36m</div>[39m
          [36m<div[39m
            [33mclass[39m=[32m"modal-backdrop fade"[39m
          [36m/>[39m
        [36m</div>[39m
      [36m</div>[39m
    [36m</body>[39m

    [0m [90m 111 |[39m
     [90m 112 |[39m       [36mawait[39m act([36masync[39m () [33m=>[39m {
    [31m[1m>[22m[39m[90m 113 |[39m         
fireEvent[33m.[39mclick(screen[33m.[39mgetByRole([32m'button'[39m[33m,[39m { name[33m:[39m 
[35m/agregar/i[39m }))[33m;[39m
     [90m     |[39m                                [31m[1m^[22m[39m
     [90m 114 |[39m       })[33m;[39m
     [90m 115 |[39m
     [90m 116 |[39m       expect(eventRespository[33m.[39mcreateTypeEvent)[33m.[39mtoHaveBeenCalledWith({[0m

      at Object.getElementError (node_modules/@testing-library/dom/dist/config.js:37:19)
      at getElementError (node_modules/@testing-library/dom/dist/query-helpers.js:20:35)
      at getMultipleElementsFoundError (node_modules/@testing-library/dom/dist/query-helpers.js:23:10)
      at node_modules/@testing-library/dom/dist/query-helpers.js:55:13
      at getByRole (node_modules/@testing-library/dom/dist/query-helpers.js:95:19)
      at src/__tests__/tipos-de-eventos.component.test.jsx:113:32
      at node_modules/@testing-library/react/dist/act-compat.js:48:24
      at act (node_modules/react/cjs/react.development.js:2512:16)
      at node_modules/@testing-library/react/dist/act-compat.js:47:25
      at Object.<anonymous> (src/__tests__/tipos-de-eventos.component.test.jsx:112:16)

  ÔùÅ TypeEvents ÔÇö Unit Tests ÔÇ║ Interacciones Principales ÔÇö Modal Insertar ÔÇ║ cierra modal insertar al click 
"Cancelar"

    expect(element).not.toBeInTheDocument()

    expected document not to contain element, found <h2>Ingresar nuevo tipo de evento</h2> instead

    [0m [90m 140 |[39m       })[33m;[39m
     [90m 141 |[39m
    [31m[1m>[22m[39m[90m 142 |[39m       expect(screen[33m.[39mqueryByText([32m'Ingresar nuevo tipo de 
evento'[39m))[33m.[39mnot[33m.[39mtoBeInTheDocument()[33m;[39m
     [90m     |[39m                                                                       [31m[1m^[22m[39m
     [90m 143 |[39m     })[33m;[39m
     [90m 144 |[39m   })[33m;[39m
     [90m 145 |[39m[0m

      at Object.<anonymous> (src/__tests__/tipos-de-eventos.component.test.jsx:142:71)

  ÔùÅ TypeEvents ÔÇö Unit Tests ÔÇ║ Interacciones Principales ÔÇö Modal Editar ÔÇ║ abre modal editar con datos 
precargados

    TestingLibraryElementError: Unable to find an accessible element with the role "button" and name `/editar/i`

    Here are the accessible roles:

      heading:

      Name "Tipos de eventos":
      [36m<h1[39m
        [33mclass[39m=[32m"mt-4 mt-md-2 text-center"[39m
      [36m/>[39m

      --------------------------------------------------
      button:

      Name "Agregar":
      [36m<button[39m
        [33mclass[39m=[32m"btn btn-primary mb-2 mt-2"[39m
      [36m/>[39m

      Name "":
      [36m<button[39m
        [33mclass[39m=[32m"btn btn-verde me-1"[39m
        [33mtype[39m=[32m"button"[39m
      [36m/>[39m

      Name "Eliminar":
      [36m<button[39m
        [33mclass[39m=[32m"btn btn-rojo"[39m
        [33mtype[39m=[32m"button"[39m
      [36m/>[39m

      Name "":
      [36m<button[39m
        [33mclass[39m=[32m"btn btn-verde me-1"[39m
        [33mtype[39m=[32m"button"[39m
      [36m/>[39m

      Name "Eliminar":
      [36m<button[39m
        [33mclass[39m=[32m"btn btn-rojo"[39m
        [33mtype[39m=[32m"button"[39m
      [36m/>[39m

      --------------------------------------------------
      table:

      Name "":
      [36m<table[39m
        [33mclass[39m=[32m"table"[39m
      [36m/>[39m

      --------------------------------------------------
      rowgroup:

      Name "":
      [36m<thead />[39m

      Name "":
      [36m<tbody />[39m

      Name "":
      [36m<tbody />[39m

      --------------------------------------------------
      row:

      Name "C├│digo Nombre Desactivar Taller Acci├│n":
      [36m<tr />[39m

      Name "1 Consulta m├®dica Eliminar":
      [36m<tr />[39m

      Name "2 Taller grupal Eliminar":
      [36m<tr />[39m

      --------------------------------------------------
      columnheader:

      Name "C├│digo":
      [36m<th[39m
        [33mscope[39m=[32m"col"[39m
      [36m/>[39m

      Name "Nombre":
      [36m<th[39m
        [33mscope[39m=[32m"col"[39m
      [36m/>[39m

      Name "Desactivar Taller":
      [36m<th[39m
        [33mscope[39m=[32m"col"[39m
      [36m/>[39m

      Name "Acci├│n":
      [36m<th[39m
        [33mscope[39m=[32m"col"[39m
      [36m/>[39m

      --------------------------------------------------
      cell:

      Name "1":
      [36m<td />[39m

      Name "Consulta m├®dica":
      [36m<td />[39m

      Name "":
      [36m<td />[39m

      Name "Eliminar":
      [36m<td />[39m

      Name "2":
      [36m<td />[39m

      Name "Taller grupal":
      [36m<td />[39m

      Name "":
      [36m<td />[39m

      Name "Eliminar":
      [36m<td />[39m

      --------------------------------------------------
      checkbox:

      Name "":
      [36m<input[39m
        [33mclass[39m=[32m"form-check-input"[39m
        [33mdisabled[39m=[32m""[39m
        [33mtype[39m=[32m"checkbox"[39m
      [36m/>[39m

      Name "":
      [36m<input[39m
        [33mchecked[39m=[32m""[39m
        [33mclass[39m=[32m"form-check-input"[39m
        [33mdisabled[39m=[32m""[39m
        [33mtype[39m=[32m"checkbox"[39m
      [36m/>[39m

      --------------------------------------------------

    Ignored nodes: comments, script, style
    [36m<body[39m
      [33mclass[39m=[32m""[39m
      [33mstyle[39m=[32m""[39m
    [36m>[39m
      [36m<div>[39m
        [36m<div[39m
          [33mclass[39m=[32m"container"[39m
        [36m>[39m
          [36m<h1[39m
            [33mclass[39m=[32m"mt-4 mt-md-2 text-center"[39m
          [36m>[39m
            [0mTipos de eventos[0m
          [36m</h1>[39m
          [36m<button[39m
            [33mclass[39m=[32m"btn btn-primary mb-2 mt-2"[39m
          [36m>[39m
            [36m<svg[39m
              [33maria-hidden[39m=[32m"true"[39m
              [33mclass[39m=[32m"signoMas"[39m
              [33mfill[39m=[32m"currentColor"[39m
              [33mheight[39m=[32m"16"[39m
              [33mviewBox[39m=[32m"0 0 16 16"[39m
              [33mwidth[39m=[32m"16"[39m
              [33mxmlns[39m=[32m"http://www.w3.org/2000/svg"[39m
            [36m>[39m
              [36m<path[39m
                [33md[39m=[32m"M8 0a1 1 0 0 1 1 1v6h6a1 1 0 1 1 0 2H9v6a1 1 0 1 1-2 0V9H1a1 1 0 0 1 0-2h6V1a1 1 0 0 
1 1-1z"[39m
              [36m/>[39m
            [36m</svg>[39m
            [0m Agregar[0m
          [36m</button>[39m
          [36m<div[39m
            [33mclass[39m=[32m"row m-md-3 shadow mx-md-auto border-top-sm m-0"[39m
          [36m>[39m
            [36m<table[39m
              [33mclass[39m=[32m"table"[39m
            [36m>[39m
              [36m<thead>[39m
                [36m<tr>[39m
                  [36m<th[39m
                    [33mscope[39m=[32m"col"[39m
                  [36m>[39m
                    [0mC├│digo[0m
                  [36m</th>[39m
                  [36m<th[39m
                    [33mscope[39m=[32m"col"[39m
                  [36m>[39m
                    [0mNombre[0m
                  [36m</th>[39m
                  [36m<th[39m
                    [33mscope[39m=[32m"col"[39m
                  [36m>[39m
                    [0mDesactivar Taller[0m
                  [36m</th>[39m
                  [36m<th[39m
                    [33mscope[39m=[32m"col"[39m
                  [36m>[39m
                    [0mAcci├│n[0m
                  [36m</th>[39m
                [36m</tr>[39m
              [36m</thead>[39m
              [36m<tbody>[39m
                [36m<tr>[39m
                  [36m<td>[39m
                    [0m1[0m
                  [36m</td>[39m
                  [36m<td>[39m
                    [0mConsulta m├®dica[0m
                  [36m</td>[39m
                  [36m<td>[39m
                    [36m<input[39m
                      [33mclass[39m=[32m"form-check-input"[39m
                      [33mdisabled[39m=[32m""[39m
                      [33mtype[39m=[32m"checkbox"[39m
                    [36m/>[39m
                  [36m</td>[39m
                  [36m<td>[39m
                    [36m<button[39m
                      [33mclass[39m=[32m"btn btn-verde me-1"[39m
                      [33mtype[39m=[32m"button"[39m
                    [36m>[39m
                      [36m<svg[39m
                        [33maria-hidden[39m=[32m"true"[39m
                        [33mfill[39m=[32m"currentColor"[39m
                        [33mheight[39m=[32m"16"[39m
                        [33mviewBox[39m=[32m"0 0 16 16"[39m
                        [33mwidth[39m=[32m"16"[39m
                        [33mxmlns[39m=[32m"http://www.w3.org/2000/svg"[39m
                      [36m>[39m
                        [36m<path[39m
                          [33md[39m=[32m"M15.502 1.94a.5.5 0 0 1 0 .706L14.459 3.69l-2-2L13.502.646a.5.5 0 0 1 .707 
0l1.293 1.293zm-1.75 2.456-2-2L4.939 9.21a.5.5 0 0 0-.121.196l-.805 2.414a.25.25 0 0 0 .316.316l2.414-.805a.5.5 0 0 0 
.196-.12l6.813-6.814z"[39m
                        [36m/>[39m
                        [36m<path[39m
                          [33md[39m=[32m"M1 13.5A1.5 1.5 0 0 0 2.5 15h11a1.5 1.5 0 0 0 1.5-1.5v-6a.5.5 0 0 0-1 
0v6a.5.5 0 0 1-.5.5h-11a.5.5 0 0 1-.5-.5v-11a.5.5 0 0 1 .5-.5H9a.5.5 0 0 0 0-1H2.5A1.5 1.5 0 0 0 1 2.5v11z"[39m
                          [33mfill-rule[39m=[32m"evenodd"[39m
                        [36m/>[39m
                      [36m</svg>[39m
                    [36m</button>[39m
                    [36m<button[39m
                      [33mclass[39m=[32m"btn btn-rojo"[39m
                      [33mtype[39m=[32m"button"[39m
                    [36m>[39m
                      [0mEliminar[0m
                    [36m</button>[39m
                  [36m</td>[39m
                [36m</tr>[39m
              [36m</tbody>[39m
              [36m<tbody>[39m
                [36m<tr>[39m
                  [36m<td>[39m
                    [0m2[0m
                  [36m</td>[39m
                  [36m<td>[39m
                    [0mTaller grupal[0m
                  [36m</td>[39m
                  [36m<td>[39m
                    [36m<input[39m
                      [33mchecked[39m=[32m""[39m
                      [33mclass[39m=[32m"form-check-input"[39m
                      [33mdisabled[39m=[32m""[39m
                      [33mtype[39m=[32m"checkbox"[39m
                    [36m/>[39m
                  [36m</td>[39m
                  [36m<td>[39m
                    [36m<button[39m
                      [33mclass[39m=[32m"btn btn-verde me-1"[39m
                      [33mtype[39m=[32m"button"[39m
                    [36m>[39m
                      [36m<svg[39m
                        [33maria-hidden[39m=[32m"true"[39m
                        [33mfill[39m=[32m"currentColor"[39m
                        [33mheight[39m=[32m"16"[39m
                        [33mviewBox[39m=[32m"0 0 16 16"[39m
                        [33mwidth[39m=[32m"16"[39m
                        [33mxmlns[39m=[32m"http://www.w3.org/2000/svg"[39m
                      [36m>[39m
                        [36m<path[39m
                          [33md[39m=[32m"M15.502 1.94a.5.5 0 0 1 0 .706L14.459 3.69l-2-2L13.502.646a.5.5 0 0 1 .707 
0l1.293 1.293zm-1.75 2.456-2-2L4.939 9.21a.5.5 0 0 0-.121.196l-.805 2.414a.25.25 0 0 0 .316.316l2.414-.805a.5.5 0 0 0 
.196-.12l6.813-6.814z"[39m
                        [36m/>[39m
                        [36m<path[39m
                          [33md[39m=[32m"M1 13.5A1.5 1.5 0 0 0 2.5 15h11a1.5 1.5 0 0 0 1.5-1.5v-6a.5.5 0 0 0-1 
0v6a.5.5 0 0 1-.5.5h-11a.5.5 0 0 1-.5-.5v-11a.5.5 0 0 1 .5-.5H9a.5.5 0 0 0 0-1H2.5A1.5 1.5 0 0 0 1 2.5v11z"[39m
                          [33mfill-rule[39m=[32m"evenodd"[39m
                        [36m/>[39m
                      [36m</svg>[39m
                    [36m</button>[39m
                    [36m<button[39m
                      [33mclass[39m=[32m"btn btn-rojo"[39m
                      [33mtype[39m=[32m"button"[39m
                    [36m>[39m
                      [0mEliminar[0m
                    [36m</button>[39m
                  [36m</td>[39m
                [36m</tr>[39m
              [36m</tbody>[39m
            [36m</table>[39m
          [36m</div>[39m
        [36m</div>[39m
      [36m</div>[39m
    [36m</body>[39m

    [0m [90m 151 |[39m       })[33m;[39m
     [90m 152 |[39m
    [31m[1m>[22m[39m[90m 153 |[39m       [36mconst[39m editButtons [33m=[39m 
screen[33m.[39mgetAllByRole([32m'button'[39m[33m,[39m { name[33m:[39m [35m/editar/i[39m })[33m;[39m
     [90m     |[39m                                  [31m[1m^[22m[39m
     [90m 154 |[39m       [36mawait[39m act([36masync[39m () [33m=>[39m {
     [90m 155 |[39m         fireEvent[33m.[39mclick(editButtons[[35m0[39m])[33m;[39m
     [90m 156 |[39m       })[33m;[39m[0m

      at Object.getElementError (node_modules/@testing-library/dom/dist/config.js:37:19)
      at node_modules/@testing-library/dom/dist/query-helpers.js:76:38
      at getAllByRole (node_modules/@testing-library/dom/dist/query-helpers.js:109:15)
      at Object.<anonymous> (src/__tests__/tipos-de-eventos.component.test.jsx:153:34)

  ÔùÅ TypeEvents ÔÇö Unit Tests ÔÇ║ Interacciones Principales ÔÇö Modal Editar ÔÇ║ actualiza tipo de evento

    TestingLibraryElementError: Unable to find an accessible element with the role "button" and name `/editar/i`

    Here are the accessible roles:

      heading:

      Name "Tipos de eventos":
      [36m<h1[39m
        [33mclass[39m=[32m"mt-4 mt-md-2 text-center"[39m
      [36m/>[39m

      --------------------------------------------------
      button:

      Name "Agregar":
      [36m<button[39m
        [33mclass[39m=[32m"btn btn-primary mb-2 mt-2"[39m
      [36m/>[39m

      Name "":
      [36m<button[39m
        [33mclass[39m=[32m"btn btn-verde me-1"[39m
        [33mtype[39m=[32m"button"[39m
      [36m/>[39m

      Name "Eliminar":
      [36m<button[39m
        [33mclass[39m=[32m"btn btn-rojo"[39m
        [33mtype[39m=[32m"button"[39m
      [36m/>[39m

      Name "":
      [36m<button[39m
        [33mclass[39m=[32m"btn btn-verde me-1"[39m
        [33mtype[39m=[32m"button"[39m
      [36m/>[39m

      Name "Eliminar":
      [36m<button[39m
        [33mclass[39m=[32m"btn btn-rojo"[39m
        [33mtype[39m=[32m"button"[39m
      [36m/>[39m

      --------------------------------------------------
      table:

      Name "":
      [36m<table[39m
        [33mclass[39m=[32m"table"[39m
      [36m/>[39m

      --------------------------------------------------
      rowgroup:

      Name "":
      [36m<thead />[39m

      Name "":
      [36m<tbody />[39m

      Name "":
      [36m<tbody />[39m

      --------------------------------------------------
      row:

      Name "C├│digo Nombre Desactivar Taller Acci├│n":
      [36m<tr />[39m

      Name "1 Consulta m├®dica Eliminar":
      [36m<tr />[39m

      Name "2 Taller grupal Eliminar":
      [36m<tr />[39m

      --------------------------------------------------
      columnheader:

      Name "C├│digo":
      [36m<th[39m
        [33mscope[39m=[32m"col"[39m
      [36m/>[39m

      Name "Nombre":
      [36m<th[39m
        [33mscope[39m=[32m"col"[39m
      [36m/>[39m

      Name "Desactivar Taller":
      [36m<th[39m
        [33mscope[39m=[32m"col"[39m
      [36m/>[39m

      Name "Acci├│n":
      [36m<th[39m
        [33mscope[39m=[32m"col"[39m
      [36m/>[39m

      --------------------------------------------------
      cell:

      Name "1":
      [36m<td />[39m

      Name "Consulta m├®dica":
      [36m<td />[39m

      Name "":
      [36m<td />[39m

      Name "Eliminar":
      [36m<td />[39m

      Name "2":
      [36m<td />[39m

      Name "Taller grupal":
      [36m<td />[39m

      Name "":
      [36m<td />[39m

      Name "Eliminar":
      [36m<td />[39m

      --------------------------------------------------
      checkbox:

      Name "":
      [36m<input[39m
        [33mclass[39m=[32m"form-check-input"[39m
        [33mdisabled[39m=[32m""[39m
        [33mtype[39m=[32m"checkbox"[39m
      [36m/>[39m

      Name "":
      [36m<input[39m
        [33mchecked[39m=[32m""[39m
        [33mclass[39m=[32m"form-check-input"[39m
        [33mdisabled[39m=[32m""[39m
        [33mtype[39m=[32m"checkbox"[39m
      [36m/>[39m

      --------------------------------------------------

    Ignored nodes: comments, script, style
    [36m<body[39m
      [33mclass[39m=[32m""[39m
      [33mstyle[39m=[32m""[39m
    [36m>[39m
      [36m<div>[39m
        [36m<div[39m
          [33mclass[39m=[32m"container"[39m
        [36m>[39m
          [36m<h1[39m
            [33mclass[39m=[32m"mt-4 mt-md-2 text-center"[39m
          [36m>[39m
            [0mTipos de eventos[0m
          [36m</h1>[39m
          [36m<button[39m
            [33mclass[39m=[32m"btn btn-primary mb-2 mt-2"[39m
          [36m>[39m
            [36m<svg[39m
              [33maria-hidden[39m=[32m"true"[39m
              [33mclass[39m=[32m"signoMas"[39m
              [33mfill[39m=[32m"currentColor"[39m
              [33mheight[39m=[32m"16"[39m
              [33mviewBox[39m=[32m"0 0 16 16"[39m
              [33mwidth[39m=[32m"16"[39m
              [33mxmlns[39m=[32m"http://www.w3.org/2000/svg"[39m
            [36m>[39m
              [36m<path[39m
                [33md[39m=[32m"M8 0a1 1 0 0 1 1 1v6h6a1 1 0 1 1 0 2H9v6a1 1 0 1 1-2 0V9H1a1 1 0 0 1 0-2h6V1a1 1 0 0 
1 1-1z"[39m
              [36m/>[39m
            [36m</svg>[39m
            [0m Agregar[0m
          [36m</button>[39m
          [36m<div[39m
            [33mclass[39m=[32m"row m-md-3 shadow mx-md-auto border-top-sm m-0"[39m
          [36m>[39m
            [36m<table[39m
              [33mclass[39m=[32m"table"[39m
            [36m>[39m
              [36m<thead>[39m
                [36m<tr>[39m
                  [36m<th[39m
                    [33mscope[39m=[32m"col"[39m
                  [36m>[39m
                    [0mC├│digo[0m
                  [36m</th>[39m
                  [36m<th[39m
                    [33mscope[39m=[32m"col"[39m
                  [36m>[39m
                    [0mNombre[0m
                  [36m</th>[39m
                  [36m<th[39m
                    [33mscope[39m=[32m"col"[39m
                  [36m>[39m
                    [0mDesactivar Taller[0m
                  [36m</th>[39m
                  [36m<th[39m
                    [33mscope[39m=[32m"col"[39m
                  [36m>[39m
                    [0mAcci├│n[0m
                  [36m</th>[39m
                [36m</tr>[39m
              [36m</thead>[39m
              [36m<tbody>[39m
                [36m<tr>[39m
                  [36m<td>[39m
                    [0m1[0m
                  [36m</td>[39m
                  [36m<td>[39m
                    [0mConsulta m├®dica[0m
                  [36m</td>[39m
                  [36m<td>[39m
                    [36m<input[39m
                      [33mclass[39m=[32m"form-check-input"[39m
                      [33mdisabled[39m=[32m""[39m
                      [33mtype[39m=[32m"checkbox"[39m
                    [36m/>[39m
                  [36m</td>[39m
                  [36m<td>[39m
                    [36m<button[39m
                      [33mclass[39m=[32m"btn btn-verde me-1"[39m
                      [33mtype[39m=[32m"button"[39m
                    [36m>[39m
                      [36m<svg[39m
                        [33maria-hidden[39m=[32m"true"[39m
                        [33mfill[39m=[32m"currentColor"[39m
                        [33mheight[39m=[32m"16"[39m
                        [33mviewBox[39m=[32m"0 0 16 16"[39m
                        [33mwidth[39m=[32m"16"[39m
                        [33mxmlns[39m=[32m"http://www.w3.org/2000/svg"[39m
                      [36m>[39m
                        [36m<path[39m
                          [33md[39m=[32m"M15.502 1.94a.5.5 0 0 1 0 .706L14.459 3.69l-2-2L13.502.646a.5.5 0 0 1 .707 
0l1.293 1.293zm-1.75 2.456-2-2L4.939 9.21a.5.5 0 0 0-.121.196l-.805 2.414a.25.25 0 0 0 .316.316l2.414-.805a.5.5 0 0 0 
.196-.12l6.813-6.814z"[39m
                        [36m/>[39m
                        [36m<path[39m
                          [33md[39m=[32m"M1 13.5A1.5 1.5 0 0 0 2.5 15h11a1.5 1.5 0 0 0 1.5-1.5v-6a.5.5 0 0 0-1 
0v6a.5.5 0 0 1-.5.5h-11a.5.5 0 0 1-.5-.5v-11a.5.5 0 0 1 .5-.5H9a.5.5 0 0 0 0-1H2.5A1.5 1.5 0 0 0 1 2.5v11z"[39m
                          [33mfill-rule[39m=[32m"evenodd"[39m
                        [36m/>[39m
                      [36m</svg>[39m
                    [36m</button>[39m
                    [36m<button[39m
                      [33mclass[39m=[32m"btn btn-rojo"[39m
                      [33mtype[39m=[32m"button"[39m
                    [36m>[39m
                      [0mEliminar[0m
                    [36m</button>[39m
                  [36m</td>[39m
                [36m</tr>[39m
              [36m</tbody>[39m
              [36m<tbody>[39m
                [36m<tr>[39m
                  [36m<td>[39m
                    [0m2[0m
                  [36m</td>[39m
                  [36m<td>[39m
                    [0mTaller grupal[0m
                  [36m</td>[39m
                  [36m<td>[39m
                    [36m<input[39m
                      [33mchecked[39m=[32m""[39m
                      [33mclass[39m=[32m"form-check-input"[39m
                      [33mdisabled[39m=[32m""[39m
                      [33mtype[39m=[32m"checkbox"[39m
                    [36m/>[39m
                  [36m</td>[39m
                  [36m<td>[39m
                    [36m<button[39m
                      [33mclass[39m=[32m"btn btn-verde me-1"[39m
                      [33mtype[39m=[32m"button"[39m
                    [36m>[39m
                      [36m<svg[39m
                        [33maria-hidden[39m=[32m"true"[39m
                        [33mfill[39m=[32m"currentColor"[39m
                        [33mheight[39m=[32m"16"[39m
                        [33mviewBox[39m=[32m"0 0 16 16"[39m
                        [33mwidth[39m=[32m"16"[39m
                        [33mxmlns[39m=[32m"http://www.w3.org/2000/svg"[39m
                      [36m>[39m
                        [36m<path[39m
                          [33md[39m=[32m"M15.502 1.94a.5.5 0 0 1 0 .706L14.459 3.69l-2-2L13.502.646a.5.5 0 0 1 .707 
0l1.293 1.293zm-1.75 2.456-2-2L4.939 9.21a.5.5 0 0 0-.121.196l-.805 2.414a.25.25 0 0 0 .316.316l2.414-.805a.5.5 0 0 0 
.196-.12l6.813-6.814z"[39m
                        [36m/>[39m
                        [36m<path[39m
                          [33md[39m=[32m"M1 13.5A1.5 1.5 0 0 0 2.5 15h11a1.5 1.5 0 0 0 1.5-1.5v-6a.5.5 0 0 0-1 
0v6a.5.5 0 0 1-.5.5h-11a.5.5 0 0 1-.5-.5v-11a.5.5 0 0 1 .5-.5H9a.5.5 0 0 0 0-1H2.5A1.5 1.5 0 0 0 1 2.5v11z"[39m
                          [33mfill-rule[39m=[32m"evenodd"[39m
                        [36m/>[39m
                      [36m</svg>[39m
                    [36m</button>[39m
                    [36m<button[39m
                      [33mclass[39m=[32m"btn btn-rojo"[39m
                      [33mtype[39m=[32m"button"[39m
                    [36m>[39m
                      [0mEliminar[0m
                    [36m</button>[39m
                  [36m</td>[39m
                [36m</tr>[39m
              [36m</tbody>[39m
            [36m</table>[39m
          [36m</div>[39m
        [36m</div>[39m
      [36m</div>[39m
    [36m</body>[39m

    [0m [90m 170 |[39m       })[33m;[39m
     [90m 171 |[39m
    [31m[1m>[22m[39m[90m 172 |[39m       [36mconst[39m editButtons [33m=[39m 
screen[33m.[39mgetAllByRole([32m'button'[39m[33m,[39m { name[33m:[39m [35m/editar/i[39m })[33m;[39m
     [90m     |[39m                                  [31m[1m^[22m[39m
     [90m 173 |[39m       [36mawait[39m act([36masync[39m () [33m=>[39m {
     [90m 174 |[39m         fireEvent[33m.[39mclick(editButtons[[35m0[39m])[33m;[39m
     [90m 175 |[39m       })[33m;[39m[0m

      at Object.getElementError (node_modules/@testing-library/dom/dist/config.js:37:19)
      at node_modules/@testing-library/dom/dist/query-helpers.js:76:38
      at getAllByRole (node_modules/@testing-library/dom/dist/query-helpers.js:109:15)
      at Object.<anonymous> (src/__tests__/tipos-de-eventos.component.test.jsx:172:34)

  ÔùÅ TypeEvents ÔÇö Unit Tests ÔÇ║ Interacciones Principales ÔÇö Modal Editar ÔÇ║ cierra modal editar al click 
"Cancelar"

    TestingLibraryElementError: Unable to find an accessible element with the role "button" and name `/editar/i`

    Here are the accessible roles:

      heading:

      Name "Tipos de eventos":
      [36m<h1[39m
        [33mclass[39m=[32m"mt-4 mt-md-2 text-center"[39m
      [36m/>[39m

      --------------------------------------------------
      button:

      Name "Agregar":
      [36m<button[39m
        [33mclass[39m=[32m"btn btn-primary mb-2 mt-2"[39m
      [36m/>[39m

      Name "":
      [36m<button[39m
        [33mclass[39m=[32m"btn btn-verde me-1"[39m
        [33mtype[39m=[32m"button"[39m
      [36m/>[39m

      Name "Eliminar":
      [36m<button[39m
        [33mclass[39m=[32m"btn btn-rojo"[39m
        [33mtype[39m=[32m"button"[39m
      [36m/>[39m

      Name "":
      [36m<button[39m
        [33mclass[39m=[32m"btn btn-verde me-1"[39m
        [33mtype[39m=[32m"button"[39m
      [36m/>[39m

      Name "Eliminar":
      [36m<button[39m
        [33mclass[39m=[32m"btn btn-rojo"[39m
        [33mtype[39m=[32m"button"[39m
      [36m/>[39m

      --------------------------------------------------
      table:

      Name "":
      [36m<table[39m
        [33mclass[39m=[32m"table"[39m
      [36m/>[39m

      --------------------------------------------------
      rowgroup:

      Name "":
      [36m<thead />[39m

      Name "":
      [36m<tbody />[39m

      Name "":
      [36m<tbody />[39m

      --------------------------------------------------
      row:

      Name "C├│digo Nombre Desactivar Taller Acci├│n":
      [36m<tr />[39m

      Name "1 Consulta m├®dica Eliminar":
      [36m<tr />[39m

      Name "2 Taller grupal Eliminar":
      [36m<tr />[39m

      --------------------------------------------------
      columnheader:

      Name "C├│digo":
      [36m<th[39m
        [33mscope[39m=[32m"col"[39m
      [36m/>[39m

      Name "Nombre":
      [36m<th[39m
        [33mscope[39m=[32m"col"[39m
      [36m/>[39m

      Name "Desactivar Taller":
      [36m<th[39m
        [33mscope[39m=[32m"col"[39m
      [36m/>[39m

      Name "Acci├│n":
      [36m<th[39m
        [33mscope[39m=[32m"col"[39m
      [36m/>[39m

      --------------------------------------------------
      cell:

      Name "1":
      [36m<td />[39m

      Name "Consulta m├®dica":
      [36m<td />[39m

      Name "":
      [36m<td />[39m

      Name "Eliminar":
      [36m<td />[39m

      Name "2":
      [36m<td />[39m

      Name "Taller grupal":
      [36m<td />[39m

      Name "":
      [36m<td />[39m

      Name "Eliminar":
      [36m<td />[39m

      --------------------------------------------------
      checkbox:

      Name "":
      [36m<input[39m
        [33mclass[39m=[32m"form-check-input"[39m
        [33mdisabled[39m=[32m""[39m
        [33mtype[39m=[32m"checkbox"[39m
      [36m/>[39m

      Name "":
      [36m<input[39m
        [33mchecked[39m=[32m""[39m
        [33mclass[39m=[32m"form-check-input"[39m
        [33mdisabled[39m=[32m""[39m
        [33mtype[39m=[32m"checkbox"[39m
      [36m/>[39m

      --------------------------------------------------

    Ignored nodes: comments, script, style
    [36m<body[39m
      [33mclass[39m=[32m""[39m
      [33mstyle[39m=[32m""[39m
    [36m>[39m
      [36m<div>[39m
        [36m<div[39m
          [33mclass[39m=[32m"container"[39m
        [36m>[39m
          [36m<h1[39m
            [33mclass[39m=[32m"mt-4 mt-md-2 text-center"[39m
          [36m>[39m
            [0mTipos de eventos[0m
          [36m</h1>[39m
          [36m<button[39m
            [33mclass[39m=[32m"btn btn-primary mb-2 mt-2"[39m
          [36m>[39m
            [36m<svg[39m
              [33maria-hidden[39m=[32m"true"[39m
              [33mclass[39m=[32m"signoMas"[39m
              [33mfill[39m=[32m"currentColor"[39m
              [33mheight[39m=[32m"16"[39m
              [33mviewBox[39m=[32m"0 0 16 16"[39m
              [33mwidth[39m=[32m"16"[39m
              [33mxmlns[39m=[32m"http://www.w3.org/2000/svg"[39m
            [36m>[39m
              [36m<path[39m
                [33md[39m=[32m"M8 0a1 1 0 0 1 1 1v6h6a1 1 0 1 1 0 2H9v6a1 1 0 1 1-2 0V9H1a1 1 0 0 1 0-2h6V1a1 1 0 0 
1 1-1z"[39m
              [36m/>[39m
            [36m</svg>[39m
            [0m Agregar[0m
          [36m</button>[39m
          [36m<div[39m
            [33mclass[39m=[32m"row m-md-3 shadow mx-md-auto border-top-sm m-0"[39m
          [36m>[39m
            [36m<table[39m
              [33mclass[39m=[32m"table"[39m
            [36m>[39m
              [36m<thead>[39m
                [36m<tr>[39m
                  [36m<th[39m
                    [33mscope[39m=[32m"col"[39m
                  [36m>[39m
                    [0mC├│digo[0m
                  [36m</th>[39m
                  [36m<th[39m
                    [33mscope[39m=[32m"col"[39m
                  [36m>[39m
                    [0mNombre[0m
                  [36m</th>[39m
                  [36m<th[39m
                    [33mscope[39m=[32m"col"[39m
                  [36m>[39m
                    [0mDesactivar Taller[0m
                  [36m</th>[39m
                  [36m<th[39m
                    [33mscope[39m=[32m"col"[39m
                  [36m>[39m
                    [0mAcci├│n[0m
                  [36m</th>[39m
                [36m</tr>[39m
              [36m</thead>[39m
              [36m<tbody>[39m
                [36m<tr>[39m
                  [36m<td>[39m
                    [0m1[0m
                  [36m</td>[39m
                  [36m<td>[39m
                    [0mConsulta m├®dica[0m
                  [36m</td>[39m
                  [36m<td>[39m
                    [36m<input[39m
                      [33mclass[39m=[32m"form-check-input"[39m
                      [33mdisabled[39m=[32m""[39m
                      [33mtype[39m=[32m"checkbox"[39m
                    [36m/>[39m
                  [36m</td>[39m
                  [36m<td>[39m
                    [36m<button[39m
                      [33mclass[39m=[32m"btn btn-verde me-1"[39m
                      [33mtype[39m=[32m"button"[39m
                    [36m>[39m
                      [36m<svg[39m
                        [33maria-hidden[39m=[32m"true"[39m
                        [33mfill[39m=[32m"currentColor"[39m
                        [33mheight[39m=[32m"16"[39m
                        [33mviewBox[39m=[32m"0 0 16 16"[39m
                        [33mwidth[39m=[32m"16"[39m
                        [33mxmlns[39m=[32m"http://www.w3.org/2000/svg"[39m
                      [36m>[39m
                        [36m<path[39m
                          [33md[39m=[32m"M15.502 1.94a.5.5 0 0 1 0 .706L14.459 3.69l-2-2L13.502.646a.5.5 0 0 1 .707 
0l1.293 1.293zm-1.75 2.456-2-2L4.939 9.21a.5.5 0 0 0-.121.196l-.805 2.414a.25.25 0 0 0 .316.316l2.414-.805a.5.5 0 0 0 
.196-.12l6.813-6.814z"[39m
                        [36m/>[39m
                        [36m<path[39m
                          [33md[39m=[32m"M1 13.5A1.5 1.5 0 0 0 2.5 15h11a1.5 1.5 0 0 0 1.5-1.5v-6a.5.5 0 0 0-1 
0v6a.5.5 0 0 1-.5.5h-11a.5.5 0 0 1-.5-.5v-11a.5.5 0 0 1 .5-.5H9a.5.5 0 0 0 0-1H2.5A1.5 1.5 0 0 0 1 2.5v11z"[39m
                          [33mfill-rule[39m=[32m"evenodd"[39m
                        [36m/>[39m
                      [36m</svg>[39m
                    [36m</button>[39m
                    [36m<button[39m
                      [33mclass[39m=[32m"btn btn-rojo"[39m
                      [33mtype[39m=[32m"button"[39m
                    [36m>[39m
                      [0mEliminar[0m
                    [36m</button>[39m
                  [36m</td>[39m
                [36m</tr>[39m
              [36m</tbody>[39m
              [36m<tbody>[39m
                [36m<tr>[39m
                  [36m<td>[39m
                    [0m2[0m
                  [36m</td>[39m
                  [36m<td>[39m
                    [0mTaller grupal[0m
                  [36m</td>[39m
                  [36m<td>[39m
                    [36m<input[39m
                      [33mchecked[39m=[32m""[39m
                      [33mclass[39m=[32m"form-check-input"[39m
                      [33mdisabled[39m=[32m""[39m
                      [33mtype[39m=[32m"checkbox"[39m
                    [36m/>[39m
                  [36m</td>[39m
                  [36m<td>[39m
                    [36m<button[39m
                      [33mclass[39m=[32m"btn btn-verde me-1"[39m
                      [33mtype[39m=[32m"button"[39m
                    [36m>[39m
                      [36m<svg[39m
                        [33maria-hidden[39m=[32m"true"[39m
                        [33mfill[39m=[32m"currentColor"[39m
                        [33mheight[39m=[32m"16"[39m
                        [33mviewBox[39m=[32m"0 0 16 16"[39m
                        [33mwidth[39m=[32m"16"[39m
                        [33mxmlns[39m=[32m"http://www.w3.org/2000/svg"[39m
                      [36m>[39m
                        [36m<path[39m
                          [33md[39m=[32m"M15.502 1.94a.5.5 0 0 1 0 .706L14.459 3.69l-2-2L13.502.646a.5.5 0 0 1 .707 
0l1.293 1.293zm-1.75 2.456-2-2L4.939 9.21a.5.5 0 0 0-.121.196l-.805 2.414a.25.25 0 0 0 .316.316l2.414-.805a.5.5 0 0 0 
.196-.12l6.813-6.814z"[39m
                        [36m/>[39m
                        [36m<path[39m
                          [33md[39m=[32m"M1 13.5A1.5 1.5 0 0 0 2.5 15h11a1.5 1.5 0 0 0 1.5-1.5v-6a.5.5 0 0 0-1 
0v6a.5.5 0 0 1-.5.5h-11a.5.5 0 0 1-.5-.5v-11a.5.5 0 0 1 .5-.5H9a.5.5 0 0 0 0-1H2.5A1.5 1.5 0 0 0 1 2.5v11z"[39m
                          [33mfill-rule[39m=[32m"evenodd"[39m
                        [36m/>[39m
                      [36m</svg>[39m
                    [36m</button>[39m
                    [36m<button[39m
                      [33mclass[39m=[32m"btn btn-rojo"[39m
                      [33mtype[39m=[32m"button"[39m
                    [36m>[39m
                      [0mEliminar[0m
                    [36m</button>[39m
                  [36m</td>[39m
                [36m</tr>[39m
              [36m</tbody>[39m
            [36m</table>[39m
          [36m</div>[39m
        [36m</div>[39m
      [36m</div>[39m
    [36m</body>[39m

    [0m [90m 203 |[39m       })[33m;[39m
     [90m 204 |[39m
    [31m[1m>[22m[39m[90m 205 |[39m       [36mconst[39m editButtons [33m=[39m 
screen[33m.[39mgetAllByRole([32m'button'[39m[33m,[39m { name[33m:[39m [35m/editar/i[39m })[33m;[39m
     [90m     |[39m                                  [31m[1m^[22m[39m
     [90m 206 |[39m       [36mawait[39m act([36masync[39m () [33m=>[39m {
     [90m 207 |[39m         fireEvent[33m.[39mclick(editButtons[[35m0[39m])[33m;[39m
     [90m 208 |[39m       })[33m;[39m[0m

      at Object.getElementError (node_modules/@testing-library/dom/dist/config.js:37:19)
      at node_modules/@testing-library/dom/dist/query-helpers.js:76:38
      at getAllByRole (node_modules/@testing-library/dom/dist/query-helpers.js:109:15)
      at Object.<anonymous> (src/__tests__/tipos-de-eventos.component.test.jsx:205:34)

  ÔùÅ TypeEvents ÔÇö Unit Tests ÔÇ║ Interacciones Principales ÔÇö Eliminar ÔÇ║ elimina tipo de evento con confirmaci├│n

    expect(jest.fn()).toHaveBeenCalledWith(...expected)

    Expected: 1, {"borrado": 1}

    Number of calls: 0

    [0m [90m 246 |[39m       })[33m;[39m
     [90m 247 |[39m
    [31m[1m>[22m[39m[90m 248 |[39m       
expect(eventRespository[33m.[39mdeleteTypeEvent)[33m.[39mtoHaveBeenCalledWith([35m1[39m[33m,[39m { 
borrado[33m:[39m [35m1[39m })[33m;[39m
     [90m     |[39m                                                [31m[1m^[22m[39m
     [90m 249 |[39m       expect([33mSwal[39m[33m.[39mmixin)[33m.[39mtoHaveBeenCalled()[33m;[39m
     [90m 250 |[39m     })[33m;[39m
     [90m 251 |[39m[0m

      at Object.<anonymous> (src/__tests__/tipos-de-eventos.component.test.jsx:248:48)

  ÔùÅ TypeEvents ÔÇö Unit Tests ÔÇ║ Interacciones Principales ÔÇö Eliminar ÔÇ║ no elimina si se cancela la 
confirmaci├│n

    Unable to find an element with the text: Consulta m├®dica. This could be because the text is broken up by multiple 
elements. In this case, you can provide a function for your text matcher to make your matcher more flexible.

    Ignored nodes: comments, script, style
    [36m<body[39m
      [33mclass[39m=[32m""[39m
      [33mstyle[39m=[32m""[39m
    [36m>[39m
      [36m<div>[39m
        [36m<div[39m
          [33mclass[39m=[32m"container"[39m
        [36m>[39m
          [36m<h1[39m
            [33mclass[39m=[32m"mt-4 mt-md-2 text-center"[39m
          [36m>[39m
            [0mTipos de eventos[0m
          [36m</h1>[39m
          [36m<button[39m
            [33mclass[39m=[32m"btn btn-primary mb-2 mt-2"[39m
          [36m>[39m
            [36m<svg[39m
              [33maria-hidden[39m=[32m"true"[39m
              [33mclass[39m=[32m"signoMas"[39m
              [33mfill[39m=[32m"currentColor"[39m
              [33mheight[39m=[32m"16"[39m
              [33mviewBox[39m=[32m"0 0 16 16"[39m
              [33mwidth[39m=[32m"16"[39m
              [33mxmlns[39m=[32m"http://www.w3.org/2000/svg"[39m
            [36m>[39m
              [36m<path[39m
                [33md[39m=[32m"M8 0a1 1 0 0 1 1 1v6h6a1 1 0 1 1 0 2H9v6a1 1 0 1 1-2 0V9H1a1 1 0 0 1 0-2h6V1a1 1 0 0 
1 1-1z"[39m
              [36m/>[39m
            [36m</svg>[39m
            [0m Agregar[0m
          [36m</button>[39m
          [36m<div[39m
            [33mclass[39m=[32m"row m-md-3 shadow mx-md-auto border-top-sm m-0"[39m
          [36m>[39m
            [36m<table[39m
              [33mclass[39m=[32m"table"[39m
            [36m>[39m
              [36m<thead>[39m
                [36m<tr>[39m
                  [36m<th[39m
                    [33mscope[39m=[32m"col"[39m
                  [36m>[39m
                    [0mC├│digo[0m
                  [36m</th>[39m
                  [36m<th[39m
                    [33mscope[39m=[32m"col"[39m
                  [36m>[39m
                    [0mNombre[0m
                  [36m</th>[39m
                  [36m<th[39m
                    [33mscope[39m=[32m"col"[39m
                  [36m>[39m
                    [0mDesactivar Taller[0m
                  [36m</th>[39m
                  [36m<th[39m
                    [33mscope[39m=[32m"col"[39m
                  [36m>[39m
                    [0mAcci├│n[0m
                  [36m</th>[39m
                [36m</tr>[39m
              [36m</thead>[39m
              [36m<tbody>[39m
                [36m<tr>[39m
                  [36m<td>[39m
                    [0m2[0m
                  [36m</td>[39m
                  [36m<td>[39m
                    [0mTaller grupal[0m
                  [36m</td>[39m
                  [36m<td>[39m
                    [36m<input[39m
                      [33mchecked[39m=[32m""[39m
                      [33mclass[39m=[32m"form-check-input"[39m
                      [33mdisabled[39m=[32m""[39m
                      [33mtype[39m=[32m"checkbox"[39m
                    [36m/>[39m
                  [36m</td>[39m
                  [36m<td>[39m
                    [36m<button[39m
                      [33mclass[39m=[32m"btn btn-verde me-1"[39m
                      [33mtype[39m=[32m"button"[39m
                    [36m>[39m
                      [36m<svg[39m
                        [33maria-hidden[39m=[32m"true"[39m
                        [33mfill[39m=[32m"currentColor"[39m
                        [33mheight[39m=[32m"16"[39m
                        [33mviewBox[39m=[32m"0 0 16 16"[39m
                        [33mwidth[39m=[32m"16"[39m
                        [33mxmlns[39m=[32m"http://www.w3.org/2000/svg"[39m
                      [36m>[39m
                        [36m<path[39m
                          [33md[39m=[32m"M15.502 1.94a.5.5 0 0 1 0 .706L14.459 3.69l-2-2L13.502.646a.5.5 0 0 1 .707 
0l1.293 1.293zm-1.75 2.456-2-2L4.939 9.21a.5.5 0 0 0-.121.196l-.805 2.414a.25.25 0 0 0 .316.316l2.414-.805a.5.5 0 0 0 
.196-.12l6.813-6.814z"[39m
                        [36m/>[39m
                        [36m<path[39m
                          [33md[39m=[32m"M1 13.5A1.5 1.5 0 0 0 2.5 15h11a1.5 1.5 0 0 0 1.5-1.5v-6a.5.5 0 0 0-1 
0v6a.5.5 0 0 1-.5.5h-11a.5.5 0 0 1-.5-.5v-11a.5.5 0 0 1 .5-.5H9a.5.5 0 0 0 0-1H2.5A1.5 1.5 0 0 0 1 2.5v11z"[39m
                          [33mfill-rule[39m=[32m"evenodd"[39m
                        [36m/>[39m
                      [36m</svg>[39m
                    [36m</button>[39m
                    [36m<button[39m
                      [33mclass[39m=[32m"btn btn-rojo"[39m
                      [33mtype[39m=[32m"button"[39m
                    [36m>[39m
                      [0mEliminar[0m
                    [36m</button>[39m
                  [36m</td>[39m
                [36m</tr>[39m
              [36m</tbody>[39m
            [36m</table>[39m
          [36m</div>[39m
        [36m</div>[39m
      [36m</div>[39m
    [36m</body>[39m

    [0m [90m 254 |[39m
     [90m 255 |[39m       render([33m<[39m[33mTypeEvents[39m [33m/[39m[33m>[39m)[33m;[39m
    [31m[1m>[22m[39m[90m 256 |[39m       [36mawait[39m waitFor(() [33m=>[39m {
     [90m     |[39m                    [31m[1m^[22m[39m
     [90m 257 |[39m         expect(screen[33m.[39mgetByText([32m'Consulta 
m├®dica'[39m))[33m.[39mtoBeInTheDocument()[33m;[39m
     [90m 258 |[39m       })[33m;[39m
     [90m 259 |[39m[0m

      at waitForWrapper (node_modules/@testing-library/dom/dist/wait-for.js:163:27)
      at Object.<anonymous> (src/__tests__/tipos-de-eventos.component.test.jsx:256:20)

  ÔùÅ TypeEvents ÔÇö Unit Tests ÔÇ║ Casos Borde ÔÇ║ maneja checkbox desactivataller correctamente (0/1 Ôåö true/false)

    expect(received).toBeChecked()

    received value must be an HTMLElement or an SVGElement.
    Received has value: undefined

    [0m [90m 290 |[39m       [90m// El segundo evento tiene desactivataller: 1 ÔåÆ checkbox checked[39m
     [90m 291 |[39m       [36mconst[39m checkboxes [33m=[39m 
screen[33m.[39mgetAllByRole([32m'checkbox'[39m)[33m;[39m
    [31m[1m>[22m[39m[90m 292 |[39m       expect(checkboxes[[35m1[39m])[33m.[39mtoBeChecked()[33m;[39m 
[90m// Taller grupal[39m
     [90m     |[39m                             [31m[1m^[22m[39m
     [90m 293 |[39m       expect(checkboxes[[35m0[39m])[33m.[39mnot[33m.[39mtoBeChecked()[33m;[39m [90m// 
Consulta m├®dica[39m
     [90m 294 |[39m     })[33m;[39m
     [90m 295 |[39m[0m

      at __EXTERNAL_MATCHER_TRAP__ (node_modules/expect/build/index.js:386:30)
      at Object.toBeChecked (node_modules/expect/build/index.js:387:15)
      at Object.<anonymous> (src/__tests__/tipos-de-eventos.component.test.jsx:292:29)

  ÔùÅ TypeEvents ÔÇö Unit Tests ÔÇ║ Casos Borde ÔÇ║ maneja error en getEventAll sin romper el render

    Network error

    [0m [90m 295 |[39m
     [90m 296 |[39m     it([32m'maneja error en getEventAll sin romper el render'[39m[33m,[39m [36masync[39m 
() [33m=>[39m {
    [31m[1m>[22m[39m[90m 297 |[39m       
eventRespository[33m.[39mgetEventAll[33m.[39mmockRejectedValue([36mnew[39m [33mError[39m([32m'Network 
error'[39m))[33m;[39m
     [90m     |[39m                                                      [31m[1m^[22m[39m
     [90m 298 |[39m
     [90m 299 |[39m       render([33m<[39m[33mTypeEvents[39m [33m/[39m[33m>[39m)[33m;[39m
     [90m 300 |[39m       [36mawait[39m waitFor(() [33m=>[39m {[0m

      at Object.<anonymous> (src/__tests__/tipos-de-eventos.component.test.jsx:297:54)

PASS src/__tests__/admin-users-email-payload.test.js
  ÔùÅ Console

    console.error
      Warning: An update to AdminUsuarios inside a test was not wrapped in act(...).
      
      When testing, code that causes React state updates should be wrapped into act(...):
      
      act(() => {
        /* fire events that update state */
      });
      /* assert on the output */
      
      This ensures that you're testing the behavior the user would see in the browser. Learn more at 
https://reactjs.org/link/wrap-tests-with-act
          at AdminUsuarios (D:\TELEPARK\telepark\telepark-frontend\src\components\admin-users.component.js:11:45)

    [0m [90m 116 |[39m         [36mreturn[39m user[33m.[39musername [33m!==[39m admin[33m;[39m
     [90m 117 |[39m       })[33m;[39m
    [31m[1m>[22m[39m[90m 118 |[39m       setUsuarios(users)[33m;[39m
     [90m     |[39m       [31m[1m^[22m[39m
     [90m 119 |[39m     }
     [90m 120 |[39m   }[33m;[39m
     [90m 121 |[39m[0m

      at printWarning (node_modules/react-dom/cjs/react-dom.development.js:86:30)
      at error (node_modules/react-dom/cjs/react-dom.development.js:60:7)
      at warnIfUpdatesNotWrappedWithActDEV (node_modules/react-dom/cjs/react-dom.development.js:27628:9)
      at scheduleUpdateOnFiber (node_modules/react-dom/cjs/react-dom.development.js:25547:5)
      at setUsuarios (node_modules/react-dom/cjs/react-dom.development.js:16708:7)
      at getUsers (src/components/admin-users.component.js:118:7)

    console.error
      Warning: validateDOMNesting(...): <h6> cannot appear as a child of <h4>.
          at h6
          at h4
          at div
          at div
          at main
          at AdminUsuarios (D:\TELEPARK\telepark\telepark-frontend\src\components\admin-users.component.js:11:45)

    [0m [90m 56 |[39m   render([33m<[39m[33mAdminUsuarios[39m [33m/[39m[33m>[39m)[33m;[39m
     [90m 57 |[39m   [36mawait[39m screen[33m.[39mfindByRole([32m'button'[39m[33m,[39m { name[33m:[39m 
[35m/agregar/i[39m })[33m;[39m
    [31m[1m>[22m[39m[90m 58 |[39m   
fireEvent[33m.[39mclick(screen[33m.[39mgetByRole([32m'button'[39m[33m,[39m { name[33m:[39m 
[35m/agregar/i[39m }))[33m;[39m
     [90m    |[39m             [31m[1m^[22m[39m
     [90m 59 |[39m }[33m;[39m
     [90m 60 |[39m
     [90m 61 |[39m [36mconst[39m completarCamposObligatorios [33m=[39m () [33m=>[39m {[0m

      at printWarning (node_modules/react-dom/cjs/react-dom.development.js:86:30)
      at error (node_modules/react-dom/cjs/react-dom.development.js:60:7)
      at validateDOMNesting (node_modules/react-dom/cjs/react-dom.development.js:10847:7)
      at createInstance (node_modules/react-dom/cjs/react-dom.development.js:10930:5)
      at completeWork (node_modules/react-dom/cjs/react-dom.development.js:22226:28)
      at completeUnitOfWork (node_modules/react-dom/cjs/react-dom.development.js:26632:16)
      at performUnitOfWork (node_modules/react-dom/cjs/react-dom.development.js:26607:5)
      at workLoopSync (node_modules/react-dom/cjs/react-dom.development.js:26505:5)
      at renderRootSync (node_modules/react-dom/cjs/react-dom.development.js:26473:7)
      at performSyncWorkOnRoot (node_modules/react-dom/cjs/react-dom.development.js:26124:20)
      at flushSyncCallbacks (node_modules/react-dom/cjs/react-dom.development.js:12042:22)
      at flushActQueue (node_modules/react/cjs/react.development.js:2667:24)
      at act (node_modules/react/cjs/react.development.js:2582:11)
      at node_modules/@testing-library/react/dist/act-compat.js:47:25
      at Object.eventWrapper (node_modules/@testing-library/react/dist/pure.js:107:28)
      at fireEvent (node_modules/@testing-library/dom/dist/events.js:12:35)
      at fireEvent.<computed> [as click] (node_modules/@testing-library/dom/dist/events.js:110:36)
      at fireEvent.click (node_modules/@testing-library/react/dist/fire-event.js:15:52)
      at abrirFormularioAgregar (src/__tests__/admin-users-email-payload.test.js:58:13)
      at Object.<anonymous> (src/__tests__/admin-users-email-payload.test.js:104:5)

    console.error
      Warning: An update to AdminUsuarios inside a test was not wrapped in act(...).
      
      When testing, code that causes React state updates should be wrapped into act(...):
      
      act(() => {
        /* fire events that update state */
      });
      /* assert on the output */
      
      This ensures that you're testing the behavior the user would see in the browser. Learn more at 
https://reactjs.org/link/wrap-tests-with-act
          at AdminUsuarios (D:\TELEPARK\telepark\telepark-frontend\src\components\admin-users.component.js:11:45)

    [0m [90m 116 |[39m         [36mreturn[39m user[33m.[39musername [33m!==[39m admin[33m;[39m
     [90m 117 |[39m       })[33m;[39m
    [31m[1m>[22m[39m[90m 118 |[39m       setUsuarios(users)[33m;[39m
     [90m     |[39m       [31m[1m^[22m[39m
     [90m 119 |[39m     }
     [90m 120 |[39m   }[33m;[39m
     [90m 121 |[39m[0m

      at printWarning (node_modules/react-dom/cjs/react-dom.development.js:86:30)
      at error (node_modules/react-dom/cjs/react-dom.development.js:60:7)
      at warnIfUpdatesNotWrappedWithActDEV (node_modules/react-dom/cjs/react-dom.development.js:27628:9)
      at scheduleUpdateOnFiber (node_modules/react-dom/cjs/react-dom.development.js:25547:5)
      at setUsuarios (node_modules/react-dom/cjs/react-dom.development.js:16708:7)
      at getUsers (src/components/admin-users.component.js:118:7)

    console.error
      Warning: An update to AdminUsuarios inside a test was not wrapped in act(...).
      
      When testing, code that causes React state updates should be wrapped into act(...):
      
      act(() => {
        /* fire events that update state */
      });
      /* assert on the output */
      
      This ensures that you're testing the behavior the user would see in the browser. Learn more at 
https://reactjs.org/link/wrap-tests-with-act
          at AdminUsuarios (D:\TELEPARK\telepark\telepark-frontend\src\components\admin-users.component.js:11:45)

    [0m [90m 116 |[39m         [36mreturn[39m user[33m.[39musername [33m!==[39m admin[33m;[39m
     [90m 117 |[39m       })[33m;[39m
    [31m[1m>[22m[39m[90m 118 |[39m       setUsuarios(users)[33m;[39m
     [90m     |[39m       [31m[1m^[22m[39m
     [90m 119 |[39m     }
     [90m 120 |[39m   }[33m;[39m
     [90m 121 |[39m[0m

      at printWarning (node_modules/react-dom/cjs/react-dom.development.js:86:30)
      at error (node_modules/react-dom/cjs/react-dom.development.js:60:7)
      at warnIfUpdatesNotWrappedWithActDEV (node_modules/react-dom/cjs/react-dom.development.js:27628:9)
      at scheduleUpdateOnFiber (node_modules/react-dom/cjs/react-dom.development.js:25547:5)
      at setUsuarios (node_modules/react-dom/cjs/react-dom.development.js:16708:7)
      at getUsers (src/components/admin-users.component.js:118:7)

    console.error
      Warning: Received the string `true` for the boolean attribute `disabled`. Although this works, it will not work 
as expected if you pass the string "false". Did you mean disabled={true}?
          at input
          at div
          at div
          at div
          at main
          at AdminUsuarios (D:\TELEPARK\telepark\telepark-frontend\src\components\admin-users.component.js:11:45)

    [0m [90m 169 |[39m     [36mawait[39m screen[33m.[39mfindByText([32m'jperez'[39m)[33m;[39m
     [90m 170 |[39m
    [31m[1m>[22m[39m[90m 171 |[39m     fireEvent[33m.[39mclick(within(screen[33m.[39mgetByRole([32m'table'[
39m))[33m.[39mgetByRole([32m'button'[39m))[33m;[39m
     [90m     |[39m               [31m[1m^[22m[39m
     [90m 172 |[39m     
fireEvent[33m.[39mchange(screen[33m.[39mgetByPlaceholderText([32m'Nombre...'[39m)[33m,[39m {
     [90m 173 |[39m       target[33m:[39m { value[33m:[39m [32m'Juan Carlos'[39m }[33m,[39m
     [90m 174 |[39m     })[33m;[39m[0m

      at printWarning (node_modules/react-dom/cjs/react-dom.development.js:86:30)
      at error (node_modules/react-dom/cjs/react-dom.development.js:60:7)
      at validateProperty$1 (node_modules/react-dom/cjs/react-dom.development.js:3788:7)
      at warnUnknownProperties (node_modules/react-dom/cjs/react-dom.development.js:3803:21)
      at validateProperties$2 (node_modules/react-dom/cjs/react-dom.development.js:3827:3)
      at validatePropertiesInDevelopment (node_modules/react-dom/cjs/react-dom.development.js:9541:5)
      at setInitialProperties (node_modules/react-dom/cjs/react-dom.development.js:9830:5)
      at finalizeInitialChildren (node_modules/react-dom/cjs/react-dom.development.js:10950:3)
      at completeWork (node_modules/react-dom/cjs/react-dom.development.js:22232:17)
      at completeUnitOfWork (node_modules/react-dom/cjs/react-dom.development.js:26632:16)
      at performUnitOfWork (node_modules/react-dom/cjs/react-dom.development.js:26607:5)
      at workLoopSync (node_modules/react-dom/cjs/react-dom.development.js:26505:5)
      at renderRootSync (node_modules/react-dom/cjs/react-dom.development.js:26473:7)
      at performSyncWorkOnRoot (node_modules/react-dom/cjs/react-dom.development.js:26124:20)
      at flushSyncCallbacks (node_modules/react-dom/cjs/react-dom.development.js:12042:22)
      at flushActQueue (node_modules/react/cjs/react.development.js:2667:24)
      at act (node_modules/react/cjs/react.development.js:2582:11)
      at node_modules/@testing-library/react/dist/act-compat.js:47:25
      at Object.eventWrapper (node_modules/@testing-library/react/dist/pure.js:107:28)
      at fireEvent (node_modules/@testing-library/dom/dist/events.js:12:35)
      at fireEvent.<computed> [as click] (node_modules/@testing-library/dom/dist/events.js:110:36)
      at fireEvent.click (node_modules/@testing-library/react/dist/fire-event.js:15:52)
      at Object.<anonymous> (src/__tests__/admin-users-email-payload.test.js:171:15)

PASS src/__tests__/admin-users.component.test.jsx
  ÔùÅ Console

    console.error
      Warning: validateDOMNesting(...): <h6> cannot appear as a child of <h4>.
          at h6
          at h4
          at div
          at div
          at main
          at AdminUsuarios (D:\TELEPARK\telepark\telepark-frontend\src\components\admin-users.component.js:11:45)

      at printWarning (node_modules/react-dom/cjs/react-dom.development.js:86:30)
      at error (node_modules/react-dom/cjs/react-dom.development.js:60:7)
      at validateDOMNesting (node_modules/react-dom/cjs/react-dom.development.js:10847:7)
      at createInstance (node_modules/react-dom/cjs/react-dom.development.js:10930:5)
      at completeWork (node_modules/react-dom/cjs/react-dom.development.js:22226:28)
      at completeUnitOfWork (node_modules/react-dom/cjs/react-dom.development.js:26632:16)
      at performUnitOfWork (node_modules/react-dom/cjs/react-dom.development.js:26607:5)
      at workLoopSync (node_modules/react-dom/cjs/react-dom.development.js:26505:5)
      at renderRootSync (node_modules/react-dom/cjs/react-dom.development.js:26473:7)
      at performSyncWorkOnRoot (node_modules/react-dom/cjs/react-dom.development.js:26124:20)
      at flushSyncCallbacks (node_modules/react-dom/cjs/react-dom.development.js:12042:22)
      at flushActQueue (node_modules/react/cjs/react.development.js:2667:24)
      at recursivelyFlushAsyncActWork (node_modules/react/cjs/react.development.js:2633:9)
      at node_modules/react/cjs/react.development.js:2545:15

    console.error
      Warning: Received the string `true` for the boolean attribute `disabled`. Although this works, it will not work 
as expected if you pass the string "false". Did you mean disabled={true}?
          at input
          at div
          at div
          at div
          at main
          at AdminUsuarios (D:\TELEPARK\telepark\telepark-frontend\src\components\admin-users.component.js:11:45)

      at printWarning (node_modules/react-dom/cjs/react-dom.development.js:86:30)
      at error (node_modules/react-dom/cjs/react-dom.development.js:60:7)
      at validateProperty$1 (node_modules/react-dom/cjs/react-dom.development.js:3788:7)
      at warnUnknownProperties (node_modules/react-dom/cjs/react-dom.development.js:3803:21)
      at validateProperties$2 (node_modules/react-dom/cjs/react-dom.development.js:3827:3)
      at validatePropertiesInDevelopment (node_modules/react-dom/cjs/react-dom.development.js:9541:5)
      at setInitialProperties (node_modules/react-dom/cjs/react-dom.development.js:9830:5)
      at finalizeInitialChildren (node_modules/react-dom/cjs/react-dom.development.js:10950:3)
      at completeWork (node_modules/react-dom/cjs/react-dom.development.js:22232:17)
      at completeUnitOfWork (node_modules/react-dom/cjs/react-dom.development.js:26632:16)
      at performUnitOfWork (node_modules/react-dom/cjs/react-dom.development.js:26607:5)
      at workLoopSync (node_modules/react-dom/cjs/react-dom.development.js:26505:5)
      at renderRootSync (node_modules/react-dom/cjs/react-dom.development.js:26473:7)
      at performSyncWorkOnRoot (node_modules/react-dom/cjs/react-dom.development.js:26124:20)
      at flushSyncCallbacks (node_modules/react-dom/cjs/react-dom.development.js:12042:22)
      at flushActQueue (node_modules/react/cjs/react.development.js:2667:24)
      at recursivelyFlushAsyncActWork (node_modules/react/cjs/react.development.js:2633:9)
      at node_modules/react/cjs/react.development.js:2545:15

    console.error
      Warning: An update to AdminUsuarios inside a test was not wrapped in act(...).
      
      When testing, code that causes React state updates should be wrapped into act(...):
      
      act(() => {
        /* fire events that update state */
      });
      /* assert on the output */
      
      This ensures that you're testing the behavior the user would see in the browser. Learn more at 
https://reactjs.org/link/wrap-tests-with-act
          at AdminUsuarios (D:\TELEPARK\telepark\telepark-frontend\src\components\admin-users.component.js:11:45)

    [0m [90m 116 |[39m         [36mreturn[39m user[33m.[39musername [33m!==[39m admin[33m;[39m
     [90m 117 |[39m       })[33m;[39m
    [31m[1m>[22m[39m[90m 118 |[39m       setUsuarios(users)[33m;[39m
     [90m     |[39m       [31m[1m^[22m[39m
     [90m 119 |[39m     }
     [90m 120 |[39m   }[33m;[39m
     [90m 121 |[39m[0m

      at printWarning (node_modules/react-dom/cjs/react-dom.development.js:86:30)
      at error (node_modules/react-dom/cjs/react-dom.development.js:60:7)
      at warnIfUpdatesNotWrappedWithActDEV (node_modules/react-dom/cjs/react-dom.development.js:27628:9)
      at scheduleUpdateOnFiber (node_modules/react-dom/cjs/react-dom.development.js:25547:5)
      at setUsuarios (node_modules/react-dom/cjs/react-dom.development.js:16708:7)
      at getUsers (src/components/admin-users.component.js:118:7)

    console.error
      Warning: An update to AdminUsuarios inside a test was not wrapped in act(...).
      
      When testing, code that causes React state updates should be wrapped into act(...):
      
      act(() => {
        /* fire events that update state */
      });
      /* assert on the output */
      
      This ensures that you're testing the behavior the user would see in the browser. Learn more at 
https://reactjs.org/link/wrap-tests-with-act
          at AdminUsuarios (D:\TELEPARK\telepark\telepark-frontend\src\components\admin-users.component.js:11:45)

    [0m [90m 116 |[39m         [36mreturn[39m user[33m.[39musername [33m!==[39m admin[33m;[39m
     [90m 117 |[39m       })[33m;[39m
    [31m[1m>[22m[39m[90m 118 |[39m       setUsuarios(users)[33m;[39m
     [90m     |[39m       [31m[1m^[22m[39m
     [90m 119 |[39m     }
     [90m 120 |[39m   }[33m;[39m
     [90m 121 |[39m[0m

      at printWarning (node_modules/react-dom/cjs/react-dom.development.js:86:30)
      at error (node_modules/react-dom/cjs/react-dom.development.js:60:7)
      at warnIfUpdatesNotWrappedWithActDEV (node_modules/react-dom/cjs/react-dom.development.js:27628:9)
      at scheduleUpdateOnFiber (node_modules/react-dom/cjs/react-dom.development.js:25547:5)
      at setUsuarios (node_modules/react-dom/cjs/react-dom.development.js:16708:7)
      at getUsers (src/components/admin-users.component.js:118:7)

PASS src/__tests__/admin-users-notification-flow.test.js
  ÔùÅ Console

    console.error
      Warning: An update to AdminUsuarios inside a test was not wrapped in act(...).
      
      When testing, code that causes React state updates should be wrapped into act(...):
      
      act(() => {
        /* fire events that update state */
      });
      /* assert on the output */
      
      This ensures that you're testing the behavior the user would see in the browser. Learn more at 
https://reactjs.org/link/wrap-tests-with-act
          at AdminUsuarios (D:\TELEPARK\telepark\telepark-frontend\src\components\admin-users.component.js:11:45)

    [0m [90m 116 |[39m         [36mreturn[39m user[33m.[39musername [33m!==[39m admin[33m;[39m
     [90m 117 |[39m       })[33m;[39m
    [31m[1m>[22m[39m[90m 118 |[39m       setUsuarios(users)[33m;[39m
     [90m     |[39m       [31m[1m^[22m[39m
     [90m 119 |[39m     }
     [90m 120 |[39m   }[33m;[39m
     [90m 121 |[39m[0m

      at printWarning (node_modules/react-dom/cjs/react-dom.development.js:86:30)
      at error (node_modules/react-dom/cjs/react-dom.development.js:60:7)
      at warnIfUpdatesNotWrappedWithActDEV (node_modules/react-dom/cjs/react-dom.development.js:27628:9)
      at scheduleUpdateOnFiber (node_modules/react-dom/cjs/react-dom.development.js:25547:5)
      at setUsuarios (node_modules/react-dom/cjs/react-dom.development.js:16708:7)
      at getUsers (src/components/admin-users.component.js:118:7)

    console.error
      Warning: validateDOMNesting(...): <h6> cannot appear as a child of <h4>.
          at h6
          at h4
          at div
          at div
          at main
          at AdminUsuarios (D:\TELEPARK\telepark\telepark-frontend\src\components\admin-users.component.js:11:45)

    [0m [90m 75 |[39m   render([33m<[39m[33mAdminUsuarios[39m [33m/[39m[33m>[39m)[33m;[39m
     [90m 76 |[39m   [36mawait[39m screen[33m.[39mfindByRole([32m'button'[39m[33m,[39m { name[33m:[39m 
[35m/agregar/i[39m })[33m;[39m
    [31m[1m>[22m[39m[90m 77 |[39m   
fireEvent[33m.[39mclick(screen[33m.[39mgetByRole([32m'button'[39m[33m,[39m { name[33m:[39m 
[35m/agregar/i[39m }))[33m;[39m
     [90m    |[39m             [31m[1m^[22m[39m
     [90m 78 |[39m }[33m;[39m
     [90m 79 |[39m
     [90m 80 |[39m [36mconst[39m completarCamposObligatorios [33m=[39m () [33m=>[39m {[0m

      at printWarning (node_modules/react-dom/cjs/react-dom.development.js:86:30)
      at error (node_modules/react-dom/cjs/react-dom.development.js:60:7)
      at validateDOMNesting (node_modules/react-dom/cjs/react-dom.development.js:10847:7)
      at createInstance (node_modules/react-dom/cjs/react-dom.development.js:10930:5)
      at completeWork (node_modules/react-dom/cjs/react-dom.development.js:22226:28)
      at completeUnitOfWork (node_modules/react-dom/cjs/react-dom.development.js:26632:16)
      at performUnitOfWork (node_modules/react-dom/cjs/react-dom.development.js:26607:5)
      at workLoopSync (node_modules/react-dom/cjs/react-dom.development.js:26505:5)
      at renderRootSync (node_modules/react-dom/cjs/react-dom.development.js:26473:7)
      at performSyncWorkOnRoot (node_modules/react-dom/cjs/react-dom.development.js:26124:20)
      at flushSyncCallbacks (node_modules/react-dom/cjs/react-dom.development.js:12042:22)
      at flushActQueue (node_modules/react/cjs/react.development.js:2667:24)
      at act (node_modules/react/cjs/react.development.js:2582:11)
      at node_modules/@testing-library/react/dist/act-compat.js:47:25
      at Object.eventWrapper (node_modules/@testing-library/react/dist/pure.js:107:28)
      at fireEvent (node_modules/@testing-library/dom/dist/events.js:12:35)
      at fireEvent.<computed> [as click] (node_modules/@testing-library/dom/dist/events.js:110:36)
      at fireEvent.click (node_modules/@testing-library/react/dist/fire-event.js:15:52)
      at abrirFormularioAgregar (src/__tests__/admin-users-notification-flow.test.js:77:13)
      at Object.<anonymous> (src/__tests__/admin-users-notification-flow.test.js:103:5)

    console.error
      Warning: An update to AdminUsuarios inside a test was not wrapped in act(...).
      
      When testing, code that causes React state updates should be wrapped into act(...):
      
      act(() => {
        /* fire events that update state */
      });
      /* assert on the output */
      
      This ensures that you're testing the behavior the user would see in the browser. Learn more at 
https://reactjs.org/link/wrap-tests-with-act
          at AdminUsuarios (D:\TELEPARK\telepark\telepark-frontend\src\components\admin-users.component.js:11:45)

    [0m [90m 116 |[39m         [36mreturn[39m user[33m.[39musername [33m!==[39m admin[33m;[39m
     [90m 117 |[39m       })[33m;[39m
    [31m[1m>[22m[39m[90m 118 |[39m       setUsuarios(users)[33m;[39m
     [90m     |[39m       [31m[1m^[22m[39m
     [90m 119 |[39m     }
     [90m 120 |[39m   }[33m;[39m
     [90m 121 |[39m[0m

      at printWarning (node_modules/react-dom/cjs/react-dom.development.js:86:30)
      at error (node_modules/react-dom/cjs/react-dom.development.js:60:7)
      at warnIfUpdatesNotWrappedWithActDEV (node_modules/react-dom/cjs/react-dom.development.js:27628:9)
      at scheduleUpdateOnFiber (node_modules/react-dom/cjs/react-dom.development.js:25547:5)
      at setUsuarios (node_modules/react-dom/cjs/react-dom.development.js:16708:7)
      at getUsers (src/components/admin-users.component.js:118:7)

    console.error
      Warning: An update to AdminUsuarios inside a test was not wrapped in act(...).
      
      When testing, code that causes React state updates should be wrapped into act(...):
      
      act(() => {
        /* fire events that update state */
      });
      /* assert on the output */
      
      This ensures that you're testing the behavior the user would see in the browser. Learn more at 
https://reactjs.org/link/wrap-tests-with-act
          at AdminUsuarios (D:\TELEPARK\telepark\telepark-frontend\src\components\admin-users.component.js:11:45)

    [0m [90m 116 |[39m         [36mreturn[39m user[33m.[39musername [33m!==[39m admin[33m;[39m
     [90m 117 |[39m       })[33m;[39m
    [31m[1m>[22m[39m[90m 118 |[39m       setUsuarios(users)[33m;[39m
     [90m     |[39m       [31m[1m^[22m[39m
     [90m 119 |[39m     }
     [90m 120 |[39m   }[33m;[39m
     [90m 121 |[39m[0m

      at printWarning (node_modules/react-dom/cjs/react-dom.development.js:86:30)
      at error (node_modules/react-dom/cjs/react-dom.development.js:60:7)
      at warnIfUpdatesNotWrappedWithActDEV (node_modules/react-dom/cjs/react-dom.development.js:27628:9)
      at scheduleUpdateOnFiber (node_modules/react-dom/cjs/react-dom.development.js:25547:5)
      at setUsuarios (node_modules/react-dom/cjs/react-dom.development.js:16708:7)
      at getUsers (src/components/admin-users.component.js:118:7)

    console.error
      Warning: Received the string `true` for the boolean attribute `disabled`. Although this works, it will not work 
as expected if you pass the string "false". Did you mean disabled={true}?
          at input
          at div
          at div
          at div
          at main
          at AdminUsuarios (D:\TELEPARK\telepark\telepark-frontend\src\components\admin-users.component.js:11:45)

    [0m [90m 169 |[39m   [36mawait[39m screen[33m.[39mfindByText([32m'jperez'[39m)[33m;[39m
     [90m 170 |[39m
    [31m[1m>[22m[39m[90m 171 |[39m   fireEvent[33m.[39mclick(within(screen[33m.[39mgetByRole([32m'table'[39
m))[33m.[39mgetByRole([32m'button'[39m))[33m;[39m
     [90m     |[39m             [31m[1m^[22m[39m
     [90m 172 |[39m   
fireEvent[33m.[39mchange(screen[33m.[39mgetByPlaceholderText([32m'Nombre...'[39m)[33m,[39m {
     [90m 173 |[39m     target[33m:[39m { value[33m:[39m [32m'Juan Carlos'[39m }[33m,[39m
     [90m 174 |[39m   })[33m;[39m[0m

      at printWarning (node_modules/react-dom/cjs/react-dom.development.js:86:30)
      at error (node_modules/react-dom/cjs/react-dom.development.js:60:7)
      at validateProperty$1 (node_modules/react-dom/cjs/react-dom.development.js:3788:7)
      at warnUnknownProperties (node_modules/react-dom/cjs/react-dom.development.js:3803:21)
      at validateProperties$2 (node_modules/react-dom/cjs/react-dom.development.js:3827:3)
      at validatePropertiesInDevelopment (node_modules/react-dom/cjs/react-dom.development.js:9541:5)
      at setInitialProperties (node_modules/react-dom/cjs/react-dom.development.js:9830:5)
      at finalizeInitialChildren (node_modules/react-dom/cjs/react-dom.development.js:10950:3)
      at completeWork (node_modules/react-dom/cjs/react-dom.development.js:22232:17)
      at completeUnitOfWork (node_modules/react-dom/cjs/react-dom.development.js:26632:16)
      at performUnitOfWork (node_modules/react-dom/cjs/react-dom.development.js:26607:5)
      at workLoopSync (node_modules/react-dom/cjs/react-dom.development.js:26505:5)
      at renderRootSync (node_modules/react-dom/cjs/react-dom.development.js:26473:7)
      at performSyncWorkOnRoot (node_modules/react-dom/cjs/react-dom.development.js:26124:20)
      at flushSyncCallbacks (node_modules/react-dom/cjs/react-dom.development.js:12042:22)
      at flushActQueue (node_modules/react/cjs/react.development.js:2667:24)
      at act (node_modules/react/cjs/react.development.js:2582:11)
      at node_modules/@testing-library/react/dist/act-compat.js:47:25
      at Object.eventWrapper (node_modules/@testing-library/react/dist/pure.js:107:28)
      at fireEvent (node_modules/@testing-library/dom/dist/events.js:12:35)
      at fireEvent.<computed> [as click] (node_modules/@testing-library/dom/dist/events.js:110:36)
      at fireEvent.click (node_modules/@testing-library/react/dist/fire-event.js:15:52)
      at Object.<anonymous> (src/__tests__/admin-users-notification-flow.test.js:171:13)

FAIL src/__tests__/nomenclador.component.test.jsx (5.636 s)
  ÔùÅ Console

    console.log
      {
        enfermedad: '',
        medicamento: '',
        obrasocial: '',
        isChecked: 0,
        idEditado: ''
      }

      at detectarCambio (src/components/nomenclador.component.js:56:13)

    console.log
      {
        enfermedad: '',
        medicamento: '',
        obrasocial: '',
        isChecked: 0,
        idEditado: ''
      }

      at detectarCambio (src/components/nomenclador.component.js:56:13)

    console.log
      {
        enfermedad: '',
        medicamento: '',
        obrasocial: '',
        isChecked: 0,
        idEditado: ''
      }

      at detectarCambio (src/components/nomenclador.component.js:56:13)

    console.log
      {
        enfermedad: '',
        medicamento: '',
        obrasocial: 'Swiss Medical',
        isChecked: 0,
        idEditado: ''
      }

      at detectarCheck (src/components/nomenclador.component.js:63:13)

  ÔùÅ Nomenclador ÔÇö Unit Tests ÔÇ║ Interacciones Principales ÔÇö Enfermedades ÔÇ║ agrega nueva enfermedad: input + 
click "+" ÔåÆ create + refresh

    TestingLibraryElementError: Unable to find an accessible element with the role "button" and name `/agregar/i`

    Here are the accessible roles:

      main:

      Name "":
      [36m<main[39m
        [33mclass[39m=[32m"container form-paciente"[39m
      [36m/>[39m

      --------------------------------------------------
      heading:

      Name "Ingresar Nomencladores":
      [36m<h3 />[39m

      --------------------------------------------------
      separator:

      Name "":
      [36m<hr />[39m

      --------------------------------------------------
      textbox:

      Name "":
      [36m<input[39m
        [33mclass[39m=[32m"form-control"[39m
        [33mid[39m=[32m"enfermedad"[39m
        [33mname[39m=[32m"enfermedad"[39m
        [33mplaceholder[39m=[32m"Enfermedad..."[39m
        [33mtype[39m=[32m"text"[39m
        [33mvalue[39m=[32m"Asma"[39m
      [36m/>[39m

      Name "":
      [36m<input[39m
        [33mclass[39m=[32m"form-control"[39m
        [33mid[39m=[32m"medicamento"[39m
        [33mname[39m=[32m"medicamento"[39m
        [33mplaceholder[39m=[32m"Medicamento..."[39m
        [33mtype[39m=[32m"text"[39m
        [33mvalue[39m=[32m""[39m
      [36m/>[39m

      Name "":
      [36m<input[39m
        [33mclass[39m=[32m"form-control"[39m
        [33mid[39m=[32m"obrasocial"[39m
        [33mname[39m=[32m"obrasocial"[39m
        [33mplaceholder[39m=[32m"Obra Social..."[39m
        [33mtype[39m=[32m"text"[39m
        [33mvalue[39m=[32m""[39m
      [36m/>[39m

      --------------------------------------------------
      button:

      Name "":
      [36m<button[39m
        [33mclass[39m=[32m"btn btn-azul-simple"[39m
        [33mtype[39m=[32m"button"[39m
      [36m/>[39m

      Name "":
      [36m<button[39m
        [33mclass[39m=[32m"btn btn-verde rowActionButton"[39m
        [33mtype[39m=[32m"button"[39m
      [36m/>[39m

      Name "":
      [36m<button[39m
        [33mclass[39m=[32m"btn btn-rojo"[39m
        [33mtype[39m=[32m"button"[39m
      [36m/>[39m

      Name "":
      [36m<button[39m
        [33mclass[39m=[32m"btn btn-verde rowActionButton"[39m
        [33mtype[39m=[32m"button"[39m
      [36m/>[39m

      Name "":
      [36m<button[39m
        [33mclass[39m=[32m"btn btn-rojo"[39m
        [33mtype[39m=[32m"button"[39m
      [36m/>[39m

      Name "":
      [36m<button[39m
        [33mclass[39m=[32m"btn btn-azul-simple"[39m
        [33mtype[39m=[32m"button"[39m
      [36m/>[39m

      Name "":
      [36m<button[39m
        [33mclass[39m=[32m"btn btn-verde rowActionButton"[39m
        [33mtype[39m=[32m"button"[39m
      [36m/>[39m

      Name "":
      [36m<button[39m
        [33mclass[39m=[32m"btn btn-rojo"[39m
        [33mtype[39m=[32m"button"[39m
      [36m/>[39m

      Name "":
      [36m<button[39m
        [33mclass[39m=[32m"btn btn-verde rowActionButton"[39m
        [33mtype[39m=[32m"button"[39m
      [36m/>[39m

      Name "":
      [36m<button[39m
        [33mclass[39m=[32m"btn btn-rojo"[39m
        [33mtype[39m=[32m"button"[39m
      [36m/>[39m

      Name "":
      [36m<button[39m
        [33mclass[39m=[32m"btn btn-azul-simple"[39m
        [33mtype[39m=[32m"button"[39m
      [36m/>[39m

      Name "":
      [36m<button[39m
        [33mclass[39m=[32m"btn btn-verde rowActionButton"[39m
        [33mtype[39m=[32m"button"[39m
      [36m/>[39m

      Name "":
      [36m<button[39m
        [33mclass[39m=[32m"btn btn-rojo"[39m
        [33mtype[39m=[32m"button"[39m
      [36m/>[39m

      Name "":
      [36m<button[39m
        [33mclass[39m=[32m"btn btn-verde rowActionButton"[39m
        [33mtype[39m=[32m"button"[39m
      [36m/>[39m

      Name "":
      [36m<button[39m
        [33mclass[39m=[32m"btn btn-rojo"[39m
        [33mtype[39m=[32m"button"[39m
      [36m/>[39m

      --------------------------------------------------
      table:

      Name "":
      [36m<table[39m
        [33mclass[39m=[32m"table table-bordered table-hover shadow table-striped tableFullWidth"[39m
      [36m/>[39m

      Name "":
      [36m<table[39m
        [33mclass[39m=[32m"table table-bordered table-hover shadow table-striped tableFullWidth"[39m
      [36m/>[39m

      Name "":
      [36m<table[39m
        [33mclass[39m=[32m"table table-bordered table-hover shadow table-striped tableFullWidth"[39m
      [36m/>[39m

      --------------------------------------------------
      rowgroup:

      Name "":
      [36m<thead />[39m

      Name "":
      [36m<tbody[39m
        [33mclass[39m=[32m"tableBodyMiddle"[39m
      [36m/>[39m

      Name "":
      [36m<thead />[39m

      Name "":
      [36m<tbody[39m
        [33mclass[39m=[32m"tableBodyMiddle"[39m
      [36m/>[39m

      Name "":
      [36m<thead />[39m

      Name "":
      [36m<tbody[39m
        [33mclass[39m=[32m"tableBodyMiddle"[39m
      [36m/>[39m

      --------------------------------------------------
      row:

      Name "Enfermedad Acci├│n":
      [36m<tr />[39m

      Name "Diabetes":
      [36m<tr />[39m

      Name "Hipertensi├│n":
      [36m<tr />[39m

      Name "Medicamento Acci├│n":
      [36m<tr />[39m

      Name "Metformina":
      [36m<tr />[39m

      Name "Losart├ín":
      [36m<tr />[39m

      Name "Obra Social Acci├│n":
      [36m<tr />[39m

      Name "OSDE":
      [36m<tr />[39m

      Name "PAMI":
      [36m<tr />[39m

      --------------------------------------------------
      columnheader:

      Name "Enfermedad":
      [36m<th[39m
        [33mscope[39m=[32m"col"[39m
      [36m/>[39m

      Name "Acci├│n":
      [36m<th[39m
        [33mscope[39m=[32m"col"[39m
      [36m/>[39m

      Name "Medicamento":
      [36m<th[39m
        [33mscope[39m=[32m"col"[39m
      [36m/>[39m

      Name "Acci├│n":
      [36m<th[39m
        [33mscope[39m=[32m"col"[39m
      [36m/>[39m

      Name "Obra Social":
      [36m<th[39m
        [33mscope[39m=[32m"col"[39m
      [36m/>[39m

      Name "Acci├│n":
      [36m<th[39m
        [33mscope[39m=[32m"col"[39m
      [36m/>[39m

      --------------------------------------------------
      cell:

      Name "Diabetes":
      [36m<td />[39m

      Name "":
      [36m<td />[39m

      Name "Hipertensi├│n":
      [36m<td />[39m

      Name "":
      [36m<td />[39m

      Name "Metformina":
      [36m<td />[39m

      Name "":
      [36m<td />[39m

      Name "Losart├ín":
      [36m<td />[39m

      Name "":
      [36m<td />[39m

      Name "OSDE":
      [36m<td />[39m

      Name "":
      [36m<td />[39m

      Name "PAMI":
      [36m<td />[39m

      Name "":
      [36m<td />[39m

      --------------------------------------------------
      checkbox:

      Name "Es P├║blica":
      [36m<input[39m
        [33mclass[39m=[32m"form-check-input checkInline"[39m
        [33mname[39m=[32m"isChecked"[39m
        [33mtype[39m=[32m"checkbox"[39m
      [36m/>[39m

      --------------------------------------------------

    Ignored nodes: comments, script, style
    [36m<body>[39m
      [36m<div>[39m
        [36m<main[39m
          [33mclass[39m=[32m"container form-paciente"[39m
        [36m>[39m
          [36m<div[39m
            [33mclass[39m=[32m"row"[39m
          [36m>[39m
            [36m<div[39m
              [33mclass[39m=[32m"col-12 col-md-12 col-lg-12 col-xl-12"[39m
            [36m>[39m
              [36m<h3>[39m
                [0mIngresar Nomencladores[0m
              [36m</h3>[39m
              [36m<hr />[39m
            [36m</div>[39m
          [36m</div>[39m
          [36m<div[39m
            [33mclass[39m=[32m"row"[39m
          [36m>[39m
            [36m<div[39m
              [33mclass[39m=[32m"mt-4 mb-4 col-12 col-md-12 col-lg-4 col-xl-4"[39m
            [36m>[39m
              [36m<div[39m
                [33mclass[39m=[32m"row"[39m
              [36m>[39m
                [36m<div[39m
                  [33mclass[39m=[32m"mb-2 col-12 col-md-12 col-lg-12 col-xl-12 input-group"[39m
                [36m>[39m
                  [36m<input[39m
                    [33mclass[39m=[32m"form-control"[39m
                    [33mid[39m=[32m"enfermedad"[39m
                    [33mname[39m=[32m"enfermedad"[39m
                    [33mplaceholder[39m=[32m"Enfermedad..."[39m
                    [33mtype[39m=[32m"text"[39m
                    [33mvalue[39m=[32m"Asma"[39m
                  [36m/>[39m
                  [36m<button[39m
                    [33mclass[39m=[32m"btn btn-azul-simple"[39m
                    [33mtype[39m=[32m"button"[39m
                  [36m>[39m
                    [36m<svg[39m
                      [33maria-hidden[39m=[32m"true"[39m
                      [33mfill[39m=[32m"currentColor"[39m
                      [33mheight[39m=[32m"16"[39m
                      [33mviewBox[39m=[32m"0 0 16 16"[39m
                      [33mwidth[39m=[32m"16"[39m
                      [33mxmlns[39m=[32m"http://www.w3.org/2000/svg"[39m
                    [36m>[39m
                      [36m<path[39m
                        [33md[39m=[32m"M8 0a1 1 0 0 1 1 1v6h6a1 1 0 1 1 0 2H9v6a1 1 0 1 1-2 0V9H1a1 1 0 0 1 
0-2h6V1a1 1 0 0 1 1-1z"[39m
                      [36m/>[39m
                    [36m</svg>[39m
                  [36m</button>[39m
                [36m</div>[39m
              [36m</div>[39m
              [36m<div[39m
                [33mclass[39m=[32m"row"[39m
              [36m>[39m
                [36m<div[39m
                  [33mclass[39m=[32m"col-12 col-md-12 col-lg-12 col-xl-12 scrollableTable"[39m
                [36m>[39m
                  [36m<table[39m
                    [33mclass[39m=[32m"table table-bordered table-hover shadow table-striped tableFullWidth"[39m
                  [36m>[39m
                    [36m<thead>[39m
                      [36m<tr>[39m
                        [36m<th[39m
                          [33mscope[39m=[32m"col"[39m
                        [36m>[39m
                          [0mEnfermedad[0m
                        [36m</th>[39m
                        [36m<th[39m
                          [33mscope[39m=[32m"col"[39m
                        [36m>[39m
                          [0mAcci├│n[0m
                        [36m</th>[39m
                      [36m</tr>[39m
                    [36m</thead>[39m
                    [36m<tbody[39m
                      [33mclass[39m=[32m"tableBodyMiddle"[39m
                    [36m>[39m
                      [36m<tr>[39m
                        [36m<td>[39m
                          [0mDiabetes[0m
                        [36m</td>[39m
                        [36m<td>[39m
                          [36m<button[39m
                            [33mclass[39m=[32m"btn btn-verde rowActionButton"[39m
                            [33mtype[39m=[32m"button"[39m
                          [36m>[39m
                            [36m<svg[39m
                              [33maria-hidden[39m=[32m"true"[39m
                              [33mfill[39m=[32m"currentColor"[39m
                              [33mheight[39m=[32m"16"[39m
                              [33mviewBox[39m=[32m"0 0 16 16"[39m
                              [33mwidth[39m=[32m"16"[39m
                              [33mxmlns[39m=[32m"http://www.w3.org/2000/svg"[39m
                            [36m>[39m
                              [36m<path[39m
                                [33md[39m=[32m"M15.502 1.94a.5.5 0 0 1 0 .706L14.459 3.69l-2-2L13.502.646a.5.5 0 0 
1 .707 0l1.293 1.293zm-1.75 2.456-2-2L4.939 9.21a.5.5 0 0 0-.121.196l-.805 2.414a.25.25 0 0 0 .316.316l2.414-.805a.5.5 
0 0 0 .196-.12l6.813-6.814z"[39m
                              [36m/>[39m
                              [36m<path[39m
                                [33md[39m=[32m"M1 13.5A1.5 1.5 0 0 0 2.5 15h11a1.5 1.5 0 0 0 1.5-1.5v-6a.5.5 0 0 
0-1 0v6a.5.5 0 0 1-.5.5h-11a.5.5 0 0 1-.5-.5v-11a.5.5 0 0 1 .5-.5H9a.5.5 0 0 0 0-1H2.5A1.5 1.5 0 0 0 1 2.5v11z"[39m
                                [33mfill-rule[39m=[32m"evenodd"[39m
                              [36m/>[39m
                            [36m</svg>[39m
                          [36m</button>[39m
                          [36m<button[39m
                            [33mclass[39m=[32m"btn btn-rojo"[39m
                            [33mtype[39m=[32m"button"[39m
                          [36m>[39m
                            [36m<svg[39m
                              [33maria-hidden[39m=[32m"true"[39m
                              [33mfill[39m=[32m"currentColor"[39m
                              [33mheight[39m=[32m"16"[39m
                              [33mviewBox[39m=[32m"0 0 16 16"[39m
                              [33mwidth[39m=[32m"16"[39m
                              [33mxmlns[39m=[32m"http://www.w3.org/2000/svg"[39m
                            [36m>[39m
                              [36m<path[39m
                                [33md[39m=[32m"M5.5 5.5A.5.5 0 0 1 6 6v6a.5.5 0 0 1-1 0V6a.5.5 0 0 1 .5-.5zm2.5 
0a.5.5 0 0 1 .5.5v6a.5.5 0 0 1-1 0V6a.5.5 0 0 1 .5-.5zm3 .5a.5.5 0 0 0-1 0v6a.5.5 0 0 0 1 0V6z"[39m
                              [36m/>[39m
                              [36m<path[39m
                                [33md[39m=[32m"M14.5 3a1 1 0 0 1-1 1H13v9a2 2 0 0 1-2 2H5a2 2 0 0 1-2-2V4h-.5a1 1 0 
0 1-1-1V2a1 1 0 0 1 1-1H6a1 1 0 0 1 1-1h2a1 1 0 0 1 1 1h3.5a1 1 0 0 1 1 1v1zM4.118 4 4 4.059V13a1 1 0 0 0 1 1h6a1 1 0 
0 0 1-1V4.059L11.882 4H4.118zM2.5 3V2h11v1h-11z"[39m
                                [33mfill-rule[39m=[32m"evenodd"[39m
                              [36m/>[39m
                            [36m</svg>[39m
                          [36m</button>[39m
                        [36m</td>[39m
                      [36m</tr>[39m
                      [36m<tr>[39m
                        [36m<td>[39m
                          [0mHipertensi├│n[0m
                        [36m</td>[39m
                        [36m<td>[39m
                          [36m<button[39m
                            [33mclass[39m=[32m"btn btn-verde rowActionButton"[39m
                            [33mtype[39m=[32m"button"[39m
                          [36m>[39m
                            [36m<svg[39m
                              [33maria-hidden[39m=[32m"true"[39m
            ...

    [0m [90m 125 |[39m       })[33m;[39m
     [90m 126 |[39m
    [31m[1m>[22m[39m[90m 127 |[39m       [36mconst[39m addButton [33m=[39m 
screen[33m.[39mgetByRole([32m'button'[39m[33m,[39m { name[33m:[39m [35m/agregar/i[39m 
})[33m.[39mclosest([32m'button'[39m)[33m;[39m
     [90m     |[39m                                [31m[1m^[22m[39m
     [90m 128 |[39m       [90m// Buscar el bot├│n "+" de enfermedad (el primero)[39m
     [90m 129 |[39m       [36mconst[39m addButtons [33m=[39m 
screen[33m.[39mgetAllByRole([32m'button'[39m)[33m;[39m
     [90m 130 |[39m       [36mconst[39m enfermedadAddButton [33m=[39m addButtons[33m.[39mfind(btn [33m=>[39m 
btn[33m.[39mclosest([32m'div'[39m)[33m?[39m[33m.[39mquerySelector([32m'#enfermedad'[39m))[33m;[39m[0m

      at Object.getElementError (node_modules/@testing-library/dom/dist/config.js:37:19)
      at node_modules/@testing-library/dom/dist/query-helpers.js:76:38
      at node_modules/@testing-library/dom/dist/query-helpers.js:52:17
      at getByRole (node_modules/@testing-library/dom/dist/query-helpers.js:95:19)
      at Object.<anonymous> (src/__tests__/nomenclador.component.test.jsx:127:32)

  ÔùÅ Nomenclador ÔÇö Unit Tests ÔÇ║ Interacciones Principales ÔÇö Enfermedades ÔÇ║ edita enfermedad: click editar ÔåÆ 
input poblado ÔåÆ click check ÔåÆ update + refresh

    TestingLibraryElementError: Unable to find an accessible element with the role "button" and name `/editar/i`

    Here are the accessible roles:

      main:

      Name "":
      [36m<main[39m
        [33mclass[39m=[32m"container form-paciente"[39m
      [36m/>[39m

      --------------------------------------------------
      heading:

      Name "Ingresar Nomencladores":
      [36m<h3 />[39m

      --------------------------------------------------
      separator:

      Name "":
      [36m<hr />[39m

      --------------------------------------------------
      textbox:

      Name "":
      [36m<input[39m
        [33mclass[39m=[32m"form-control"[39m
        [33mid[39m=[32m"enfermedad"[39m
        [33mname[39m=[32m"enfermedad"[39m
        [33mplaceholder[39m=[32m"Enfermedad..."[39m
        [33mtype[39m=[32m"text"[39m
        [33mvalue[39m=[32m""[39m
      [36m/>[39m

      Name "":
      [36m<input[39m
        [33mclass[39m=[32m"form-control"[39m
        [33mid[39m=[32m"medicamento"[39m
        [33mname[39m=[32m"medicamento"[39m
        [33mplaceholder[39m=[32m"Medicamento..."[39m
        [33mtype[39m=[32m"text"[39m
        [33mvalue[39m=[32m""[39m
      [36m/>[39m

      Name "":
      [36m<input[39m
        [33mclass[39m=[32m"form-control"[39m
        [33mid[39m=[32m"obrasocial"[39m
        [33mname[39m=[32m"obrasocial"[39m
        [33mplaceholder[39m=[32m"Obra Social..."[39m
        [33mtype[39m=[32m"text"[39m
        [33mvalue[39m=[32m""[39m
      [36m/>[39m

      --------------------------------------------------
      button:

      Name "":
      [36m<button[39m
        [33mclass[39m=[32m"btn btn-azul-simple"[39m
        [33mtype[39m=[32m"button"[39m
      [36m/>[39m

      Name "":
      [36m<button[39m
        [33mclass[39m=[32m"btn btn-verde rowActionButton"[39m
        [33mtype[39m=[32m"button"[39m
      [36m/>[39m

      Name "":
      [36m<button[39m
        [33mclass[39m=[32m"btn btn-rojo"[39m
        [33mtype[39m=[32m"button"[39m
      [36m/>[39m

      Name "":
      [36m<button[39m
        [33mclass[39m=[32m"btn btn-verde rowActionButton"[39m
        [33mtype[39m=[32m"button"[39m
      [36m/>[39m

      Name "":
      [36m<button[39m
        [33mclass[39m=[32m"btn btn-rojo"[39m
        [33mtype[39m=[32m"button"[39m
      [36m/>[39m

      Name "":
      [36m<button[39m
        [33mclass[39m=[32m"btn btn-azul-simple"[39m
        [33mtype[39m=[32m"button"[39m
      [36m/>[39m

      Name "":
      [36m<button[39m
        [33mclass[39m=[32m"btn btn-verde rowActionButton"[39m
        [33mtype[39m=[32m"button"[39m
      [36m/>[39m

      Name "":
      [36m<button[39m
        [33mclass[39m=[32m"btn btn-rojo"[39m
        [33mtype[39m=[32m"button"[39m
      [36m/>[39m

      Name "":
      [36m<button[39m
        [33mclass[39m=[32m"btn btn-verde rowActionButton"[39m
        [33mtype[39m=[32m"button"[39m
      [36m/>[39m

      Name "":
      [36m<button[39m
        [33mclass[39m=[32m"btn btn-rojo"[39m
        [33mtype[39m=[32m"button"[39m
      [36m/>[39m

      Name "":
      [36m<button[39m
        [33mclass[39m=[32m"btn btn-azul-simple"[39m
        [33mtype[39m=[32m"button"[39m
      [36m/>[39m

      Name "":
      [36m<button[39m
        [33mclass[39m=[32m"btn btn-verde rowActionButton"[39m
        [33mtype[39m=[32m"button"[39m
      [36m/>[39m

      Name "":
      [36m<button[39m
        [33mclass[39m=[32m"btn btn-rojo"[39m
        [33mtype[39m=[32m"button"[39m
      [36m/>[39m

      Name "":
      [36m<button[39m
        [33mclass[39m=[32m"btn btn-verde rowActionButton"[39m
        [33mtype[39m=[32m"button"[39m
      [36m/>[39m

      Name "":
      [36m<button[39m
        [33mclass[39m=[32m"btn btn-rojo"[39m
        [33mtype[39m=[32m"button"[39m
      [36m/>[39m

      --------------------------------------------------
      table:

      Name "":
      [36m<table[39m
        [33mclass[39m=[32m"table table-bordered table-hover shadow table-striped tableFullWidth"[39m
      [36m/>[39m

      Name "":
      [36m<table[39m
        [33mclass[39m=[32m"table table-bordered table-hover shadow table-striped tableFullWidth"[39m
      [36m/>[39m

      Name "":
      [36m<table[39m
        [33mclass[39m=[32m"table table-bordered table-hover shadow table-striped tableFullWidth"[39m
      [36m/>[39m

      --------------------------------------------------
      rowgroup:

      Name "":
      [36m<thead />[39m

      Name "":
      [36m<tbody[39m
        [33mclass[39m=[32m"tableBodyMiddle"[39m
      [36m/>[39m

      Name "":
      [36m<thead />[39m

      Name "":
      [36m<tbody[39m
        [33mclass[39m=[32m"tableBodyMiddle"[39m
      [36m/>[39m

      Name "":
      [36m<thead />[39m

      Name "":
      [36m<tbody[39m
        [33mclass[39m=[32m"tableBodyMiddle"[39m
      [36m/>[39m

      --------------------------------------------------
      row:

      Name "Enfermedad Acci├│n":
      [36m<tr />[39m

      Name "Diabetes":
      [36m<tr />[39m

      Name "Hipertensi├│n":
      [36m<tr />[39m

      Name "Medicamento Acci├│n":
      [36m<tr />[39m

      Name "Metformina":
      [36m<tr />[39m

      Name "Losart├ín":
      [36m<tr />[39m

      Name "Obra Social Acci├│n":
      [36m<tr />[39m

      Name "OSDE":
      [36m<tr />[39m

      Name "PAMI":
      [36m<tr />[39m

      --------------------------------------------------
      columnheader:

      Name "Enfermedad":
      [36m<th[39m
        [33mscope[39m=[32m"col"[39m
      [36m/>[39m

      Name "Acci├│n":
      [36m<th[39m
        [33mscope[39m=[32m"col"[39m
      [36m/>[39m

      Name "Medicamento":
      [36m<th[39m
        [33mscope[39m=[32m"col"[39m
      [36m/>[39m

      Name "Acci├│n":
      [36m<th[39m
        [33mscope[39m=[32m"col"[39m
      [36m/>[39m

      Name "Obra Social":
      [36m<th[39m
        [33mscope[39m=[32m"col"[39m
      [36m/>[39m

      Name "Acci├│n":
      [36m<th[39m
        [33mscope[39m=[32m"col"[39m
      [36m/>[39m

      --------------------------------------------------
      cell:

      Name "Diabetes":
      [36m<td />[39m

      Name "":
      [36m<td />[39m

      Name "Hipertensi├│n":
      [36m<td />[39m

      Name "":
      [36m<td />[39m

      Name "Metformina":
      [36m<td />[39m

      Name "":
      [36m<td />[39m

      Name "Losart├ín":
      [36m<td />[39m

      Name "":
      [36m<td />[39m

      Name "OSDE":
      [36m<td />[39m

      Name "":
      [36m<td />[39m

      Name "PAMI":
      [36m<td />[39m

      Name "":
      [36m<td />[39m

      --------------------------------------------------
      checkbox:

      Name "Es P├║blica":
      [36m<input[39m
        [33mclass[39m=[32m"form-check-input checkInline"[39m
        [33mname[39m=[32m"isChecked"[39m
        [33mtype[39m=[32m"checkbox"[39m
      [36m/>[39m

      --------------------------------------------------

    Ignored nodes: comments, script, style
    [36m<body>[39m
      [36m<div>[39m
        [36m<main[39m
          [33mclass[39m=[32m"container form-paciente"[39m
        [36m>[39m
          [36m<div[39m
            [33mclass[39m=[32m"row"[39m
          [36m>[39m
            [36m<div[39m
              [33mclass[39m=[32m"col-12 col-md-12 col-lg-12 col-xl-12"[39m
            [36m>[39m
              [36m<h3>[39m
                [0mIngresar Nomencladores[0m
              [36m</h3>[39m
              [36m<hr />[39m
            [36m</div>[39m
          [36m</div>[39m
          [36m<div[39m
            [33mclass[39m=[32m"row"[39m
          [36m>[39m
            [36m<div[39m
              [33mclass[39m=[32m"mt-4 mb-4 col-12 col-md-12 col-lg-4 col-xl-4"[39m
            [36m>[39m
              [36m<div[39m
                [33mclass[39m=[32m"row"[39m
              [36m>[39m
                [36m<div[39m
                  [33mclass[39m=[32m"mb-2 col-12 col-md-12 col-lg-12 col-xl-12 input-group"[39m
                [36m>[39m
                  [36m<input[39m
                    [33mclass[39m=[32m"form-control"[39m
                    [33mid[39m=[32m"enfermedad"[39m
                    [33mname[39m=[32m"enfermedad"[39m
                    [33mplaceholder[39m=[32m"Enfermedad..."[39m
                    [33mtype[39m=[32m"text"[39m
                    [33mvalue[39m=[32m""[39m
                  [36m/>[39m
                  [36m<button[39m
                    [33mclass[39m=[32m"btn btn-azul-simple"[39m
                    [33mtype[39m=[32m"button"[39m
                  [36m>[39m
                    [36m<svg[39m
                      [33maria-hidden[39m=[32m"true"[39m
                      [33mfill[39m=[32m"currentColor"[39m
                      [33mheight[39m=[32m"16"[39m
                      [33mviewBox[39m=[32m"0 0 16 16"[39m
                      [33mwidth[39m=[32m"16"[39m
                      [33mxmlns[39m=[32m"http://www.w3.org/2000/svg"[39m
                    [36m>[39m
                      [36m<path[39m
                        [33md[39m=[32m"M8 0a1 1 0 0 1 1 1v6h6a1 1 0 1 1 0 2H9v6a1 1 0 1 1-2 0V9H1a1 1 0 0 1 
0-2h6V1a1 1 0 0 1 1-1z"[39m
                      [36m/>[39m
                    [36m</svg>[39m
                  [36m</button>[39m
                [36m</div>[39m
              [36m</div>[39m
              [36m<div[39m
                [33mclass[39m=[32m"row"[39m
              [36m>[39m
                [36m<div[39m
                  [33mclass[39m=[32m"col-12 col-md-12 col-lg-12 col-xl-12 scrollableTable"[39m
                [36m>[39m
                  [36m<table[39m
                    [33mclass[39m=[32m"table table-bordered table-hover shadow table-striped tableFullWidth"[39m
                  [36m>[39m
                    [36m<thead>[39m
                      [36m<tr>[39m
                        [36m<th[39m
                          [33mscope[39m=[32m"col"[39m
                        [36m>[39m
                          [0mEnfermedad[0m
                        [36m</th>[39m
                        [36m<th[39m
                          [33mscope[39m=[32m"col"[39m
                        [36m>[39m
                          [0mAcci├│n[0m
                        [36m</th>[39m
                      [36m</tr>[39m
                    [36m</thead>[39m
                    [36m<tbody[39m
                      [33mclass[39m=[32m"tableBodyMiddle"[39m
                    [36m>[39m
                      [36m<tr>[39m
                        [36m<td>[39m
                          [0mDiabetes[0m
                        [36m</td>[39m
                        [36m<td>[39m
                          [36m<button[39m
                            [33mclass[39m=[32m"btn btn-verde rowActionButton"[39m
                            [33mtype[39m=[32m"button"[39m
                          [36m>[39m
                            [36m<svg[39m
                              [33maria-hidden[39m=[32m"true"[39m
                              [33mfill[39m=[32m"currentColor"[39m
                              [33mheight[39m=[32m"16"[39m
                              [33mviewBox[39m=[32m"0 0 16 16"[39m
                              [33mwidth[39m=[32m"16"[39m
                              [33mxmlns[39m=[32m"http://www.w3.org/2000/svg"[39m
                            [36m>[39m
                              [36m<path[39m
                                [33md[39m=[32m"M15.502 1.94a.5.5 0 0 1 0 .706L14.459 3.69l-2-2L13.502.646a.5.5 0 0 
1 .707 0l1.293 1.293zm-1.75 2.456-2-2L4.939 9.21a.5.5 0 0 0-.121.196l-.805 2.414a.25.25 0 0 0 .316.316l2.414-.805a.5.5 
0 0 0 .196-.12l6.813-6.814z"[39m
                              [36m/>[39m
                              [36m<path[39m
                                [33md[39m=[32m"M1 13.5A1.5 1.5 0 0 0 2.5 15h11a1.5 1.5 0 0 0 1.5-1.5v-6a.5.5 0 0 
0-1 0v6a.5.5 0 0 1-.5.5h-11a.5.5 0 0 1-.5-.5v-11a.5.5 0 0 1 .5-.5H9a.5.5 0 0 0 0-1H2.5A1.5 1.5 0 0 0 1 2.5v11z"[39m
                                [33mfill-rule[39m=[32m"evenodd"[39m
                              [36m/>[39m
                            [36m</svg>[39m
                          [36m</button>[39m
                          [36m<button[39m
                            [33mclass[39m=[32m"btn btn-rojo"[39m
                            [33mtype[39m=[32m"button"[39m
                          [36m>[39m
                            [36m<svg[39m
                              [33maria-hidden[39m=[32m"true"[39m
                              [33mfill[39m=[32m"currentColor"[39m
                              [33mheight[39m=[32m"16"[39m
                              [33mviewBox[39m=[32m"0 0 16 16"[39m
                              [33mwidth[39m=[32m"16"[39m
                              [33mxmlns[39m=[32m"http://www.w3.org/2000/svg"[39m
                            [36m>[39m
                              [36m<path[39m
                                [33md[39m=[32m"M5.5 5.5A.5.5 0 0 1 6 6v6a.5.5 0 0 1-1 0V6a.5.5 0 0 1 .5-.5zm2.5 
0a.5.5 0 0 1 .5.5v6a.5.5 0 0 1-1 0V6a.5.5 0 0 1 .5-.5zm3 .5a.5.5 0 0 0-1 0v6a.5.5 0 0 0 1 0V6z"[39m
                              [36m/>[39m
                              [36m<path[39m
                                [33md[39m=[32m"M14.5 3a1 1 0 0 1-1 1H13v9a2 2 0 0 1-2 2H5a2 2 0 0 1-2-2V4h-.5a1 1 0 
0 1-1-1V2a1 1 0 0 1 1-1H6a1 1 0 0 1 1-1h2a1 1 0 0 1 1 1h3.5a1 1 0 0 1 1 1v1zM4.118 4 4 4.059V13a1 1 0 0 0 1 1h6a1 1 0 
0 0 1-1V4.059L11.882 4H4.118zM2.5 3V2h11v1h-11z"[39m
                                [33mfill-rule[39m=[32m"evenodd"[39m
                              [36m/>[39m
                            [36m</svg>[39m
                          [36m</button>[39m
                        [36m</td>[39m
                      [36m</tr>[39m
                      [36m<tr>[39m
                        [36m<td>[39m
                          [0mHipertensi├│n[0m
                        [36m</td>[39m
                        [36m<td>[39m
                          [36m<button[39m
                            [33mclass[39m=[32m"btn btn-verde rowActionButton"[39m
                            [33mtype[39m=[32m"button"[39m
                          [36m>[39m
                            [36m<svg[39m
                              [33maria-hidden[39m=[32m"true"[39m
                ...

    [0m [90m 146 |[39m
     [90m 147 |[39m       [90m// Click bot├│n editar (primer bot├│n verde en la tabla de enfermedades)[39m
    [31m[1m>[22m[39m[90m 148 |[39m       [36mconst[39m editButtons [33m=[39m 
screen[33m.[39mgetAllByRole([32m'button'[39m[33m,[39m { name[33m:[39m [35m/editar/i[39m })[33m;[39m
     [90m     |[39m                                  [31m[1m^[22m[39m
     [90m 149 |[39m       [36mawait[39m act([36masync[39m () [33m=>[39m {
     [90m 150 |[39m         fireEvent[33m.[39mclick(editButtons[[35m0[39m])[33m;[39m
     [90m 151 |[39m       })[33m;[39m[0m

      at Object.getElementError (node_modules/@testing-library/dom/dist/config.js:37:19)
      at node_modules/@testing-library/dom/dist/query-helpers.js:76:38
      at getAllByRole (node_modules/@testing-library/dom/dist/query-helpers.js:109:15)
      at Object.<anonymous> (src/__tests__/nomenclador.component.test.jsx:148:34)

  ÔùÅ Nomenclador ÔÇö Unit Tests ÔÇ║ Interacciones Principales ÔÇö Enfermedades ÔÇ║ elimina enfermedad: click eliminar 
ÔåÆ confirmaci├│n ÔåÆ delete + refresh

    TestingLibraryElementError: Unable to find an accessible element with the role "button" and name `/eliminar/i`

    Here are the accessible roles:

      main:

      Name "":
      [36m<main[39m
        [33mclass[39m=[32m"container form-paciente"[39m
      [36m/>[39m

      --------------------------------------------------
      heading:

      Name "Ingresar Nomencladores":
      [36m<h3 />[39m

      --------------------------------------------------
      separator:

      Name "":
      [36m<hr />[39m

      --------------------------------------------------
      textbox:

      Name "":
      [36m<input[39m
        [33mclass[39m=[32m"form-control"[39m
        [33mid[39m=[32m"enfermedad"[39m
        [33mname[39m=[32m"enfermedad"[39m
        [33mplaceholder[39m=[32m"Enfermedad..."[39m
        [33mtype[39m=[32m"text"[39m
        [33mvalue[39m=[32m""[39m
      [36m/>[39m

      Name "":
      [36m<input[39m
        [33mclass[39m=[32m"form-control"[39m
        [33mid[39m=[32m"medicamento"[39m
        [33mname[39m=[32m"medicamento"[39m
        [33mplaceholder[39m=[32m"Medicamento..."[39m
        [33mtype[39m=[32m"text"[39m
        [33mvalue[39m=[32m""[39m
      [36m/>[39m

      Name "":
      [36m<input[39m
        [33mclass[39m=[32m"form-control"[39m
        [33mid[39m=[32m"obrasocial"[39m
        [33mname[39m=[32m"obrasocial"[39m
        [33mplaceholder[39m=[32m"Obra Social..."[39m
        [33mtype[39m=[32m"text"[39m
        [33mvalue[39m=[32m""[39m
      [36m/>[39m

      --------------------------------------------------
      button:

      Name "":
      [36m<button[39m
        [33mclass[39m=[32m"btn btn-azul-simple"[39m
        [33mtype[39m=[32m"button"[39m
      [36m/>[39m

      Name "":
      [36m<button[39m
        [33mclass[39m=[32m"btn btn-verde rowActionButton"[39m
        [33mtype[39m=[32m"button"[39m
      [36m/>[39m

      Name "":
      [36m<button[39m
        [33mclass[39m=[32m"btn btn-rojo"[39m
        [33mtype[39m=[32m"button"[39m
      [36m/>[39m

      Name "":
      [36m<button[39m
        [33mclass[39m=[32m"btn btn-verde rowActionButton"[39m
        [33mtype[39m=[32m"button"[39m
      [36m/>[39m

      Name "":
      [36m<button[39m
        [33mclass[39m=[32m"btn btn-rojo"[39m
        [33mtype[39m=[32m"button"[39m
      [36m/>[39m

      Name "":
      [36m<button[39m
        [33mclass[39m=[32m"btn btn-azul-simple"[39m
        [33mtype[39m=[32m"button"[39m
      [36m/>[39m

      Name "":
      [36m<button[39m
        [33mclass[39m=[32m"btn btn-verde rowActionButton"[39m
        [33mtype[39m=[32m"button"[39m
      [36m/>[39m

      Name "":
      [36m<button[39m
        [33mclass[39m=[32m"btn btn-rojo"[39m
        [33mtype[39m=[32m"button"[39m
      [36m/>[39m

      Name "":
      [36m<button[39m
        [33mclass[39m=[32m"btn btn-verde rowActionButton"[39m
        [33mtype[39m=[32m"button"[39m
      [36m/>[39m

      Name "":
      [36m<button[39m
        [33mclass[39m=[32m"btn btn-rojo"[39m
        [33mtype[39m=[32m"button"[39m
      [36m/>[39m

      Name "":
      [36m<button[39m
        [33mclass[39m=[32m"btn btn-azul-simple"[39m
        [33mtype[39m=[32m"button"[39m
      [36m/>[39m

      Name "":
      [36m<button[39m
        [33mclass[39m=[32m"btn btn-verde rowActionButton"[39m
        [33mtype[39m=[32m"button"[39m
      [36m/>[39m

      Name "":
      [36m<button[39m
        [33mclass[39m=[32m"btn btn-rojo"[39m
        [33mtype[39m=[32m"button"[39m
      [36m/>[39m

      Name "":
      [36m<button[39m
        [33mclass[39m=[32m"btn btn-verde rowActionButton"[39m
        [33mtype[39m=[32m"button"[39m
      [36m/>[39m

      Name "":
      [36m<button[39m
        [33mclass[39m=[32m"btn btn-rojo"[39m
        [33mtype[39m=[32m"button"[39m
      [36m/>[39m

      --------------------------------------------------
      table:

      Name "":
      [36m<table[39m
        [33mclass[39m=[32m"table table-bordered table-hover shadow table-striped tableFullWidth"[39m
      [36m/>[39m

      Name "":
      [36m<table[39m
        [33mclass[39m=[32m"table table-bordered table-hover shadow table-striped tableFullWidth"[39m
      [36m/>[39m

      Name "":
      [36m<table[39m
        [33mclass[39m=[32m"table table-bordered table-hover shadow table-striped tableFullWidth"[39m
      [36m/>[39m

      --------------------------------------------------
      rowgroup:

      Name "":
      [36m<thead />[39m

      Name "":
      [36m<tbody[39m
        [33mclass[39m=[32m"tableBodyMiddle"[39m
      [36m/>[39m

      Name "":
      [36m<thead />[39m

      Name "":
      [36m<tbody[39m
        [33mclass[39m=[32m"tableBodyMiddle"[39m
      [36m/>[39m

      Name "":
      [36m<thead />[39m

      Name "":
      [36m<tbody[39m
        [33mclass[39m=[32m"tableBodyMiddle"[39m
      [36m/>[39m

      --------------------------------------------------
      row:

      Name "Enfermedad Acci├│n":
      [36m<tr />[39m

      Name "Diabetes":
      [36m<tr />[39m

      Name "Hipertensi├│n":
      [36m<tr />[39m

      Name "Medicamento Acci├│n":
      [36m<tr />[39m

      Name "Metformina":
      [36m<tr />[39m

      Name "Losart├ín":
      [36m<tr />[39m

      Name "Obra Social Acci├│n":
      [36m<tr />[39m

      Name "OSDE":
      [36m<tr />[39m

      Name "PAMI":
      [36m<tr />[39m

      --------------------------------------------------
      columnheader:

      Name "Enfermedad":
      [36m<th[39m
        [33mscope[39m=[32m"col"[39m
      [36m/>[39m

      Name "Acci├│n":
      [36m<th[39m
        [33mscope[39m=[32m"col"[39m
      [36m/>[39m

      Name "Medicamento":
      [36m<th[39m
        [33mscope[39m=[32m"col"[39m
      [36m/>[39m

      Name "Acci├│n":
      [36m<th[39m
        [33mscope[39m=[32m"col"[39m
      [36m/>[39m

      Name "Obra Social":
      [36m<th[39m
        [33mscope[39m=[32m"col"[39m
      [36m/>[39m

      Name "Acci├│n":
      [36m<th[39m
        [33mscope[39m=[32m"col"[39m
      [36m/>[39m

      --------------------------------------------------
      cell:

      Name "Diabetes":
      [36m<td />[39m

      Name "":
      [36m<td />[39m

      Name "Hipertensi├│n":
      [36m<td />[39m

      Name "":
      [36m<td />[39m

      Name "Metformina":
      [36m<td />[39m

      Name "":
      [36m<td />[39m

      Name "Losart├ín":
      [36m<td />[39m

      Name "":
      [36m<td />[39m

      Name "OSDE":
      [36m<td />[39m

      Name "":
      [36m<td />[39m

      Name "PAMI":
      [36m<td />[39m

      Name "":
      [36m<td />[39m

      --------------------------------------------------
      checkbox:

      Name "Es P├║blica":
      [36m<input[39m
        [33mclass[39m=[32m"form-check-input checkInline"[39m
        [33mname[39m=[32m"isChecked"[39m
        [33mtype[39m=[32m"checkbox"[39m
      [36m/>[39m

      --------------------------------------------------

    Ignored nodes: comments, script, style
    [36m<body>[39m
      [36m<div>[39m
        [36m<main[39m
          [33mclass[39m=[32m"container form-paciente"[39m
        [36m>[39m
          [36m<div[39m
            [33mclass[39m=[32m"row"[39m
          [36m>[39m
            [36m<div[39m
              [33mclass[39m=[32m"col-12 col-md-12 col-lg-12 col-xl-12"[39m
            [36m>[39m
              [36m<h3>[39m
                [0mIngresar Nomencladores[0m
              [36m</h3>[39m
              [36m<hr />[39m
            [36m</div>[39m
          [36m</div>[39m
          [36m<div[39m
            [33mclass[39m=[32m"row"[39m
          [36m>[39m
            [36m<div[39m
              [33mclass[39m=[32m"mt-4 mb-4 col-12 col-md-12 col-lg-4 col-xl-4"[39m
            [36m>[39m
              [36m<div[39m
                [33mclass[39m=[32m"row"[39m
              [36m>[39m
                [36m<div[39m
                  [33mclass[39m=[32m"mb-2 col-12 col-md-12 col-lg-12 col-xl-12 input-group"[39m
                [36m>[39m
                  [36m<input[39m
                    [33mclass[39m=[32m"form-control"[39m
                    [33mid[39m=[32m"enfermedad"[39m
                    [33mname[39m=[32m"enfermedad"[39m
                    [33mplaceholder[39m=[32m"Enfermedad..."[39m
                    [33mtype[39m=[32m"text"[39m
                    [33mvalue[39m=[32m""[39m
                  [36m/>[39m
                  [36m<button[39m
                    [33mclass[39m=[32m"btn btn-azul-simple"[39m
                    [33mtype[39m=[32m"button"[39m
                  [36m>[39m
                    [36m<svg[39m
                      [33maria-hidden[39m=[32m"true"[39m
                      [33mfill[39m=[32m"currentColor"[39m
                      [33mheight[39m=[32m"16"[39m
                      [33mviewBox[39m=[32m"0 0 16 16"[39m
                      [33mwidth[39m=[32m"16"[39m
                      [33mxmlns[39m=[32m"http://www.w3.org/2000/svg"[39m
                    [36m>[39m
                      [36m<path[39m
                        [33md[39m=[32m"M8 0a1 1 0 0 1 1 1v6h6a1 1 0 1 1 0 2H9v6a1 1 0 1 1-2 0V9H1a1 1 0 0 1 
0-2h6V1a1 1 0 0 1 1-1z"[39m
                      [36m/>[39m
                    [36m</svg>[39m
                  [36m</button>[39m
                [36m</div>[39m
              [36m</div>[39m
              [36m<div[39m
                [33mclass[39m=[32m"row"[39m
              [36m>[39m
                [36m<div[39m
                  [33mclass[39m=[32m"col-12 col-md-12 col-lg-12 col-xl-12 scrollableTable"[39m
                [36m>[39m
                  [36m<table[39m
                    [33mclass[39m=[32m"table table-bordered table-hover shadow table-striped tableFullWidth"[39m
                  [36m>[39m
                    [36m<thead>[39m
                      [36m<tr>[39m
                        [36m<th[39m
                          [33mscope[39m=[32m"col"[39m
                        [36m>[39m
                          [0mEnfermedad[0m
                        [36m</th>[39m
                        [36m<th[39m
                          [33mscope[39m=[32m"col"[39m
                        [36m>[39m
                          [0mAcci├│n[0m
                        [36m</th>[39m
                      [36m</tr>[39m
                    [36m</thead>[39m
                    [36m<tbody[39m
                      [33mclass[39m=[32m"tableBodyMiddle"[39m
                    [36m>[39m
                      [36m<tr>[39m
                        [36m<td>[39m
                          [0mDiabetes[0m
                        [36m</td>[39m
                        [36m<td>[39m
                          [36m<button[39m
                            [33mclass[39m=[32m"btn btn-verde rowActionButton"[39m
                            [33mtype[39m=[32m"button"[39m
                          [36m>[39m
                            [36m<svg[39m
                              [33maria-hidden[39m=[32m"true"[39m
                              [33mfill[39m=[32m"currentColor"[39m
                              [33mheight[39m=[32m"16"[39m
                              [33mviewBox[39m=[32m"0 0 16 16"[39m
                              [33mwidth[39m=[32m"16"[39m
                              [33mxmlns[39m=[32m"http://www.w3.org/2000/svg"[39m
                            [36m>[39m
                              [36m<path[39m
                                [33md[39m=[32m"M15.502 1.94a.5.5 0 0 1 0 .706L14.459 3.69l-2-2L13.502.646a.5.5 0 0 
1 .707 0l1.293 1.293zm-1.75 2.456-2-2L4.939 9.21a.5.5 0 0 0-.121.196l-.805 2.414a.25.25 0 0 0 .316.316l2.414-.805a.5.5 
0 0 0 .196-.12l6.813-6.814z"[39m
                              [36m/>[39m
                              [36m<path[39m
                                [33md[39m=[32m"M1 13.5A1.5 1.5 0 0 0 2.5 15h11a1.5 1.5 0 0 0 1.5-1.5v-6a.5.5 0 0 
0-1 0v6a.5.5 0 0 1-.5.5h-11a.5.5 0 0 1-.5-.5v-11a.5.5 0 0 1 .5-.5H9a.5.5 0 0 0 0-1H2.5A1.5 1.5 0 0 0 1 2.5v11z"[39m
                                [33mfill-rule[39m=[32m"evenodd"[39m
                              [36m/>[39m
                            [36m</svg>[39m
                          [36m</button>[39m
                          [36m<button[39m
                            [33mclass[39m=[32m"btn btn-rojo"[39m
                            [33mtype[39m=[32m"button"[39m
                          [36m>[39m
                            [36m<svg[39m
                              [33maria-hidden[39m=[32m"true"[39m
                              [33mfill[39m=[32m"currentColor"[39m
                              [33mheight[39m=[32m"16"[39m
                              [33mviewBox[39m=[32m"0 0 16 16"[39m
                              [33mwidth[39m=[32m"16"[39m
                              [33mxmlns[39m=[32m"http://www.w3.org/2000/svg"[39m
                            [36m>[39m
                              [36m<path[39m
                                [33md[39m=[32m"M5.5 5.5A.5.5 0 0 1 6 6v6a.5.5 0 0 1-1 0V6a.5.5 0 0 1 .5-.5zm2.5 
0a.5.5 0 0 1 .5.5v6a.5.5 0 0 1-1 0V6a.5.5 0 0 1 .5-.5zm3 .5a.5.5 0 0 0-1 0v6a.5.5 0 0 0 1 0V6z"[39m
                              [36m/>[39m
                              [36m<path[39m
                                [33md[39m=[32m"M14.5 3a1 1 0 0 1-1 1H13v9a2 2 0 0 1-2 2H5a2 2 0 0 1-2-2V4h-.5a1 1 0 
0 1-1-1V2a1 1 0 0 1 1-1H6a1 1 0 0 1 1-1h2a1 1 0 0 1 1 1h3.5a1 1 0 0 1 1 1v1zM4.118 4 4 4.059V13a1 1 0 0 0 1 1h6a1 1 0 
0 0 1-1V4.059L11.882 4H4.118zM2.5 3V2h11v1h-11z"[39m
                                [33mfill-rule[39m=[32m"evenodd"[39m
                              [36m/>[39m
                            [36m</svg>[39m
                          [36m</button>[39m
                        [36m</td>[39m
                      [36m</tr>[39m
                      [36m<tr>[39m
                        [36m<td>[39m
                          [0mHipertensi├│n[0m
                        [36m</td>[39m
                        [36m<td>[39m
                          [36m<button[39m
                            [33mclass[39m=[32m"btn btn-verde rowActionButton"[39m
                            [33mtype[39m=[32m"button"[39m
                          [36m>[39m
                            [36m<svg[39m
                              [33maria-hidden[39m=[32m"true"[39m
                ...

    [0m [90m 173 |[39m
     [90m 174 |[39m       [90m// Click bot├│n eliminar (primer bot├│n rojo en la tabla de enfermedades)[39m
    [31m[1m>[22m[39m[90m 175 |[39m       [36mconst[39m deleteButtons [33m=[39m 
screen[33m.[39mgetAllByRole([32m'button'[39m[33m,[39m { name[33m:[39m [35m/eliminar/i[39m })[33m;[39m
     [90m     |[39m                                    [31m[1m^[22m[39m
     [90m 176 |[39m       [36mawait[39m act([36masync[39m () [33m=>[39m {
     [90m 177 |[39m         fireEvent[33m.[39mclick(deleteButtons[[35m0[39m])[33m;[39m
     [90m 178 |[39m       })[33m;[39m[0m

      at Object.getElementError (node_modules/@testing-library/dom/dist/config.js:37:19)
      at node_modules/@testing-library/dom/dist/query-helpers.js:76:38
      at getAllByRole (node_modules/@testing-library/dom/dist/query-helpers.js:109:15)
      at Object.<anonymous> (src/__tests__/nomenclador.component.test.jsx:175:36)

  ÔùÅ Nomenclador ÔÇö Unit Tests ÔÇ║ Interacciones Principales ÔÇö Medicamentos ÔÇ║ edita medicamento

    expect(element).toHaveValue(Metformina)

    Expected the element to have value:
      Metformina
    Received:

    [0m [90m 218 |[39m
     [90m 219 |[39m       [36mconst[39m input [33m=[39m 
screen[33m.[39mgetByPlaceholderText([32m'Medicamento...'[39m)[33m;[39m
    [31m[1m>[22m[39m[90m 220 |[39m       expect(input)[33m.[39mtoHaveValue([32m'Metformina'[39m)[33m;[39m
     [90m     |[39m                     [31m[1m^[22m[39m
     [90m 221 |[39m
     [90m 222 |[39m       [36mconst[39m checkButton [33m=[39m screen[33m.[39mgetByPlaceholderText([32m'Medicam
ento...'[39m)[33m.[39mclosest([32m'div'[39m)[33m.[39mquerySelector([32m'.btn-azul-simple'[39m)[33m;[39m
     [90m 223 |[39m       [36mawait[39m act([36masync[39m () [33m=>[39m {[0m

      at Object.<anonymous> (src/__tests__/nomenclador.component.test.jsx:220:21)

  ÔùÅ Nomenclador ÔÇö Unit Tests ÔÇ║ Interacciones Principales ÔÇö Obras Sociales ÔÇ║ agrega nueva obra social con 
checkbox "Es P├║blica"

    expect(jest.fn()).toHaveBeenCalledWith(...expected)

    - Expected
    + Received

      Object {
    -   "esestatal": 1,
    +   "esestatal": undefined,
        "nombre": "Swiss Medical",
      },

    Number of calls: 1

    [0m [90m 249 |[39m       })[33m;[39m
     [90m 250 |[39m
    [31m[1m>[22m[39m[90m 251 |[39m       
expect(obrasocialRepository[33m.[39mcreate)[33m.[39mtoHaveBeenCalledWith({ nombre[33m:[39m [32m'Swiss 
Medical'[39m[33m,[39m esestatal[33m:[39m [35m1[39m })[33m;[39m
     [90m     |[39m                                           [31m[1m^[22m[39m
     [90m 252 |[39m       
expect(obrasocialRepository[33m.[39mgetAll)[33m.[39mtoHaveBeenCalledTimes([35m2[39m)[33m;[39m
     [90m 253 |[39m     })[33m;[39m
     [90m 254 |[39m[0m

      at Object.<anonymous> (src/__tests__/nomenclador.component.test.jsx:251:43)

  ÔùÅ Nomenclador ÔÇö Unit Tests ÔÇ║ Interacciones Principales ÔÇö Obras Sociales ÔÇ║ edita obra social mantiene 
checkbox

    expect(element).toHaveValue(PAMI)

    Expected the element to have value:
      PAMI
    Received:

    [0m [90m 267 |[39m       [36mconst[39m input [33m=[39m screen[33m.[39mgetByPlaceholderText([32m'Obra 
Social...'[39m)[33m;[39m
     [90m 268 |[39m       [36mconst[39m checkbox [33m=[39m screen[33m.[39mgetByLabelText([32m'Es 
P├║blica'[39m)[33m;[39m
    [31m[1m>[22m[39m[90m 269 |[39m       expect(input)[33m.[39mtoHaveValue([32m'PAMI'[39m)[33m;[39m
     [90m     |[39m                     [31m[1m^[22m[39m
     [90m 270 |[39m       expect(checkbox)[33m.[39mtoBeChecked()[33m;[39m
     [90m 271 |[39m
     [90m 272 |[39m       [36mconst[39m checkButton [33m=[39m screen[33m.[39mgetByPlaceholderText([32m'Obra So
cial...'[39m)[33m.[39mclosest([32m'div'[39m)[33m.[39mquerySelector([32m'.btn-azul-simple'[39m)[33m;[39m[0m

      at Object.<anonymous> (src/__tests__/nomenclador.component.test.jsx:269:21)

  ÔùÅ Nomenclador ÔÇö Unit Tests ÔÇ║ Casos Borde ÔÇ║ cancelar limpia formulario y sale de modo edici├│n

    expect(element).toHaveValue(Diabetes)

    Expected the element to have value:
      Diabetes
    Received:

    [0m [90m 292 |[39m
     [90m 293 |[39m       [36mconst[39m input [33m=[39m 
screen[33m.[39mgetByPlaceholderText([32m'Enfermedad...'[39m)[33m;[39m
    [31m[1m>[22m[39m[90m 294 |[39m       expect(input)[33m.[39mtoHaveValue([32m'Diabetes'[39m)[33m;[39m
     [90m     |[39m                     [31m[1m^[22m[39m
     [90m 295 |[39m
     [90m 296 |[39m       [36mconst[39m cancelButton [33m=[39m 
screen[33m.[39mgetByRole([32m'button'[39m[33m,[39m { name[33m:[39m [35m/cancelar/i[39m })[33m;[39m
     [90m 297 |[39m       [36mawait[39m act([36masync[39m () [33m=>[39m {[0m

      at Object.<anonymous> (src/__tests__/nomenclador.component.test.jsx:294:21)

PASS src/__tests__/icons-rest-propagation.test.js
PASS src/__tests__/ficha-medica.component.test.jsx
  ÔùÅ Console

    console.warn
      ÔÜá´©Å React Router Future Flag Warning: React Router will begin wrapping state updates in 
`React.startTransition` in v7. You can use the `v7_startTransition` future flag to opt-in early. For more information, 
see https://reactrouter.com/v6/upgrading/future#v7_starttransition.

    [0m [90m 93 |[39m
     [90m 94 |[39m [36mconst[39m renderWithStore [33m=[39m (store [33m=[39m createStore()) [33m=>[39m {
    [31m[1m>[22m[39m[90m 95 |[39m   [36mreturn[39m render(
     [90m    |[39m                [31m[1m^[22m[39m
     [90m 96 |[39m     [33m<[39m[33mProvider[39m store[33m=[39m{store}[33m>[39m
     [90m 97 |[39m       [33m<[39m[33mMemoryRouter[39m 
initialEntries[33m=[39m{[[32m'/ficha-medica'[39m]}[33m>[39m
     [90m 98 |[39m         [33m<[39m[33mFichaMedica[39m [33m/[39m[33m>[39m[0m

      at warnOnce (node_modules/react-router/lib/deprecations.ts:9:13)
      at logDeprecation (node_modules/react-router/lib/deprecations.ts:14:3)
      at logV6DeprecationWarnings (node_modules/react-router/lib/deprecations.ts:26:5)
      at node_modules/react-router/lib/components.tsx:257:25
      at commitHookEffectListMount (node_modules/react-dom/cjs/react-dom.development.js:23189:26)
      at commitPassiveMountOnFiber (node_modules/react-dom/cjs/react-dom.development.js:24970:11)
      at commitPassiveMountEffects_complete (node_modules/react-dom/cjs/react-dom.development.js:24930:9)
      at commitPassiveMountEffects_begin (node_modules/react-dom/cjs/react-dom.development.js:24917:7)
      at commitPassiveMountEffects (node_modules/react-dom/cjs/react-dom.development.js:24905:3)
      at flushPassiveEffectsImpl (node_modules/react-dom/cjs/react-dom.development.js:27078:3)
      at flushPassiveEffects (node_modules/react-dom/cjs/react-dom.development.js:27023:14)
      at node_modules/react-dom/cjs/react-dom.development.js:26808:9
      at flushActQueue (node_modules/react/cjs/react.development.js:2667:24)
      at act (node_modules/react/cjs/react.development.js:2582:11)
      at node_modules/@testing-library/react/dist/act-compat.js:47:25
      at renderRoot (node_modules/@testing-library/react/dist/pure.js:180:26)
      at render (node_modules/@testing-library/react/dist/pure.js:271:10)
      at renderWithStore (src/__tests__/ficha-medica.component.test.jsx:95:16)
      at Object.<anonymous> (src/__tests__/ficha-medica.component.test.jsx:115:7)

    console.warn
      ÔÜá´©Å React Router Future Flag Warning: Relative route resolution within Splat routes is changing in v7. You 
can use the `v7_relativeSplatPath` future flag to opt-in early. For more information, see 
https://reactrouter.com/v6/upgrading/future#v7_relativesplatpath.

    [0m [90m 93 |[39m
     [90m 94 |[39m [36mconst[39m renderWithStore [33m=[39m (store [33m=[39m createStore()) [33m=>[39m {
    [31m[1m>[22m[39m[90m 95 |[39m   [36mreturn[39m render(
     [90m    |[39m                [31m[1m^[22m[39m
     [90m 96 |[39m     [33m<[39m[33mProvider[39m store[33m=[39m{store}[33m>[39m
     [90m 97 |[39m       [33m<[39m[33mMemoryRouter[39m 
initialEntries[33m=[39m{[[32m'/ficha-medica'[39m]}[33m>[39m
     [90m 98 |[39m         [33m<[39m[33mFichaMedica[39m [33m/[39m[33m>[39m[0m

      at warnOnce (node_modules/react-router/lib/deprecations.ts:9:13)
      at logDeprecation (node_modules/react-router/lib/deprecations.ts:14:3)
      at logV6DeprecationWarnings (node_modules/react-router/lib/deprecations.ts:37:5)
      at node_modules/react-router/lib/components.tsx:257:25
      at commitHookEffectListMount (node_modules/react-dom/cjs/react-dom.development.js:23189:26)
      at commitPassiveMountOnFiber (node_modules/react-dom/cjs/react-dom.development.js:24970:11)
      at commitPassiveMountEffects_complete (node_modules/react-dom/cjs/react-dom.development.js:24930:9)
      at commitPassiveMountEffects_begin (node_modules/react-dom/cjs/react-dom.development.js:24917:7)
      at commitPassiveMountEffects (node_modules/react-dom/cjs/react-dom.development.js:24905:3)
      at flushPassiveEffectsImpl (node_modules/react-dom/cjs/react-dom.development.js:27078:3)
      at flushPassiveEffects (node_modules/react-dom/cjs/react-dom.development.js:27023:14)
      at node_modules/react-dom/cjs/react-dom.development.js:26808:9
      at flushActQueue (node_modules/react/cjs/react.development.js:2667:24)
      at act (node_modules/react/cjs/react.development.js:2582:11)
      at node_modules/@testing-library/react/dist/act-compat.js:47:25
      at renderRoot (node_modules/@testing-library/react/dist/pure.js:180:26)
      at render (node_modules/@testing-library/react/dist/pure.js:271:10)
      at renderWithStore (src/__tests__/ficha-medica.component.test.jsx:95:16)
      at Object.<anonymous> (src/__tests__/ficha-medica.component.test.jsx:115:7)

PASS src/__tests__/login.component.test.jsx
  ÔùÅ Console

    console.warn
      ÔÜá´©Å React Router Future Flag Warning: React Router will begin wrapping state updates in 
`React.startTransition` in v7. You can use the `v7_startTransition` future flag to opt-in early. For more information, 
see https://reactrouter.com/v6/upgrading/future#v7_starttransition.

    [0m [90m 44 |[39m
     [90m 45 |[39m [36mconst[39m renderWithRouter [33m=[39m (component) [33m=>[39m {
    [31m[1m>[22m[39m[90m 46 |[39m   [36mreturn[39m render([33m<[39m[33mBrowserRouter[39m[33m>[39m{compone
nt}[33m<[39m[33m/[39m[33mBrowserRouter[39m[33m>[39m)[33m;[39m
     [90m    |[39m                [31m[1m^[22m[39m
     [90m 47 |[39m }[33m;[39m
     [90m 48 |[39m
     [90m 49 |[39m beforeEach(() [33m=>[39m {[0m

      at warnOnce (node_modules/react-router/lib/deprecations.ts:9:13)
      at logDeprecation (node_modules/react-router/lib/deprecations.ts:14:3)
      at Object.logV6DeprecationWarnings [as UNSAFE_logV6DeprecationWarnings] 
(node_modules/react-router/lib/deprecations.ts:26:5)
      at node_modules/react-router-dom/index.tsx:816:25
      at commitHookEffectListMount (node_modules/react-dom/cjs/react-dom.development.js:23189:26)
      at commitPassiveMountOnFiber (node_modules/react-dom/cjs/react-dom.development.js:24970:11)
      at commitPassiveMountEffects_complete (node_modules/react-dom/cjs/react-dom.development.js:24930:9)
      at commitPassiveMountEffects_begin (node_modules/react-dom/cjs/react-dom.development.js:24917:7)
      at commitPassiveMountEffects (node_modules/react-dom/cjs/react-dom.development.js:24905:3)
      at flushPassiveEffectsImpl (node_modules/react-dom/cjs/react-dom.development.js:27078:3)
      at flushPassiveEffects (node_modules/react-dom/cjs/react-dom.development.js:27023:14)
      at node_modules/react-dom/cjs/react-dom.development.js:26808:9
      at flushActQueue (node_modules/react/cjs/react.development.js:2667:24)
      at act (node_modules/react/cjs/react.development.js:2582:11)
      at node_modules/@testing-library/react/dist/act-compat.js:47:25
      at renderRoot (node_modules/@testing-library/react/dist/pure.js:180:26)
      at render (node_modules/@testing-library/react/dist/pure.js:271:10)
      at renderWithRouter (src/__tests__/login.component.test.jsx:46:16)
      at Object.<anonymous> (src/__tests__/login.component.test.jsx:77:7)

    console.warn
      ÔÜá´©Å React Router Future Flag Warning: Relative route resolution within Splat routes is changing in v7. You 
can use the `v7_relativeSplatPath` future flag to opt-in early. For more information, see 
https://reactrouter.com/v6/upgrading/future#v7_relativesplatpath.

    [0m [90m 44 |[39m
     [90m 45 |[39m [36mconst[39m renderWithRouter [33m=[39m (component) [33m=>[39m {
    [31m[1m>[22m[39m[90m 46 |[39m   [36mreturn[39m render([33m<[39m[33mBrowserRouter[39m[33m>[39m{compone
nt}[33m<[39m[33m/[39m[33mBrowserRouter[39m[33m>[39m)[33m;[39m
     [90m    |[39m                [31m[1m^[22m[39m
     [90m 47 |[39m }[33m;[39m
     [90m 48 |[39m
     [90m 49 |[39m beforeEach(() [33m=>[39m {[0m

      at warnOnce (node_modules/react-router/lib/deprecations.ts:9:13)
      at logDeprecation (node_modules/react-router/lib/deprecations.ts:14:3)
      at Object.logV6DeprecationWarnings [as UNSAFE_logV6DeprecationWarnings] 
(node_modules/react-router/lib/deprecations.ts:37:5)
      at node_modules/react-router-dom/index.tsx:816:25
      at commitHookEffectListMount (node_modules/react-dom/cjs/react-dom.development.js:23189:26)
      at commitPassiveMountOnFiber (node_modules/react-dom/cjs/react-dom.development.js:24970:11)
      at commitPassiveMountEffects_complete (node_modules/react-dom/cjs/react-dom.development.js:24930:9)
      at commitPassiveMountEffects_begin (node_modules/react-dom/cjs/react-dom.development.js:24917:7)
      at commitPassiveMountEffects (node_modules/react-dom/cjs/react-dom.development.js:24905:3)
      at flushPassiveEffectsImpl (node_modules/react-dom/cjs/react-dom.development.js:27078:3)
      at flushPassiveEffects (node_modules/react-dom/cjs/react-dom.development.js:27023:14)
      at node_modules/react-dom/cjs/react-dom.development.js:26808:9
      at flushActQueue (node_modules/react/cjs/react.development.js:2667:24)
      at act (node_modules/react/cjs/react.development.js:2582:11)
      at node_modules/@testing-library/react/dist/act-compat.js:47:25
      at renderRoot (node_modules/@testing-library/react/dist/pure.js:180:26)
      at render (node_modules/@testing-library/react/dist/pure.js:271:10)
      at renderWithRouter (src/__tests__/login.component.test.jsx:46:16)
      at Object.<anonymous> (src/__tests__/login.component.test.jsx:77:7)

    console.error
      Warning: An update to Login inside a test was not wrapped in act(...).
      
      When testing, code that causes React state updates should be wrapped into act(...):
      
      act(() => {
        /* fire events that update state */
      });
      /* assert on the output */
      
      This ensures that you're testing the behavior the user would see in the browser. Learn more at 
https://reactjs.org/link/wrap-tests-with-act
          at Login (D:\TELEPARK\telepark\telepark-frontend\src\components\login.component.js:10:31)
          at Router (D:\TELEPARK\telepark\telepark-frontend\node_modules\react-router\lib\components.tsx:421:13)
          at BrowserRouter (D:\TELEPARK\telepark\telepark-frontend\node_modules\react-router-dom\index.tsx:789:3)

    [0m [90m 53 |[39m         errorSend()[33m;[39m
     [90m 54 |[39m       } [36mfinally[39m {
    [31m[1m>[22m[39m[90m 55 |[39m         setLoading([36mfalse[39m)[33m;[39m
     [90m    |[39m         [31m[1m^[22m[39m
     [90m 56 |[39m       }
     [90m 57 |[39m     } [36melse[39m {
     [90m 58 |[39m       errorSend()[33m;[39m[0m

      at printWarning (node_modules/react-dom/cjs/react-dom.development.js:86:30)
      at error (node_modules/react-dom/cjs/react-dom.development.js:60:7)
      at warnIfUpdatesNotWrappedWithActDEV (node_modules/react-dom/cjs/react-dom.development.js:27628:9)
      at scheduleUpdateOnFiber (node_modules/react-dom/cjs/react-dom.development.js:25547:5)
      at setLoading (node_modules/react-dom/cjs/react-dom.development.js:16708:7)
      at enviarFormulario (src/components/login.component.js:55:9)

    console.error
      Warning: An update to Login inside a test was not wrapped in act(...).
      
      When testing, code that causes React state updates should be wrapped into act(...):
      
      act(() => {
        /* fire events that update state */
      });
      /* assert on the output */
      
      This ensures that you're testing the behavior the user would see in the browser. Learn more at 
https://reactjs.org/link/wrap-tests-with-act
          at Login (D:\TELEPARK\telepark\telepark-frontend\src\components\login.component.js:10:31)
          at Router (D:\TELEPARK\telepark\telepark-frontend\node_modules\react-router\lib\components.tsx:421:13)
          at BrowserRouter (D:\TELEPARK\telepark\telepark-frontend\node_modules\react-router-dom\index.tsx:789:3)

    [0m [90m 53 |[39m         errorSend()[33m;[39m
     [90m 54 |[39m       } [36mfinally[39m {
    [31m[1m>[22m[39m[90m 55 |[39m         setLoading([36mfalse[39m)[33m;[39m
     [90m    |[39m         [31m[1m^[22m[39m
     [90m 56 |[39m       }
     [90m 57 |[39m     } [36melse[39m {
     [90m 58 |[39m       errorSend()[33m;[39m[0m

      at printWarning (node_modules/react-dom/cjs/react-dom.development.js:86:30)
      at error (node_modules/react-dom/cjs/react-dom.development.js:60:7)
      at warnIfUpdatesNotWrappedWithActDEV (node_modules/react-dom/cjs/react-dom.development.js:27628:9)
      at scheduleUpdateOnFiber (node_modules/react-dom/cjs/react-dom.development.js:25547:5)
      at setLoading (node_modules/react-dom/cjs/react-dom.development.js:16708:7)
      at enviarFormulario (src/components/login.component.js:55:9)

PASS src/__tests__/naming-convention.test.js
PASS src/services/error-handler.test.js
PASS src/services/notification.service.test.js
PASS src/__tests__/smoke-migrated-components.test.js
  ÔùÅ Console

    console.log
      {
        idEvento: 0,
        fechaDesde: '',
        fechaHasta: '',
        motivo: '',
        idpersonaep: 0,
        idtipoevento: 0
      } false

      at Events (src/components/gestion-eventos.component.js:120:11)

    console.error
      Warning: Use the `defaultValue` or `value` props on <select> instead of setting `selected` on <option>.
          at option
          at select
          at div
          at div
          at main
          at form
          at div
          at Events (D:\TELEPARK\telepark\telepark-frontend\src\components\gestion-eventos.component.js:8:45)

    [0m [90m 70 |[39m
     [90m 71 |[39m   it([32m'gestion-eventos renderiza con service stub y mapea errorText'[39m[33m,[39m 
[36masync[39m () [33m=>[39m {
    [31m[1m>[22m[39m[90m 72 |[39m     render([33m<[39m[33mGestionEventos[39m 
[33m/[39m[33m>[39m)[33m;[39m
     [90m    |[39m           [31m[1m^[22m[39m
     [90m 73 |[39m     expect(stylesGestion[33m.[39merrorText)[33m.[39mtoBe([32m'errorText'[39m)[33m;[39m
     [90m 74 |[39m   })[33m;[39m
     [90m 75 |[39m[0m

      at printWarning (node_modules/react-dom/cjs/react-dom.development.js:86:30)
      at error (node_modules/react-dom/cjs/react-dom.development.js:60:7)
      at validateProps (node_modules/react-dom/cjs/react-dom.development.js:2045:7)
      at setInitialProperties (node_modules/react-dom/cjs/react-dom.development.js:9896:7)
      at finalizeInitialChildren (node_modules/react-dom/cjs/react-dom.development.js:10950:3)
      at completeWork (node_modules/react-dom/cjs/react-dom.development.js:22232:17)
      at completeUnitOfWork (node_modules/react-dom/cjs/react-dom.development.js:26632:16)
      at performUnitOfWork (node_modules/react-dom/cjs/react-dom.development.js:26607:5)
      at workLoopSync (node_modules/react-dom/cjs/react-dom.development.js:26505:5)
      at renderRootSync (node_modules/react-dom/cjs/react-dom.development.js:26473:7)
      at performConcurrentWorkOnRoot (node_modules/react-dom/cjs/react-dom.development.js:25777:74)
      at flushActQueue (node_modules/react/cjs/react.development.js:2667:24)
      at act (node_modules/react/cjs/react.development.js:2582:11)
      at node_modules/@testing-library/react/dist/act-compat.js:47:25
      at renderRoot (node_modules/@testing-library/react/dist/pure.js:180:26)
      at render (node_modules/@testing-library/react/dist/pure.js:271:10)
      at Object.<anonymous> (src/__tests__/smoke-migrated-components.test.js:72:11)

    console.warn
      ÔÜá´©Å React Router Future Flag Warning: React Router will begin wrapping state updates in 
`React.startTransition` in v7. You can use the `v7_startTransition` future flag to opt-in early. For more information, 
see https://reactrouter.com/v6/upgrading/future#v7_starttransition.

    [0m [90m 75 |[39m
     [90m 76 |[39m   it([32m'login renderiza dentro de router y mapea las clases del formulario'[39m[33m,[39m () 
[33m=>[39m {
    [31m[1m>[22m[39m[90m 77 |[39m     render(
     [90m    |[39m           [31m[1m^[22m[39m
     [90m 78 |[39m       [33m<[39m[33mMemoryRouter[39m[33m>[39m
     [90m 79 |[39m         [33m<[39m[33mLogin[39m [33m/[39m[33m>[39m
     [90m 80 |[39m       [33m<[39m[33m/[39m[33mMemoryRouter[39m[33m>[39m[0m

      at warnOnce (node_modules/react-router/lib/deprecations.ts:9:13)
      at logDeprecation (node_modules/react-router/lib/deprecations.ts:14:3)
      at logV6DeprecationWarnings (node_modules/react-router/lib/deprecations.ts:26:5)
      at node_modules/react-router/lib/components.tsx:257:25
      at commitHookEffectListMount (node_modules/react-dom/cjs/react-dom.development.js:23189:26)
      at commitPassiveMountOnFiber (node_modules/react-dom/cjs/react-dom.development.js:24970:11)
      at commitPassiveMountEffects_complete (node_modules/react-dom/cjs/react-dom.development.js:24930:9)
      at commitPassiveMountEffects_begin (node_modules/react-dom/cjs/react-dom.development.js:24917:7)
      at commitPassiveMountEffects (node_modules/react-dom/cjs/react-dom.development.js:24905:3)
      at flushPassiveEffectsImpl (node_modules/react-dom/cjs/react-dom.development.js:27078:3)
      at flushPassiveEffects (node_modules/react-dom/cjs/react-dom.development.js:27023:14)
      at node_modules/react-dom/cjs/react-dom.development.js:26808:9
      at flushActQueue (node_modules/react/cjs/react.development.js:2667:24)
      at act (node_modules/react/cjs/react.development.js:2582:11)
      at node_modules/@testing-library/react/dist/act-compat.js:47:25
      at renderRoot (node_modules/@testing-library/react/dist/pure.js:180:26)
      at render (node_modules/@testing-library/react/dist/pure.js:271:10)
      at Object.<anonymous> (src/__tests__/smoke-migrated-components.test.js:77:11)

    console.warn
      ÔÜá´©Å React Router Future Flag Warning: Relative route resolution within Splat routes is changing in v7. You 
can use the `v7_relativeSplatPath` future flag to opt-in early. For more information, see 
https://reactrouter.com/v6/upgrading/future#v7_relativesplatpath.

    [0m [90m 75 |[39m
     [90m 76 |[39m   it([32m'login renderiza dentro de router y mapea las clases del formulario'[39m[33m,[39m () 
[33m=>[39m {
    [31m[1m>[22m[39m[90m 77 |[39m     render(
     [90m    |[39m           [31m[1m^[22m[39m
     [90m 78 |[39m       [33m<[39m[33mMemoryRouter[39m[33m>[39m
     [90m 79 |[39m         [33m<[39m[33mLogin[39m [33m/[39m[33m>[39m
     [90m 80 |[39m       [33m<[39m[33m/[39m[33mMemoryRouter[39m[33m>[39m[0m

      at warnOnce (node_modules/react-router/lib/deprecations.ts:9:13)
      at logDeprecation (node_modules/react-router/lib/deprecations.ts:14:3)
      at logV6DeprecationWarnings (node_modules/react-router/lib/deprecations.ts:37:5)
      at node_modules/react-router/lib/components.tsx:257:25
      at commitHookEffectListMount (node_modules/react-dom/cjs/react-dom.development.js:23189:26)
      at commitPassiveMountOnFiber (node_modules/react-dom/cjs/react-dom.development.js:24970:11)
      at commitPassiveMountEffects_complete (node_modules/react-dom/cjs/react-dom.development.js:24930:9)
      at commitPassiveMountEffects_begin (node_modules/react-dom/cjs/react-dom.development.js:24917:7)
      at commitPassiveMountEffects (node_modules/react-dom/cjs/react-dom.development.js:24905:3)
      at flushPassiveEffectsImpl (node_modules/react-dom/cjs/react-dom.development.js:27078:3)
      at flushPassiveEffects (node_modules/react-dom/cjs/react-dom.development.js:27023:14)
      at node_modules/react-dom/cjs/react-dom.development.js:26808:9
      at flushActQueue (node_modules/react/cjs/react.development.js:2667:24)
      at act (node_modules/react/cjs/react.development.js:2582:11)
      at node_modules/@testing-library/react/dist/act-compat.js:47:25
      at renderRoot (node_modules/@testing-library/react/dist/pure.js:180:26)
      at render (node_modules/@testing-library/react/dist/pure.js:271:10)
      at Object.<anonymous> (src/__tests__/smoke-migrated-components.test.js:77:11)

FAIL src/__tests__/talleres.component.test.jsx
  ÔùÅ Test suite failed to run

    Jest encountered an unexpected token

    Jest failed to parse a file. This happens e.g. when your code or its dependencies use non-standard JavaScript 
syntax, or when Jest is not configured to support such syntax.

    Out of the box Jest supports Babel, which will be used to transform your files into valid JS based on your Babel 
configuration.

    By default "node_modules" folder is ignored by transformers.

    Here's what you can do:
     ÔÇó If you are trying to use ECMAScript Modules, see https://jestjs.io/docs/ecmascript-modules for how to enable 
it.
     ÔÇó If you are trying to use TypeScript, see https://jestjs.io/docs/getting-started#using-typescript
     ÔÇó To have some of your "node_modules" files transformed, you can specify a custom "transformIgnorePatterns" in 
your config.
     ÔÇó If you need a custom transformation specify a "transform" option in your config.
     ÔÇó If you simply want to mock your non-JS modules (e.g. binary assets) you can stub them out with the 
"moduleNameMapper" config option.

    You'll find more details and examples of these config options in the docs:
    https://jestjs.io/docs/configuration
    For information about custom transformations, see:
    https://jestjs.io/docs/code-transformation

    Details:

    SyntaxError: D:\TELEPARK\telepark\telepark-frontend\src\__tests__\talleres.component.test.jsx: Missing semicolon. 
(67:63)

    [0m [90m 65 |[39m       render([33m<[39m[33mTalleres[39m [33m/[39m[33m>[39m)[33m;[39m
     [90m 66 |[39m       [36mawait[39m waitFor(() [33m=>[39m expect(screen[33m.[39mgetByText([32m'Educaci├│n 
f├¡sica'[39m))[33m.[39mtoBeInTheDocument())[33m;[39m
    [31m[1m>[22m[39m[90m 67 |[39m       
expect(screen[33m.[39mgetByText([32m'Literario'[39m))[33m.[39mtoBeInTheDocument())[33m;[39m
     [90m    |[39m                                                                [31m[1m^[22m[39m
     [90m 68 |[39m       expect(screen[33m.[39mgetByText([32m'1'[39m))[33m.[39mtoBeInTheDocument())[33m;[39m 
[90m// c├│digo[39m
     [90m 69 |[39m       expect(screen[33m.[39mgetByText([32m'2'[39m))[33m.[39mtoBeInTheDocument())[33m;[39m
     [90m 70 |[39m     })[33m;[39m[0m

      at toParseError (node_modules/@babel/parser/src/parse-error.ts:95:45)
      at FlowParserMixin.raise (node_modules/@babel/parser/src/tokenizer/index.ts:1504:19)
      at FlowParserMixin.semicolon (node_modules/@babel/parser/src/parser/util.ts:149:10)
      at FlowParserMixin.parseExpressionStatement (node_modules/@babel/parser/src/parser/statement.ts:1363:10)
      at FlowParserMixin.parseExpressionStatement (node_modules/@babel/parser/src/plugins/flow/index.ts:2041:20)
      at FlowParserMixin.parseStatementContent (node_modules/@babel/parser/src/parser/statement.ts:702:19)
      at FlowParserMixin.parseStatementLike (node_modules/@babel/parser/src/parser/statement.ts:482:17)
      at FlowParserMixin.parseStatementLike (node_modules/@babel/parser/src/plugins/flow/index.ts:2001:26)
      at FlowParserMixin.parseStatementListItem (node_modules/@babel/parser/src/parser/statement.ts:431:17)
      at FlowParserMixin.parseBlockOrModuleBlockBody (node_modules/@babel/parser/src/parser/statement.ts:1444:16)
      at FlowParserMixin.parseBlockBody (node_modules/@babel/parser/src/parser/statement.ts:1417:10)
      at FlowParserMixin.parseBlock (node_modules/@babel/parser/src/parser/statement.ts:1385:10)
      at FlowParserMixin.parseFunctionBody (node_modules/@babel/parser/src/parser/expression.ts:2621:24)
      at parse (node_modules/@babel/parser/src/plugins/flow/index.ts:1951:17)
      at FlowParserMixin.forwardNoArrowParamsConversionAt 
(node_modules/@babel/parser/src/plugins/flow/index.ts:2235:18)
      at FlowParserMixin.parseFunctionBody (node_modules/@babel/parser/src/plugins/flow/index.ts:1950:14)
      at FlowParserMixin.parseArrowExpression (node_modules/@babel/parser/src/parser/expression.ts:2562:10)
      at FlowParserMixin.parseAsyncArrowFromCallExpression 
(node_modules/@babel/parser/src/parser/expression.ts:1067:10)
      at FlowParserMixin.parseAsyncArrowFromCallExpression 
(node_modules/@babel/parser/src/plugins/flow/index.ts:2962:20)
      at FlowParserMixin.parseCoverCallAndAsyncArrowHead (node_modules/@babel/parser/src/parser/expression.ts:942:27)
      at FlowParserMixin.parseSubscript (node_modules/@babel/parser/src/parser/expression.ts:804:19)
      at FlowParserMixin.parseSubscript (node_modules/@babel/parser/src/plugins/flow/index.ts:3323:20)
      at FlowParserMixin.parseSubscripts (node_modules/@babel/parser/src/parser/expression.ts:763:19)
      at FlowParserMixin.parseSubscripts (node_modules/@babel/parser/src/plugins/flow/index.ts:3267:20)
      at FlowParserMixin.parseExprSubscripts (node_modules/@babel/parser/src/parser/expression.ts:748:17)
      at FlowParserMixin.parseUpdate (node_modules/@babel/parser/src/parser/expression.ts:721:21)
      at FlowParserMixin.parseMaybeUnary (node_modules/@babel/parser/src/parser/expression.ts:683:23)
      at FlowParserMixin.parseMaybeUnaryOrPrivate (node_modules/@babel/parser/src/parser/expression.ts:417:14)
      at FlowParserMixin.parseExprOps (node_modules/@babel/parser/src/parser/expression.ts:429:23)
      at FlowParserMixin.parseMaybeConditional (node_modules/@babel/parser/src/parser/expression.ts:384:23)
      at FlowParserMixin.parseMaybeAssign (node_modules/@babel/parser/src/parser/expression.ts:301:21)
      at FlowParserMixin.parseMaybeAssign (node_modules/@babel/parser/src/plugins/flow/index.ts:3108:20)
      at callback (node_modules/@babel/parser/src/parser/expression.ts:257:12)
      at FlowParserMixin.allowInAnd (node_modules/@babel/parser/src/parser/expression.ts:3197:12)
      at FlowParserMixin.parseMaybeAssignAllowIn (node_modules/@babel/parser/src/parser/expression.ts:256:17)
      at FlowParserMixin.parseMaybeAssignAllowInOrVoidPattern 
(node_modules/@babel/parser/src/parser/expression.ts:3311:17)
      at FlowParserMixin.parseExprListItem (node_modules/@babel/parser/src/parser/expression.ts:2793:18)
      at FlowParserMixin.parseCallExpressionArguments (node_modules/@babel/parser/src/parser/expression.ts:1042:14)
      at FlowParserMixin.parseCoverCallAndAsyncArrowHead (node_modules/@babel/parser/src/parser/expression.ts:922:29)
      at FlowParserMixin.parseSubscript (node_modules/@babel/parser/src/parser/expression.ts:804:19)
      at FlowParserMixin.parseSubscript (node_modules/@babel/parser/src/plugins/flow/index.ts:3323:20)
      at FlowParserMixin.parseSubscripts (node_modules/@babel/parser/src/parser/expression.ts:763:19)
      at FlowParserMixin.parseSubscripts (node_modules/@babel/parser/src/plugins/flow/index.ts:3267:20)
      at FlowParserMixin.parseExprSubscripts (node_modules/@babel/parser/src/parser/expression.ts:748:17)
      at FlowParserMixin.parseUpdate (node_modules/@babel/parser/src/parser/expression.ts:721:21)
      at FlowParserMixin.parseMaybeUnary (node_modules/@babel/parser/src/parser/expression.ts:683:23)
      at FlowParserMixin.parseMaybeUnaryOrPrivate (node_modules/@babel/parser/src/parser/expression.ts:417:14)
      at FlowParserMixin.parseExprOps (node_modules/@babel/parser/src/parser/expression.ts:429:23)
      at FlowParserMixin.parseMaybeConditional (node_modules/@babel/parser/src/parser/expression.ts:384:23)
      at FlowParserMixin.parseMaybeAssign (node_modules/@babel/parser/src/parser/expression.ts:301:21)

FAIL src/__tests__/sidebar.component.test.jsx
  ÔùÅ Test suite failed to run

    Jest encountered an unexpected token

    Jest failed to parse a file. This happens e.g. when your code or its dependencies use non-standard JavaScript 
syntax, or when Jest is not configured to support such syntax.

    Out of the box Jest supports Babel, which will be used to transform your files into valid JS based on your Babel 
configuration.

    By default "node_modules" folder is ignored by transformers.

    Here's what you can do:
     ÔÇó If you are trying to use ECMAScript Modules, see https://jestjs.io/docs/ecmascript-modules for how to enable 
it.
     ÔÇó If you are trying to use TypeScript, see https://jestjs.io/docs/getting-started#using-typescript
     ÔÇó To have some of your "node_modules" files transformed, you can specify a custom "transformIgnorePatterns" in 
your config.
     ÔÇó If you need a custom transformation specify a "transform" option in your config.
     ÔÇó If you simply want to mock your non-JS modules (e.g. binary assets) you can stub them out with the 
"moduleNameMapper" config option.

    You'll find more details and examples of these config options in the docs:
    https://jestjs.io/docs/configuration
    For information about custom transformations, see:
    https://jestjs.io/docs/code-transformation

    Details:

    SyntaxError: D:\TELEPARK\telepark\telepark-frontend\src\__tests__\sidebar.component.test.jsx: Missing semicolon. 
(45:85)

    [0m [90m 43 |[39m       render([33m<[39m[33mSidebar[39m [33m/[39m[33m>[39m)[33m;[39m
     [90m 44 |[39m       [36mawait[39m waitFor(() [33m=>[39m expect(screen[33m.[39mgetByAltText([32m'logo de 
telepark'[39m))[33m.[39mtoBeInTheDocument())[33m;[39m
    [31m[1m>[22m[39m[90m 45 |[39m       expect(screen[33m.[39mgetByRole([32m'button'[39m[33m,[39m { 
name[33m:[39m [35m/abrir men├║/i[39m }))[33m.[39mtoBeInTheDocument())[33m;[39m
     [90m    |[39m                                                                                      
[31m[1m^[22m[39m
     [90m 46 |[39m     })[33m;[39m
     [90m 47 |[39m
     [90m 48 |[39m     it([32m'renderiza items de navegaci├│n para admin'[39m[33m,[39m [36masync[39m () 
[33m=>[39m {[0m

      at toParseError (node_modules/@babel/parser/src/parse-error.ts:95:45)
      at FlowParserMixin.raise (node_modules/@babel/parser/src/tokenizer/index.ts:1504:19)
      at FlowParserMixin.semicolon (node_modules/@babel/parser/src/parser/util.ts:149:10)
      at FlowParserMixin.parseExpressionStatement (node_modules/@babel/parser/src/parser/statement.ts:1363:10)
      at FlowParserMixin.parseExpressionStatement (node_modules/@babel/parser/src/plugins/flow/index.ts:2041:20)
      at FlowParserMixin.parseStatementContent (node_modules/@babel/parser/src/parser/statement.ts:702:19)
      at FlowParserMixin.parseStatementLike (node_modules/@babel/parser/src/parser/statement.ts:482:17)
      at FlowParserMixin.parseStatementLike (node_modules/@babel/parser/src/plugins/flow/index.ts:2001:26)
      at FlowParserMixin.parseStatementListItem (node_modules/@babel/parser/src/parser/statement.ts:431:17)
      at FlowParserMixin.parseBlockOrModuleBlockBody (node_modules/@babel/parser/src/parser/statement.ts:1444:16)
      at FlowParserMixin.parseBlockBody (node_modules/@babel/parser/src/parser/statement.ts:1417:10)
      at FlowParserMixin.parseBlock (node_modules/@babel/parser/src/parser/statement.ts:1385:10)
      at FlowParserMixin.parseFunctionBody (node_modules/@babel/parser/src/parser/expression.ts:2621:24)
      at parse (node_modules/@babel/parser/src/plugins/flow/index.ts:1951:17)
      at FlowParserMixin.forwardNoArrowParamsConversionAt 
(node_modules/@babel/parser/src/plugins/flow/index.ts:2235:18)
      at FlowParserMixin.parseFunctionBody (node_modules/@babel/parser/src/plugins/flow/index.ts:1950:14)
      at FlowParserMixin.parseArrowExpression (node_modules/@babel/parser/src/parser/expression.ts:2562:10)
      at FlowParserMixin.parseAsyncArrowFromCallExpression 
(node_modules/@babel/parser/src/parser/expression.ts:1067:10)
      at FlowParserMixin.parseAsyncArrowFromCallExpression 
(node_modules/@babel/parser/src/plugins/flow/index.ts:2962:20)
      at FlowParserMixin.parseCoverCallAndAsyncArrowHead (node_modules/@babel/parser/src/parser/expression.ts:942:27)
      at FlowParserMixin.parseSubscript (node_modules/@babel/parser/src/parser/expression.ts:804:19)
      at FlowParserMixin.parseSubscript (node_modules/@babel/parser/src/plugins/flow/index.ts:3323:20)
      at FlowParserMixin.parseSubscripts (node_modules/@babel/parser/src/parser/expression.ts:763:19)
      at FlowParserMixin.parseSubscripts (node_modules/@babel/parser/src/plugins/flow/index.ts:3267:20)
      at FlowParserMixin.parseExprSubscripts (node_modules/@babel/parser/src/parser/expression.ts:748:17)
      at FlowParserMixin.parseUpdate (node_modules/@babel/parser/src/parser/expression.ts:721:21)
      at FlowParserMixin.parseMaybeUnary (node_modules/@babel/parser/src/parser/expression.ts:683:23)
      at FlowParserMixin.parseMaybeUnaryOrPrivate (node_modules/@babel/parser/src/parser/expression.ts:417:14)
      at FlowParserMixin.parseExprOps (node_modules/@babel/parser/src/parser/expression.ts:429:23)
      at FlowParserMixin.parseMaybeConditional (node_modules/@babel/parser/src/parser/expression.ts:384:23)
      at FlowParserMixin.parseMaybeAssign (node_modules/@babel/parser/src/parser/expression.ts:301:21)
      at FlowParserMixin.parseMaybeAssign (node_modules/@babel/parser/src/plugins/flow/index.ts:3108:20)
      at callback (node_modules/@babel/parser/src/parser/expression.ts:257:12)
      at FlowParserMixin.allowInAnd (node_modules/@babel/parser/src/parser/expression.ts:3197:12)
      at FlowParserMixin.parseMaybeAssignAllowIn (node_modules/@babel/parser/src/parser/expression.ts:256:17)
      at FlowParserMixin.parseMaybeAssignAllowInOrVoidPattern 
(node_modules/@babel/parser/src/parser/expression.ts:3311:17)
      at FlowParserMixin.parseExprListItem (node_modules/@babel/parser/src/parser/expression.ts:2793:18)
      at FlowParserMixin.parseCallExpressionArguments (node_modules/@babel/parser/src/parser/expression.ts:1042:14)
      at FlowParserMixin.parseCoverCallAndAsyncArrowHead (node_modules/@babel/parser/src/parser/expression.ts:922:29)
      at FlowParserMixin.parseSubscript (node_modules/@babel/parser/src/parser/expression.ts:804:19)
      at FlowParserMixin.parseSubscript (node_modules/@babel/parser/src/plugins/flow/index.ts:3323:20)
      at FlowParserMixin.parseSubscripts (node_modules/@babel/parser/src/parser/expression.ts:763:19)
      at FlowParserMixin.parseSubscripts (node_modules/@babel/parser/src/plugins/flow/index.ts:3267:20)
      at FlowParserMixin.parseExprSubscripts (node_modules/@babel/parser/src/parser/expression.ts:748:17)
      at FlowParserMixin.parseUpdate (node_modules/@babel/parser/src/parser/expression.ts:721:21)
      at FlowParserMixin.parseMaybeUnary (node_modules/@babel/parser/src/parser/expression.ts:683:23)
      at FlowParserMixin.parseMaybeUnaryOrPrivate (node_modules/@babel/parser/src/parser/expression.ts:417:14)
      at FlowParserMixin.parseExprOps (node_modules/@babel/parser/src/parser/expression.ts:429:23)
      at FlowParserMixin.parseMaybeConditional (node_modules/@babel/parser/src/parser/expression.ts:384:23)
      at FlowParserMixin.parseMaybeAssign (node_modules/@babel/parser/src/parser/expression.ts:301:21)

FAIL src/__tests__/search-criteria.component.test.jsx
  ÔùÅ Test suite failed to run

    Jest encountered an unexpected token

    Jest failed to parse a file. This happens e.g. when your code or its dependencies use non-standard JavaScript 
syntax, or when Jest is not configured to support such syntax.

    Out of the box Jest supports Babel, which will be used to transform your files into valid JS based on your Babel 
configuration.

    By default "node_modules" folder is ignored by transformers.

    Here's what you can do:
     ÔÇó If you are trying to use ECMAScript Modules, see https://jestjs.io/docs/ecmascript-modules for how to enable 
it.
     ÔÇó If you are trying to use TypeScript, see https://jestjs.io/docs/getting-started#using-typescript
     ÔÇó To have some of your "node_modules" files transformed, you can specify a custom "transformIgnorePatterns" in 
your config.
     ÔÇó If you need a custom transformation specify a "transform" option in your config.
     ÔÇó If you simply want to mock your non-JS modules (e.g. binary assets) you can stub them out with the 
"moduleNameMapper" config option.

    You'll find more details and examples of these config options in the docs:
    https://jestjs.io/docs/configuration
    For information about custom transformations, see:
    https://jestjs.io/docs/code-transformation

    Details:

    SyntaxError: D:\TELEPARK\telepark\telepark-frontend\src\__tests__\search-criteria.component.test.jsx: Missing 
semicolon. (104:66)

    [0m [90m 102 |[39m       render([33m<[39m[33mSearch[39m [33m/[39m[33m>[39m)[33m;[39m
     [90m 103 |[39m       [36mawait[39m waitFor(() [33m=>[39m expect(screen[33m.[39mgetByText([32m'Juan 
P├®rez'[39m))[33m.[39mtoBeInTheDocument())[33m;[39m
    [31m[1m>[22m[39m[90m 104 |[39m       expect(screen[33m.[39mgetByText([32m'Mar├¡a 
Garc├¡a'[39m))[33m.[39mtoBeInTheDocument())[33m;[39m
     [90m     |[39m                                                                   [31m[1m^[22m[39m
     [90m 105 |[39m       
expect(screen[33m.[39mgetByText([32m'123456789'[39m))[33m.[39mtoBeInTheDocument())[33m;[39m
     [90m 106 |[39m       
expect(screen[33m.[39mgetByText([32m'987654321'[39m))[33m.[39mtoBeInTheDocument())[33m;[39m
     [90m 107 |[39m     })[33m;[39m[0m

      at toParseError (node_modules/@babel/parser/src/parse-error.ts:95:45)
      at FlowParserMixin.raise (node_modules/@babel/parser/src/tokenizer/index.ts:1504:19)
      at FlowParserMixin.semicolon (node_modules/@babel/parser/src/parser/util.ts:149:10)
      at FlowParserMixin.parseExpressionStatement (node_modules/@babel/parser/src/parser/statement.ts:1363:10)
      at FlowParserMixin.parseExpressionStatement (node_modules/@babel/parser/src/plugins/flow/index.ts:2041:20)
      at FlowParserMixin.parseStatementContent (node_modules/@babel/parser/src/parser/statement.ts:702:19)
      at FlowParserMixin.parseStatementLike (node_modules/@babel/parser/src/parser/statement.ts:482:17)
      at FlowParserMixin.parseStatementLike (node_modules/@babel/parser/src/plugins/flow/index.ts:2001:26)
      at FlowParserMixin.parseStatementListItem (node_modules/@babel/parser/src/parser/statement.ts:431:17)
      at FlowParserMixin.parseBlockOrModuleBlockBody (node_modules/@babel/parser/src/parser/statement.ts:1444:16)
      at FlowParserMixin.parseBlockBody (node_modules/@babel/parser/src/parser/statement.ts:1417:10)
      at FlowParserMixin.parseBlock (node_modules/@babel/parser/src/parser/statement.ts:1385:10)
      at FlowParserMixin.parseFunctionBody (node_modules/@babel/parser/src/parser/expression.ts:2621:24)
      at parse (node_modules/@babel/parser/src/plugins/flow/index.ts:1951:17)
      at FlowParserMixin.forwardNoArrowParamsConversionAt 
(node_modules/@babel/parser/src/plugins/flow/index.ts:2235:18)
      at FlowParserMixin.parseFunctionBody (node_modules/@babel/parser/src/plugins/flow/index.ts:1950:14)
      at FlowParserMixin.parseArrowExpression (node_modules/@babel/parser/src/parser/expression.ts:2562:10)
      at FlowParserMixin.parseAsyncArrowFromCallExpression 
(node_modules/@babel/parser/src/parser/expression.ts:1067:10)
      at FlowParserMixin.parseAsyncArrowFromCallExpression 
(node_modules/@babel/parser/src/plugins/flow/index.ts:2962:20)
      at FlowParserMixin.parseCoverCallAndAsyncArrowHead (node_modules/@babel/parser/src/parser/expression.ts:942:27)
      at FlowParserMixin.parseSubscript (node_modules/@babel/parser/src/parser/expression.ts:804:19)
      at FlowParserMixin.parseSubscript (node_modules/@babel/parser/src/plugins/flow/index.ts:3323:20)
      at FlowParserMixin.parseSubscripts (node_modules/@babel/parser/src/parser/expression.ts:763:19)
      at FlowParserMixin.parseSubscripts (node_modules/@babel/parser/src/plugins/flow/index.ts:3267:20)
      at FlowParserMixin.parseExprSubscripts (node_modules/@babel/parser/src/parser/expression.ts:748:17)
      at FlowParserMixin.parseUpdate (node_modules/@babel/parser/src/parser/expression.ts:721:21)
      at FlowParserMixin.parseMaybeUnary (node_modules/@babel/parser/src/parser/expression.ts:683:23)
      at FlowParserMixin.parseMaybeUnaryOrPrivate (node_modules/@babel/parser/src/parser/expression.ts:417:14)
      at FlowParserMixin.parseExprOps (node_modules/@babel/parser/src/parser/expression.ts:429:23)
      at FlowParserMixin.parseMaybeConditional (node_modules/@babel/parser/src/parser/expression.ts:384:23)
      at FlowParserMixin.parseMaybeAssign (node_modules/@babel/parser/src/parser/expression.ts:301:21)
      at FlowParserMixin.parseMaybeAssign (node_modules/@babel/parser/src/plugins/flow/index.ts:3108:20)
      at callback (node_modules/@babel/parser/src/parser/expression.ts:257:12)
      at FlowParserMixin.allowInAnd (node_modules/@babel/parser/src/parser/expression.ts:3197:12)
      at FlowParserMixin.parseMaybeAssignAllowIn (node_modules/@babel/parser/src/parser/expression.ts:256:17)
      at FlowParserMixin.parseMaybeAssignAllowInOrVoidPattern 
(node_modules/@babel/parser/src/parser/expression.ts:3311:17)
      at FlowParserMixin.parseExprListItem (node_modules/@babel/parser/src/parser/expression.ts:2793:18)
      at FlowParserMixin.parseCallExpressionArguments (node_modules/@babel/parser/src/parser/expression.ts:1042:14)
      at FlowParserMixin.parseCoverCallAndAsyncArrowHead (node_modules/@babel/parser/src/parser/expression.ts:922:29)
      at FlowParserMixin.parseSubscript (node_modules/@babel/parser/src/parser/expression.ts:804:19)
      at FlowParserMixin.parseSubscript (node_modules/@babel/parser/src/plugins/flow/index.ts:3323:20)
      at FlowParserMixin.parseSubscripts (node_modules/@babel/parser/src/parser/expression.ts:763:19)
      at FlowParserMixin.parseSubscripts (node_modules/@babel/parser/src/plugins/flow/index.ts:3267:20)
      at FlowParserMixin.parseExprSubscripts (node_modules/@babel/parser/src/parser/expression.ts:748:17)
      at FlowParserMixin.parseUpdate (node_modules/@babel/parser/src/parser/expression.ts:721:21)
      at FlowParserMixin.parseMaybeUnary (node_modules/@babel/parser/src/parser/expression.ts:683:23)
      at FlowParserMixin.parseMaybeUnaryOrPrivate (node_modules/@babel/parser/src/parser/expression.ts:417:14)
      at FlowParserMixin.parseExprOps (node_modules/@babel/parser/src/parser/expression.ts:429:23)
      at FlowParserMixin.parseMaybeConditional (node_modules/@babel/parser/src/parser/expression.ts:384:23)
      at FlowParserMixin.parseMaybeAssign (node_modules/@babel/parser/src/parser/expression.ts:301:21)

FAIL src/__tests__/gestion-eventos.component.test.jsx
  ÔùÅ Test suite failed to run

    Jest encountered an unexpected token

    Jest failed to parse a file. This happens e.g. when your code or its dependencies use non-standard JavaScript 
syntax, or when Jest is not configured to support such syntax.

    Out of the box Jest supports Babel, which will be used to transform your files into valid JS based on your Babel 
configuration.

    By default "node_modules" folder is ignored by transformers.

    Here's what you can do:
     ÔÇó If you are trying to use ECMAScript Modules, see https://jestjs.io/docs/ecmascript-modules for how to enable 
it.
     ÔÇó If you are trying to use TypeScript, see https://jestjs.io/docs/getting-started#using-typescript
     ÔÇó To have some of your "node_modules" files transformed, you can specify a custom "transformIgnorePatterns" in 
your config.
     ÔÇó If you need a custom transformation specify a "transform" option in your config.
     ÔÇó If you simply want to mock your non-JS modules (e.g. binary assets) you can stub them out with the 
"moduleNameMapper" config option.

    You'll find more details and examples of these config options in the docs:
    https://jestjs.io/docs/configuration
    For information about custom transformations, see:
    https://jestjs.io/docs/code-transformation

    Details:

    SyntaxError: D:\TELEPARK\telepark\telepark-frontend\src\__tests__\gestion-eventos.component.test.jsx: Missing 
semicolon. (160:114)

    [0m [90m 158 |[39m       })[33m;[39m
     [90m 159 |[39m
    [31m[1m>[22m[39m[90m 160 |[39m       expect(screen[33m.[39mqueryByText([32m'La Fecha de finalizacion es 
menor a la Fecha de inicio'[39m))[33m.[39mnot[33m.[39mtoBeInTheDocument())[33m;[39m
     [90m     |[39m                                                                                                  
                 [31m[1m^[22m[39m
     [90m 161 |[39m       expect(screen[33m.[39mgetByRole([32m'button'[39m[33m,[39m { name[33m:[39m 
[35m/agregar/i[39m }))[33m.[39mnot[33m.[39mtoBeDisabled()[33m;[39m
     [90m 162 |[39m     })[33m;[39m
     [90m 163 |[39m[0m

      at toParseError (node_modules/@babel/parser/src/parse-error.ts:95:45)
      at FlowParserMixin.raise (node_modules/@babel/parser/src/tokenizer/index.ts:1504:19)
      at FlowParserMixin.semicolon (node_modules/@babel/parser/src/parser/util.ts:149:10)
      at FlowParserMixin.parseExpressionStatement (node_modules/@babel/parser/src/parser/statement.ts:1363:10)
      at FlowParserMixin.parseExpressionStatement (node_modules/@babel/parser/src/plugins/flow/index.ts:2041:20)
      at FlowParserMixin.parseStatementContent (node_modules/@babel/parser/src/parser/statement.ts:702:19)
      at FlowParserMixin.parseStatementLike (node_modules/@babel/parser/src/parser/statement.ts:482:17)
      at FlowParserMixin.parseStatementLike (node_modules/@babel/parser/src/plugins/flow/index.ts:2001:26)
      at FlowParserMixin.parseStatementListItem (node_modules/@babel/parser/src/parser/statement.ts:431:17)
      at FlowParserMixin.parseBlockOrModuleBlockBody (node_modules/@babel/parser/src/parser/statement.ts:1444:16)
      at FlowParserMixin.parseBlockBody (node_modules/@babel/parser/src/parser/statement.ts:1417:10)
      at FlowParserMixin.parseBlock (node_modules/@babel/parser/src/parser/statement.ts:1385:10)
      at FlowParserMixin.parseFunctionBody (node_modules/@babel/parser/src/parser/expression.ts:2621:24)
      at parse (node_modules/@babel/parser/src/plugins/flow/index.ts:1951:17)
      at FlowParserMixin.forwardNoArrowParamsConversionAt 
(node_modules/@babel/parser/src/plugins/flow/index.ts:2235:18)
      at FlowParserMixin.parseFunctionBody (node_modules/@babel/parser/src/plugins/flow/index.ts:1950:14)
      at FlowParserMixin.parseArrowExpression (node_modules/@babel/parser/src/parser/expression.ts:2562:10)
      at FlowParserMixin.parseAsyncArrowFromCallExpression 
(node_modules/@babel/parser/src/parser/expression.ts:1067:10)
      at FlowParserMixin.parseAsyncArrowFromCallExpression 
(node_modules/@babel/parser/src/plugins/flow/index.ts:2962:20)
      at FlowParserMixin.parseCoverCallAndAsyncArrowHead (node_modules/@babel/parser/src/parser/expression.ts:942:27)
      at FlowParserMixin.parseSubscript (node_modules/@babel/parser/src/parser/expression.ts:804:19)
      at FlowParserMixin.parseSubscript (node_modules/@babel/parser/src/plugins/flow/index.ts:3323:20)
      at FlowParserMixin.parseSubscripts (node_modules/@babel/parser/src/parser/expression.ts:763:19)
      at FlowParserMixin.parseSubscripts (node_modules/@babel/parser/src/plugins/flow/index.ts:3267:20)
      at FlowParserMixin.parseExprSubscripts (node_modules/@babel/parser/src/parser/expression.ts:748:17)
      at FlowParserMixin.parseUpdate (node_modules/@babel/parser/src/parser/expression.ts:721:21)
      at FlowParserMixin.parseMaybeUnary (node_modules/@babel/parser/src/parser/expression.ts:683:23)
      at FlowParserMixin.parseMaybeUnaryOrPrivate (node_modules/@babel/parser/src/parser/expression.ts:417:14)
      at FlowParserMixin.parseExprOps (node_modules/@babel/parser/src/parser/expression.ts:429:23)
      at FlowParserMixin.parseMaybeConditional (node_modules/@babel/parser/src/parser/expression.ts:384:23)
      at FlowParserMixin.parseMaybeAssign (node_modules/@babel/parser/src/parser/expression.ts:301:21)
      at FlowParserMixin.parseMaybeAssign (node_modules/@babel/parser/src/plugins/flow/index.ts:3108:20)
      at callback (node_modules/@babel/parser/src/parser/expression.ts:257:12)
      at FlowParserMixin.allowInAnd (node_modules/@babel/parser/src/parser/expression.ts:3197:12)
      at FlowParserMixin.parseMaybeAssignAllowIn (node_modules/@babel/parser/src/parser/expression.ts:256:17)
      at FlowParserMixin.parseMaybeAssignAllowInOrVoidPattern 
(node_modules/@babel/parser/src/parser/expression.ts:3311:17)
      at FlowParserMixin.parseExprListItem (node_modules/@babel/parser/src/parser/expression.ts:2793:18)
      at FlowParserMixin.parseCallExpressionArguments (node_modules/@babel/parser/src/parser/expression.ts:1042:14)
      at FlowParserMixin.parseCoverCallAndAsyncArrowHead (node_modules/@babel/parser/src/parser/expression.ts:922:29)
      at FlowParserMixin.parseSubscript (node_modules/@babel/parser/src/parser/expression.ts:804:19)
      at FlowParserMixin.parseSubscript (node_modules/@babel/parser/src/plugins/flow/index.ts:3323:20)
      at FlowParserMixin.parseSubscripts (node_modules/@babel/parser/src/parser/expression.ts:763:19)
      at FlowParserMixin.parseSubscripts (node_modules/@babel/parser/src/plugins/flow/index.ts:3267:20)
      at FlowParserMixin.parseExprSubscripts (node_modules/@babel/parser/src/parser/expression.ts:748:17)
      at FlowParserMixin.parseUpdate (node_modules/@babel/parser/src/parser/expression.ts:721:21)
      at FlowParserMixin.parseMaybeUnary (node_modules/@babel/parser/src/parser/expression.ts:683:23)
      at FlowParserMixin.parseMaybeUnaryOrPrivate (node_modules/@babel/parser/src/parser/expression.ts:417:14)
      at FlowParserMixin.parseExprOps (node_modules/@babel/parser/src/parser/expression.ts:429:23)
      at FlowParserMixin.parseMaybeConditional (node_modules/@babel/parser/src/parser/expression.ts:384:23)
      at FlowParserMixin.parseMaybeAssign (node_modules/@babel/parser/src/parser/expression.ts:301:21)

FAIL src/__tests__/encuentro.component.test.jsx
  ÔùÅ Test suite failed to run

    Jest encountered an unexpected token

    Jest failed to parse a file. This happens e.g. when your code or its dependencies use non-standard JavaScript 
syntax, or when Jest is not configured to support such syntax.

    Out of the box Jest supports Babel, which will be used to transform your files into valid JS based on your Babel 
configuration.

    By default "node_modules" folder is ignored by transformers.

    Here's what you can do:
     ÔÇó If you are trying to use ECMAScript Modules, see https://jestjs.io/docs/ecmascript-modules for how to enable 
it.
     ÔÇó If you are trying to use TypeScript, see https://jestjs.io/docs/getting-started#using-typescript
     ÔÇó To have some of your "node_modules" files transformed, you can specify a custom "transformIgnorePatterns" in 
your config.
     ÔÇó If you need a custom transformation specify a "transform" option in your config.
     ÔÇó If you simply want to mock your non-JS modules (e.g. binary assets) you can stub them out with the 
"moduleNameMapper" config option.

    You'll find more details and examples of these config options in the docs:
    https://jestjs.io/docs/configuration
    For information about custom transformations, see:
    https://jestjs.io/docs/code-transformation

    Details:

    SyntaxError: D:\TELEPARK\telepark\telepark-frontend\src\__tests__\encuentro.component.test.jsx: Missing semicolon. 
(92:64)

    [0m [90m 90 |[39m       render([33m<[39m[33mEncuentro[39m [33m/[39m[33m>[39m)[33m;[39m
     [90m 91 |[39m       [36mawait[39m waitFor(() [33m=>[39m 
expect(screen[33m.[39mgetByText([32m'2024-01-15'[39m))[33m.[39mtoBeInTheDocument())[33m;[39m
    [31m[1m>[22m[39m[90m 92 |[39m       
expect(screen[33m.[39mgetByText([32m'2024-01-22'[39m))[33m.[39mtoBeInTheDocument())[33m;[39m
     [90m    |[39m                                                                 [31m[1m^[22m[39m
     [90m 93 |[39m       
expect(screen[33m.[39mgetByText([32m'No'[39m))[33m.[39mtoBeInTheDocument())[33m;[39m [90m// virtual: 0[39m
     [90m 94 |[39m       
expect(screen[33m.[39mgetByText([32m'S├¡'[39m))[33m.[39mtoBeInTheDocument())[33m;[39m [90m// virtual: 1[39m
     [90m 95 |[39m     })[33m;[39m[0m

      at toParseError (node_modules/@babel/parser/src/parse-error.ts:95:45)
      at FlowParserMixin.raise (node_modules/@babel/parser/src/tokenizer/index.ts:1504:19)
      at FlowParserMixin.semicolon (node_modules/@babel/parser/src/parser/util.ts:149:10)
      at FlowParserMixin.parseExpressionStatement (node_modules/@babel/parser/src/parser/statement.ts:1363:10)
      at FlowParserMixin.parseExpressionStatement (node_modules/@babel/parser/src/plugins/flow/index.ts:2041:20)
      at FlowParserMixin.parseStatementContent (node_modules/@babel/parser/src/parser/statement.ts:702:19)
      at FlowParserMixin.parseStatementLike (node_modules/@babel/parser/src/parser/statement.ts:482:17)
      at FlowParserMixin.parseStatementLike (node_modules/@babel/parser/src/plugins/flow/index.ts:2001:26)
      at FlowParserMixin.parseStatementListItem (node_modules/@babel/parser/src/parser/statement.ts:431:17)
      at FlowParserMixin.parseBlockOrModuleBlockBody (node_modules/@babel/parser/src/parser/statement.ts:1444:16)
      at FlowParserMixin.parseBlockBody (node_modules/@babel/parser/src/parser/statement.ts:1417:10)
      at FlowParserMixin.parseBlock (node_modules/@babel/parser/src/parser/statement.ts:1385:10)
      at FlowParserMixin.parseFunctionBody (node_modules/@babel/parser/src/parser/expression.ts:2621:24)
      at parse (node_modules/@babel/parser/src/plugins/flow/index.ts:1951:17)
      at FlowParserMixin.forwardNoArrowParamsConversionAt 
(node_modules/@babel/parser/src/plugins/flow/index.ts:2235:18)
      at FlowParserMixin.parseFunctionBody (node_modules/@babel/parser/src/plugins/flow/index.ts:1950:14)
      at FlowParserMixin.parseArrowExpression (node_modules/@babel/parser/src/parser/expression.ts:2562:10)
      at FlowParserMixin.parseAsyncArrowFromCallExpression 
(node_modules/@babel/parser/src/parser/expression.ts:1067:10)
      at FlowParserMixin.parseAsyncArrowFromCallExpression 
(node_modules/@babel/parser/src/plugins/flow/index.ts:2962:20)
      at FlowParserMixin.parseCoverCallAndAsyncArrowHead (node_modules/@babel/parser/src/parser/expression.ts:942:27)
      at FlowParserMixin.parseSubscript (node_modules/@babel/parser/src/parser/expression.ts:804:19)
      at FlowParserMixin.parseSubscript (node_modules/@babel/parser/src/plugins/flow/index.ts:3323:20)
      at FlowParserMixin.parseSubscripts (node_modules/@babel/parser/src/parser/expression.ts:763:19)
      at FlowParserMixin.parseSubscripts (node_modules/@babel/parser/src/plugins/flow/index.ts:3267:20)
      at FlowParserMixin.parseExprSubscripts (node_modules/@babel/parser/src/parser/expression.ts:748:17)
      at FlowParserMixin.parseUpdate (node_modules/@babel/parser/src/parser/expression.ts:721:21)
      at FlowParserMixin.parseMaybeUnary (node_modules/@babel/parser/src/parser/expression.ts:683:23)
      at FlowParserMixin.parseMaybeUnaryOrPrivate (node_modules/@babel/parser/src/parser/expression.ts:417:14)
      at FlowParserMixin.parseExprOps (node_modules/@babel/parser/src/parser/expression.ts:429:23)
      at FlowParserMixin.parseMaybeConditional (node_modules/@babel/parser/src/parser/expression.ts:384:23)
      at FlowParserMixin.parseMaybeAssign (node_modules/@babel/parser/src/parser/expression.ts:301:21)
      at FlowParserMixin.parseMaybeAssign (node_modules/@babel/parser/src/plugins/flow/index.ts:3108:20)
      at callback (node_modules/@babel/parser/src/parser/expression.ts:257:12)
      at FlowParserMixin.allowInAnd (node_modules/@babel/parser/src/parser/expression.ts:3197:12)
      at FlowParserMixin.parseMaybeAssignAllowIn (node_modules/@babel/parser/src/parser/expression.ts:256:17)
      at FlowParserMixin.parseMaybeAssignAllowInOrVoidPattern 
(node_modules/@babel/parser/src/parser/expression.ts:3311:17)
      at FlowParserMixin.parseExprListItem (node_modules/@babel/parser/src/parser/expression.ts:2793:18)
      at FlowParserMixin.parseCallExpressionArguments (node_modules/@babel/parser/src/parser/expression.ts:1042:14)
      at FlowParserMixin.parseCoverCallAndAsyncArrowHead (node_modules/@babel/parser/src/parser/expression.ts:922:29)
      at FlowParserMixin.parseSubscript (node_modules/@babel/parser/src/parser/expression.ts:804:19)
      at FlowParserMixin.parseSubscript (node_modules/@babel/parser/src/plugins/flow/index.ts:3323:20)
      at FlowParserMixin.parseSubscripts (node_modules/@babel/parser/src/parser/expression.ts:763:19)
      at FlowParserMixin.parseSubscripts (node_modules/@babel/parser/src/plugins/flow/index.ts:3267:20)
      at FlowParserMixin.parseExprSubscripts (node_modules/@babel/parser/src/parser/expression.ts:748:17)
      at FlowParserMixin.parseUpdate (node_modules/@babel/parser/src/parser/expression.ts:721:21)
      at FlowParserMixin.parseMaybeUnary (node_modules/@babel/parser/src/parser/expression.ts:683:23)
      at FlowParserMixin.parseMaybeUnaryOrPrivate (node_modules/@babel/parser/src/parser/expression.ts:417:14)
      at FlowParserMixin.parseExprOps (node_modules/@babel/parser/src/parser/expression.ts:429:23)
      at FlowParserMixin.parseMaybeConditional (node_modules/@babel/parser/src/parser/expression.ts:384:23)
      at FlowParserMixin.parseMaybeAssign (node_modules/@babel/parser/src/parser/expression.ts:301:21)

FAIL src/__tests__/consulta.component.test.jsx
  ÔùÅ Test suite failed to run

    Jest encountered an unexpected token

    Jest failed to parse a file. This happens e.g. when your code or its dependencies use non-standard JavaScript 
syntax, or when Jest is not configured to support such syntax.

    Out of the box Jest supports Babel, which will be used to transform your files into valid JS based on your Babel 
configuration.

    By default "node_modules" folder is ignored by transformers.

    Here's what you can do:
     ÔÇó If you are trying to use ECMAScript Modules, see https://jestjs.io/docs/ecmascript-modules for how to enable 
it.
     ÔÇó If you are trying to use TypeScript, see https://jestjs.io/docs/getting-started#using-typescript
     ÔÇó To have some of your "node_modules" files transformed, you can specify a custom "transformIgnorePatterns" in 
your config.
     ÔÇó If you need a custom transformation specify a "transform" option in your config.
     ÔÇó If you simply want to mock your non-JS modules (e.g. binary assets) you can stub them out with the 
"moduleNameMapper" config option.

    You'll find more details and examples of these config options in the docs:
    https://jestjs.io/docs/configuration
    For information about custom transformations, see:
    https://jestjs.io/docs/code-transformation

    Details:

    SyntaxError: D:\TELEPARK\telepark\telepark-frontend\src\__tests__\consulta.component.test.jsx: Missing semicolon. 
(113:84)

    [0m [90m 111 |[39m       render([33m<[39m[33mConsulta[39m [33m/[39m[33m>[39m)[33m;[39m
     [90m 112 |[39m       [36mawait[39m waitFor(() [33m=>[39m expect(screen[33m.[39mgetByLabelText([32m'Elija 
el encuentro'[39m))[33m.[39mtoBeInTheDocument())[33m;[39m
    [31m[1m>[22m[39m[90m 113 |[39m       expect(screen[33m.[39mgetByRole([32m'button'[39m[33m,[39m { 
name[33m:[39m [35m/consultar/i[39m }))[33m.[39mtoBeInTheDocument())[33m;[39m
     [90m     |[39m                                                                                     
[31m[1m^[22m[39m
     [90m 114 |[39m     })[33m;[39m
     [90m 115 |[39m
     [90m 116 |[39m     it([32m'renderiza bot├│n consultar faltas consecutivas'[39m[33m,[39m [36masync[39m () 
[33m=>[39m {[0m

      at toParseError (node_modules/@babel/parser/src/parse-error.ts:95:45)
      at FlowParserMixin.raise (node_modules/@babel/parser/src/tokenizer/index.ts:1504:19)
      at FlowParserMixin.semicolon (node_modules/@babel/parser/src/parser/util.ts:149:10)
      at FlowParserMixin.parseExpressionStatement (node_modules/@babel/parser/src/parser/statement.ts:1363:10)
      at FlowParserMixin.parseExpressionStatement (node_modules/@babel/parser/src/plugins/flow/index.ts:2041:20)
      at FlowParserMixin.parseStatementContent (node_modules/@babel/parser/src/parser/statement.ts:702:19)
      at FlowParserMixin.parseStatementLike (node_modules/@babel/parser/src/parser/statement.ts:482:17)
      at FlowParserMixin.parseStatementLike (node_modules/@babel/parser/src/plugins/flow/index.ts:2001:26)
      at FlowParserMixin.parseStatementListItem (node_modules/@babel/parser/src/parser/statement.ts:431:17)
      at FlowParserMixin.parseBlockOrModuleBlockBody (node_modules/@babel/parser/src/parser/statement.ts:1444:16)
      at FlowParserMixin.parseBlockBody (node_modules/@babel/parser/src/parser/statement.ts:1417:10)
      at FlowParserMixin.parseBlock (node_modules/@babel/parser/src/parser/statement.ts:1385:10)
      at FlowParserMixin.parseFunctionBody (node_modules/@babel/parser/src/parser/expression.ts:2621:24)
      at parse (node_modules/@babel/parser/src/plugins/flow/index.ts:1951:17)
      at FlowParserMixin.forwardNoArrowParamsConversionAt 
(node_modules/@babel/parser/src/plugins/flow/index.ts:2235:18)
      at FlowParserMixin.parseFunctionBody (node_modules/@babel/parser/src/plugins/flow/index.ts:1950:14)
      at FlowParserMixin.parseArrowExpression (node_modules/@babel/parser/src/parser/expression.ts:2562:10)
      at FlowParserMixin.parseAsyncArrowFromCallExpression 
(node_modules/@babel/parser/src/parser/expression.ts:1067:10)
      at FlowParserMixin.parseAsyncArrowFromCallExpression 
(node_modules/@babel/parser/src/plugins/flow/index.ts:2962:20)
      at FlowParserMixin.parseCoverCallAndAsyncArrowHead (node_modules/@babel/parser/src/parser/expression.ts:942:27)
      at FlowParserMixin.parseSubscript (node_modules/@babel/parser/src/parser/expression.ts:804:19)
      at FlowParserMixin.parseSubscript (node_modules/@babel/parser/src/plugins/flow/index.ts:3323:20)
      at FlowParserMixin.parseSubscripts (node_modules/@babel/parser/src/parser/expression.ts:763:19)
      at FlowParserMixin.parseSubscripts (node_modules/@babel/parser/src/plugins/flow/index.ts:3267:20)
      at FlowParserMixin.parseExprSubscripts (node_modules/@babel/parser/src/parser/expression.ts:748:17)
      at FlowParserMixin.parseUpdate (node_modules/@babel/parser/src/parser/expression.ts:721:21)
      at FlowParserMixin.parseMaybeUnary (node_modules/@babel/parser/src/parser/expression.ts:683:23)
      at FlowParserMixin.parseMaybeUnaryOrPrivate (node_modules/@babel/parser/src/parser/expression.ts:417:14)
      at FlowParserMixin.parseExprOps (node_modules/@babel/parser/src/parser/expression.ts:429:23)
      at FlowParserMixin.parseMaybeConditional (node_modules/@babel/parser/src/parser/expression.ts:384:23)
      at FlowParserMixin.parseMaybeAssign (node_modules/@babel/parser/src/parser/expression.ts:301:21)
      at FlowParserMixin.parseMaybeAssign (node_modules/@babel/parser/src/plugins/flow/index.ts:3108:20)
      at callback (node_modules/@babel/parser/src/parser/expression.ts:257:12)
      at FlowParserMixin.allowInAnd (node_modules/@babel/parser/src/parser/expression.ts:3197:12)
      at FlowParserMixin.parseMaybeAssignAllowIn (node_modules/@babel/parser/src/parser/expression.ts:256:17)
      at FlowParserMixin.parseMaybeAssignAllowInOrVoidPattern 
(node_modules/@babel/parser/src/parser/expression.ts:3311:17)
      at FlowParserMixin.parseExprListItem (node_modules/@babel/parser/src/parser/expression.ts:2793:18)
      at FlowParserMixin.parseCallExpressionArguments (node_modules/@babel/parser/src/parser/expression.ts:1042:14)
      at FlowParserMixin.parseCoverCallAndAsyncArrowHead (node_modules/@babel/parser/src/parser/expression.ts:922:29)
      at FlowParserMixin.parseSubscript (node_modules/@babel/parser/src/parser/expression.ts:804:19)
      at FlowParserMixin.parseSubscript (node_modules/@babel/parser/src/plugins/flow/index.ts:3323:20)
      at FlowParserMixin.parseSubscripts (node_modules/@babel/parser/src/parser/expression.ts:763:19)
      at FlowParserMixin.parseSubscripts (node_modules/@babel/parser/src/plugins/flow/index.ts:3267:20)
      at FlowParserMixin.parseExprSubscripts (node_modules/@babel/parser/src/parser/expression.ts:748:17)
      at FlowParserMixin.parseUpdate (node_modules/@babel/parser/src/parser/expression.ts:721:21)
      at FlowParserMixin.parseMaybeUnary (node_modules/@babel/parser/src/parser/expression.ts:683:23)
      at FlowParserMixin.parseMaybeUnaryOrPrivate (node_modules/@babel/parser/src/parser/expression.ts:417:14)
      at FlowParserMixin.parseExprOps (node_modules/@babel/parser/src/parser/expression.ts:429:23)
      at FlowParserMixin.parseMaybeConditional (node_modules/@babel/parser/src/parser/expression.ts:384:23)
      at FlowParserMixin.parseMaybeAssign (node_modules/@babel/parser/src/parser/expression.ts:301:21)

FAIL src/__tests__/asistencia-taller.component.test.jsx
  ÔùÅ Test suite failed to run

    Jest encountered an unexpected token

    Jest failed to parse a file. This happens e.g. when your code or its dependencies use non-standard JavaScript 
syntax, or when Jest is not configured to support such syntax.

    Out of the box Jest supports Babel, which will be used to transform your files into valid JS based on your Babel 
configuration.

    By default "node_modules" folder is ignored by transformers.

    Here's what you can do:
     ÔÇó If you are trying to use ECMAScript Modules, see https://jestjs.io/docs/ecmascript-modules for how to enable 
it.
     ÔÇó If you are trying to use TypeScript, see https://jestjs.io/docs/getting-started#using-typescript
     ÔÇó To have some of your "node_modules" files transformed, you can specify a custom "transformIgnorePatterns" in 
your config.
     ÔÇó If you need a custom transformation specify a "transform" option in your config.
     ÔÇó If you simply want to mock your non-JS modules (e.g. binary assets) you can stub them out with the 
"moduleNameMapper" config option.

    You'll find more details and examples of these config options in the docs:
    https://jestjs.io/docs/configuration
    For information about custom transformations, see:
    https://jestjs.io/docs/code-transformation

    Details:

    SyntaxError: D:\TELEPARK\telepark\telepark-frontend\src\__tests__\asistencia-taller.component.test.jsx: Missing 
semicolon. (86:93)

    [0m [90m 84 |[39m       render([33m<[39m[33mAsistencia[39m [33m/[39m[33m>[39m)[33m;[39m
     [90m 85 |[39m       [36mawait[39m waitFor(() [33m=>[39m 
expect(screen[33m.[39mgetByLabelText([32m'Encuentro:'[39m))[33m.[39mtoBeInTheDocument())[33m;[39m
    [31m[1m>[22m[39m[90m 86 |[39m       expect(screen[33m.[39mgetByRole([32m'option'[39m[33m,[39m { 
name[33m:[39m [35m/Elija el encuentro/i[39m }))[33m.[39mtoBeInTheDocument())[33m;[39m
     [90m    |[39m                                                                                              
[31m[1m^[22m[39m
     [90m 87 |[39m       expect(screen[33m.[39mgetByRole([32m'option'[39m[33m,[39m { name[33m:[39m 
[35m/2024-01-15/i[39m }))[33m.[39mtoBeInTheDocument())[33m;[39m
     [90m 88 |[39m       expect(screen[33m.[39mgetByRole([32m'option'[39m[33m,[39m { name[33m:[39m 
[35m/2024-01-22/i[39m }))[33m.[39mtoBeInTheDocument())[33m;[39m
     [90m 89 |[39m     })[33m;[39m[0m

      at toParseError (node_modules/@babel/parser/src/parse-error.ts:95:45)
      at FlowParserMixin.raise (node_modules/@babel/parser/src/tokenizer/index.ts:1504:19)
      at FlowParserMixin.semicolon (node_modules/@babel/parser/src/parser/util.ts:149:10)
      at FlowParserMixin.parseExpressionStatement (node_modules/@babel/parser/src/parser/statement.ts:1363:10)
      at FlowParserMixin.parseExpressionStatement (node_modules/@babel/parser/src/plugins/flow/index.ts:2041:20)
      at FlowParserMixin.parseStatementContent (node_modules/@babel/parser/src/parser/statement.ts:702:19)
      at FlowParserMixin.parseStatementLike (node_modules/@babel/parser/src/parser/statement.ts:482:17)
      at FlowParserMixin.parseStatementLike (node_modules/@babel/parser/src/plugins/flow/index.ts:2001:26)
      at FlowParserMixin.parseStatementListItem (node_modules/@babel/parser/src/parser/statement.ts:431:17)
      at FlowParserMixin.parseBlockOrModuleBlockBody (node_modules/@babel/parser/src/parser/statement.ts:1444:16)
      at FlowParserMixin.parseBlockBody (node_modules/@babel/parser/src/parser/statement.ts:1417:10)
      at FlowParserMixin.parseBlock (node_modules/@babel/parser/src/parser/statement.ts:1385:10)
      at FlowParserMixin.parseFunctionBody (node_modules/@babel/parser/src/parser/expression.ts:2621:24)
      at parse (node_modules/@babel/parser/src/plugins/flow/index.ts:1951:17)
      at FlowParserMixin.forwardNoArrowParamsConversionAt 
(node_modules/@babel/parser/src/plugins/flow/index.ts:2235:18)
      at FlowParserMixin.parseFunctionBody (node_modules/@babel/parser/src/plugins/flow/index.ts:1950:14)
      at FlowParserMixin.parseArrowExpression (node_modules/@babel/parser/src/parser/expression.ts:2562:10)
      at FlowParserMixin.parseAsyncArrowFromCallExpression 
(node_modules/@babel/parser/src/parser/expression.ts:1067:10)
      at FlowParserMixin.parseAsyncArrowFromCallExpression 
(node_modules/@babel/parser/src/plugins/flow/index.ts:2962:20)
      at FlowParserMixin.parseCoverCallAndAsyncArrowHead (node_modules/@babel/parser/src/parser/expression.ts:942:27)
      at FlowParserMixin.parseSubscript (node_modules/@babel/parser/src/parser/expression.ts:804:19)
      at FlowParserMixin.parseSubscript (node_modules/@babel/parser/src/plugins/flow/index.ts:3323:20)
      at FlowParserMixin.parseSubscripts (node_modules/@babel/parser/src/parser/expression.ts:763:19)
      at FlowParserMixin.parseSubscripts (node_modules/@babel/parser/src/plugins/flow/index.ts:3267:20)
      at FlowParserMixin.parseExprSubscripts (node_modules/@babel/parser/src/parser/expression.ts:748:17)
      at FlowParserMixin.parseUpdate (node_modules/@babel/parser/src/parser/expression.ts:721:21)
      at FlowParserMixin.parseMaybeUnary (node_modules/@babel/parser/src/parser/expression.ts:683:23)
      at FlowParserMixin.parseMaybeUnaryOrPrivate (node_modules/@babel/parser/src/parser/expression.ts:417:14)
      at FlowParserMixin.parseExprOps (node_modules/@babel/parser/src/parser/expression.ts:429:23)
      at FlowParserMixin.parseMaybeConditional (node_modules/@babel/parser/src/parser/expression.ts:384:23)
      at FlowParserMixin.parseMaybeAssign (node_modules/@babel/parser/src/parser/expression.ts:301:21)
      at FlowParserMixin.parseMaybeAssign (node_modules/@babel/parser/src/plugins/flow/index.ts:3108:20)
      at callback (node_modules/@babel/parser/src/parser/expression.ts:257:12)
      at FlowParserMixin.allowInAnd (node_modules/@babel/parser/src/parser/expression.ts:3197:12)
      at FlowParserMixin.parseMaybeAssignAllowIn (node_modules/@babel/parser/src/parser/expression.ts:256:17)
      at FlowParserMixin.parseMaybeAssignAllowInOrVoidPattern 
(node_modules/@babel/parser/src/parser/expression.ts:3311:17)
      at FlowParserMixin.parseExprListItem (node_modules/@babel/parser/src/parser/expression.ts:2793:18)
      at FlowParserMixin.parseCallExpressionArguments (node_modules/@babel/parser/src/parser/expression.ts:1042:14)
      at FlowParserMixin.parseCoverCallAndAsyncArrowHead (node_modules/@babel/parser/src/parser/expression.ts:922:29)
      at FlowParserMixin.parseSubscript (node_modules/@babel/parser/src/parser/expression.ts:804:19)
      at FlowParserMixin.parseSubscript (node_modules/@babel/parser/src/plugins/flow/index.ts:3323:20)
      at FlowParserMixin.parseSubscripts (node_modules/@babel/parser/src/parser/expression.ts:763:19)
      at FlowParserMixin.parseSubscripts (node_modules/@babel/parser/src/plugins/flow/index.ts:3267:20)
      at FlowParserMixin.parseExprSubscripts (node_modules/@babel/parser/src/parser/expression.ts:748:17)
      at FlowParserMixin.parseUpdate (node_modules/@babel/parser/src/parser/expression.ts:721:21)
      at FlowParserMixin.parseMaybeUnary (node_modules/@babel/parser/src/parser/expression.ts:683:23)
      at FlowParserMixin.parseMaybeUnaryOrPrivate (node_modules/@babel/parser/src/parser/expression.ts:417:14)
      at FlowParserMixin.parseExprOps (node_modules/@babel/parser/src/parser/expression.ts:429:23)
      at FlowParserMixin.parseMaybeConditional (node_modules/@babel/parser/src/parser/expression.ts:384:23)
      at FlowParserMixin.parseMaybeAssign (node_modules/@babel/parser/src/parser/expression.ts:301:21)

FAIL src/__tests__/actividad.component.test.jsx
  ÔùÅ Test suite failed to run

    Jest encountered an unexpected token

    Jest failed to parse a file. This happens e.g. when your code or its dependencies use non-standard JavaScript 
syntax, or when Jest is not configured to support such syntax.

    Out of the box Jest supports Babel, which will be used to transform your files into valid JS based on your Babel 
configuration.

    By default "node_modules" folder is ignored by transformers.

    Here's what you can do:
     ÔÇó If you are trying to use ECMAScript Modules, see https://jestjs.io/docs/ecmascript-modules for how to enable 
it.
     ÔÇó If you are trying to use TypeScript, see https://jestjs.io/docs/getting-started#using-typescript
     ÔÇó To have some of your "node_modules" files transformed, you can specify a custom "transformIgnorePatterns" in 
your config.
     ÔÇó If you need a custom transformation specify a "transform" option in your config.
     ÔÇó If you simply want to mock your non-JS modules (e.g. binary assets) you can stub them out with the 
"moduleNameMapper" config option.

    You'll find more details and examples of these config options in the docs:
    https://jestjs.io/docs/configuration
    For information about custom transformations, see:
    https://jestjs.io/docs/code-transformation

    Details:

    SyntaxError: D:\TELEPARK\telepark\telepark-frontend\src\__tests__\actividad.component.test.jsx: Missing semicolon. 
(61:65)

    [0m [90m 59 |[39m       render([33m<[39m[33mActividad[39m [33m/[39m[33m>[39m)[33m;[39m
     [90m 60 |[39m       [36mawait[39m waitFor(() [33m=>[39m 
expect(screen[33m.[39mgetByPlaceholderText([32m'actividad 
nombre...'[39m))[33m.[39mtoBeInTheDocument())[33m;[39m
    [31m[1m>[22m[39m[90m 61 |[39m       
expect(screen[33m.[39mgetByLabelText([32m'Taller'[39m))[33m.[39mtoBeInTheDocument())[33m;[39m
     [90m    |[39m                                                                  [31m[1m^[22m[39m
     [90m 62 |[39m     })[33m;[39m
     [90m 63 |[39m
     [90m 64 |[39m     it([32m'carga y muestra actividades en la tabla'[39m[33m,[39m [36masync[39m () 
[33m=>[39m {[0m

      at toParseError (node_modules/@babel/parser/src/parse-error.ts:95:45)
      at FlowParserMixin.raise (node_modules/@babel/parser/src/tokenizer/index.ts:1504:19)
      at FlowParserMixin.semicolon (node_modules/@babel/parser/src/parser/util.ts:149:10)
      at FlowParserMixin.parseExpressionStatement (node_modules/@babel/parser/src/parser/statement.ts:1363:10)
      at FlowParserMixin.parseExpressionStatement (node_modules/@babel/parser/src/plugins/flow/index.ts:2041:20)
      at FlowParserMixin.parseStatementContent (node_modules/@babel/parser/src/parser/statement.ts:702:19)
      at FlowParserMixin.parseStatementLike (node_modules/@babel/parser/src/parser/statement.ts:482:17)
      at FlowParserMixin.parseStatementLike (node_modules/@babel/parser/src/plugins/flow/index.ts:2001:26)
      at FlowParserMixin.parseStatementListItem (node_modules/@babel/parser/src/parser/statement.ts:431:17)
      at FlowParserMixin.parseBlockOrModuleBlockBody (node_modules/@babel/parser/src/parser/statement.ts:1444:16)
      at FlowParserMixin.parseBlockBody (node_modules/@babel/parser/src/parser/statement.ts:1417:10)
      at FlowParserMixin.parseBlock (node_modules/@babel/parser/src/parser/statement.ts:1385:10)
      at FlowParserMixin.parseFunctionBody (node_modules/@babel/parser/src/parser/expression.ts:2621:24)
      at parse (node_modules/@babel/parser/src/plugins/flow/index.ts:1951:17)
      at FlowParserMixin.forwardNoArrowParamsConversionAt 
(node_modules/@babel/parser/src/plugins/flow/index.ts:2235:18)
      at FlowParserMixin.parseFunctionBody (node_modules/@babel/parser/src/plugins/flow/index.ts:1950:14)
      at FlowParserMixin.parseArrowExpression (node_modules/@babel/parser/src/parser/expression.ts:2562:10)
      at FlowParserMixin.parseAsyncArrowFromCallExpression 
(node_modules/@babel/parser/src/parser/expression.ts:1067:10)
      at FlowParserMixin.parseAsyncArrowFromCallExpression 
(node_modules/@babel/parser/src/plugins/flow/index.ts:2962:20)
      at FlowParserMixin.parseCoverCallAndAsyncArrowHead (node_modules/@babel/parser/src/parser/expression.ts:942:27)
      at FlowParserMixin.parseSubscript (node_modules/@babel/parser/src/parser/expression.ts:804:19)
      at FlowParserMixin.parseSubscript (node_modules/@babel/parser/src/plugins/flow/index.ts:3323:20)
      at FlowParserMixin.parseSubscripts (node_modules/@babel/parser/src/parser/expression.ts:763:19)
      at FlowParserMixin.parseSubscripts (node_modules/@babel/parser/src/plugins/flow/index.ts:3267:20)
      at FlowParserMixin.parseExprSubscripts (node_modules/@babel/parser/src/parser/expression.ts:748:17)
      at FlowParserMixin.parseUpdate (node_modules/@babel/parser/src/parser/expression.ts:721:21)
      at FlowParserMixin.parseMaybeUnary (node_modules/@babel/parser/src/parser/expression.ts:683:23)
      at FlowParserMixin.parseMaybeUnaryOrPrivate (node_modules/@babel/parser/src/parser/expression.ts:417:14)
      at FlowParserMixin.parseExprOps (node_modules/@babel/parser/src/parser/expression.ts:429:23)
      at FlowParserMixin.parseMaybeConditional (node_modules/@babel/parser/src/parser/expression.ts:384:23)
      at FlowParserMixin.parseMaybeAssign (node_modules/@babel/parser/src/parser/expression.ts:301:21)
      at FlowParserMixin.parseMaybeAssign (node_modules/@babel/parser/src/plugins/flow/index.ts:3108:20)
      at callback (node_modules/@babel/parser/src/parser/expression.ts:257:12)
      at FlowParserMixin.allowInAnd (node_modules/@babel/parser/src/parser/expression.ts:3197:12)
      at FlowParserMixin.parseMaybeAssignAllowIn (node_modules/@babel/parser/src/parser/expression.ts:256:17)
      at FlowParserMixin.parseMaybeAssignAllowInOrVoidPattern 
(node_modules/@babel/parser/src/parser/expression.ts:3311:17)
      at FlowParserMixin.parseExprListItem (node_modules/@babel/parser/src/parser/expression.ts:2793:18)
      at FlowParserMixin.parseCallExpressionArguments (node_modules/@babel/parser/src/parser/expression.ts:1042:14)
      at FlowParserMixin.parseCoverCallAndAsyncArrowHead (node_modules/@babel/parser/src/parser/expression.ts:922:29)
      at FlowParserMixin.parseSubscript (node_modules/@babel/parser/src/parser/expression.ts:804:19)
      at FlowParserMixin.parseSubscript (node_modules/@babel/parser/src/plugins/flow/index.ts:3323:20)
      at FlowParserMixin.parseSubscripts (node_modules/@babel/parser/src/parser/expression.ts:763:19)
      at FlowParserMixin.parseSubscripts (node_modules/@babel/parser/src/plugins/flow/index.ts:3267:20)
      at FlowParserMixin.parseExprSubscripts (node_modules/@babel/parser/src/parser/expression.ts:748:17)
      at FlowParserMixin.parseUpdate (node_modules/@babel/parser/src/parser/expression.ts:721:21)
      at FlowParserMixin.parseMaybeUnary (node_modules/@babel/parser/src/parser/expression.ts:683:23)
      at FlowParserMixin.parseMaybeUnaryOrPrivate (node_modules/@babel/parser/src/parser/expression.ts:417:14)
      at FlowParserMixin.parseExprOps (node_modules/@babel/parser/src/parser/expression.ts:429:23)
      at FlowParserMixin.parseMaybeConditional (node_modules/@babel/parser/src/parser/expression.ts:384:23)
      at FlowParserMixin.parseMaybeAssign (node_modules/@babel/parser/src/parser/expression.ts:301:21)

-------------------------------------|---------|----------|---------|---------|--------------------------------------------------------------------------
File                                 | % Stmts | % Branch | % Funcs | % Lines | Uncovered Line #s                                                        
-------------------------------------|---------|----------|---------|---------|--------------------------------------------------------------------------
All files                            |   29.52 |    40.81 |   25.94 |   29.68 |                                                                          
 src                                 |   36.75 |    27.27 |   14.81 |   35.96 |                                                                          
  App.js                             |      48 |       90 |   15.55 |   46.57 | 16,22,26,29,32,35,38,41,44,47,50,53,56,59,63,66,69,86-87,116-430         
  http-common.js                     |   23.33 |       10 |   14.28 |   24.13 | 23,28-62                                                                 
  index.js                           |       0 |      100 |     100 |       0 | 14-23                                                                    
  reportWebVitals.js                 |       0 |        0 |       0 |       0 | 1-8                                                                      
  store.js                           |       0 |      100 |     100 |       0 | 4                                                                        
 src/actions                         |       0 |      100 |       0 |       0 |                                                                          
  global.js                          |       0 |      100 |       0 |       0 | 3-7                                                                      
  types.js                           |       0 |      100 |     100 |       0 | 2                                                                        
 src/components                      |   27.88 |    34.17 |   25.04 |   28.13 |                                                                          
  actividad.component.js             |       0 |        0 |       0 |       0 | 10-174                                                                   
  add-paciente.component.js          |    61.9 |       75 |   42.85 |   68.42 | 33-36,41-42                                                              
  admin-users.component.js           |   95.94 |    90.38 |   89.36 |   95.94 | 243-244,263-264,280,475                                                  
  asistencia-taller.component.js     |       0 |        0 |       0 |       0 | 13-224                                                                   
  consulta.component.js              |       0 |        0 |       0 |       0 | 13-253                                                                   
  encuentro.component.js             |       0 |        0 |       0 |       0 | 13-530                                                                   
  familiar.component.js              |       0 |      100 |       0 |       0 | 4-5                                                                      
  ficha-medica.component.js          |     100 |       75 |     100 |     100 | 32-59                                                                    
  footer.component.js                |     100 |      100 |     100 |     100 |                                                                          
  gestion-eventos.component.js       |   53.33 |     37.5 |   31.25 |   53.33 | 31,39,44,51-69,75-87,94-106,114,195-234                                  
  list-diagnostico.component.js      |       0 |        0 |       0 |       0 | 10-375                                                                   
  list-evolucion.component.js        |       0 |        0 |       0 |       0 | 9-351                                                                    
  list-indicacion.component.js       |       0 |        0 |       0 |       0 | 10-487                                                                   
  list-obrasocial.component.js       |       0 |        0 |       0 |       0 | 10-222                                                                   
  list-pacientes-ep.component.js     |     100 |    93.75 |     100 |     100 | 115                                                                      
  login.component.js                 |     100 |    95.83 |     100 |     100 | 47                                                                       
  nomenclador.component.js           |   50.37 |    47.05 |      50 |   50.38 | 74-80,92-133,139-167,178-186,191,202,210,243-247,334-338,377-429,480-493 
  search-criteria.component.js       |       0 |        0 |       0 |       0 | 13-505                                                                   
  sidebar.component.js               |   81.81 |    56.66 |      75 |   77.77 | 30-31                                                                    
  talleres.component.js              |       0 |        0 |       0 |       0 | 10-442                                                                   
  tipos-de-eventos.component.js      |   55.05 |     40.9 |   44.11 |   55.05 | 44-45,53,90-118,122-139,151,155,160-172,180-192,235,295-363              
 src/components/add-paciente         |     100 |      100 |     100 |     100 |                                                                          
  datos-personales.component.js      |     100 |      100 |     100 |     100 |                                                                          
  vivienda.component.js              |     100 |      100 |     100 |     100 |                                                                          
 src/components/error-boundary       |   57.14 |    36.36 |   33.33 |   57.14 |                                                                          
  error-fallback-global.component.js |      75 |       50 |      50 |      75 | 36                                                                       
  error-fallback-inline.component.js |       0 |        0 |       0 |       0 | 14-43                                                                    
  error-fallback-route.component.js  |     100 |       75 |     100 |     100 | 30                                                                       
  logError.js                        |      50 |        0 |       0 |      50 | 11,19                                                                    
 src/components/icons                |   96.29 |    90.74 |   92.59 |   96.29 |                                                                          
  icons-nomenclador.jsx              |     100 |      100 |     100 |     100 |                                                                          
  icons-shared.jsx                   |   95.45 |    86.36 |    90.9 |   95.45 | 38                                                                       
  icons-sidebar.jsx                  |   95.45 |     90.9 |    90.9 |   95.45 | 44                                                                       
 src/components/list-obrasocial      |      40 |      100 |      25 |      40 |                                                                          
  obra-social-form.component.js      |      40 |      100 |      25 |      40 | 29-46                                                                    
 src/components/shared               |     100 |      100 |     100 |     100 |                                                                          
  loading-spinner.jsx                |     100 |      100 |     100 |     100 |                                                                          
 src/reducers                        |       0 |        0 |       0 |       0 |                                                                          
  global.js                          |       0 |        0 |       0 |       0 | 5-19                                                                     
  globalSlice.js                     |       0 |      100 |       0 |       0 | 3-19                                                                     
 src/services                        |    20.8 |    67.64 |   15.78 |   20.37 |                                                                          
  actividad-realizada.service.js     |       0 |        0 |       0 |       0 | 4-40                                                                     
  actividad.service.js               |       0 |      100 |       0 |       0 | 4-23                                                                     
  asistencia.service.js              |       0 |        0 |       0 |       0 | 5-47                                                                     
  auth.service.js                    |      40 |      100 |       0 |      40 | 6-7,14                                                                   
  diagnostico.service.js             |       0 |      100 |       0 |       0 | 4-23                                                                     
  direccion.service.js               |       0 |      100 |       0 |       0 | 4-11                                                                     
  encuentro.service.js               |       0 |      100 |       0 |       0 | 7-30                                                                     
  enfermedad.service.js              |       0 |      100 |       0 |       0 | 4-23                                                                     
  error-handler.js                   |     100 |    83.33 |     100 |     100 | 8,24-31                                                                  
  event.service.js                   |       0 |      100 |       0 |       0 | 4-50                                                                     
  evolucion.service.js               |       0 |      100 |       0 |       0 | 4-23                                                                     
  indicacion.service.js              |       0 |      100 |       0 |       0 | 4-23                                                                     
  localidad.service.js               |       0 |      100 |       0 |       0 | 4-11                                                                     
  medicamento.service.js             |       0 |      100 |       0 |       0 | 4-23                                                                     
  municipio.service.js               |      75 |      100 |     100 |      75 | 7                                                                        
  notification.service.js            |   81.25 |       75 |   71.42 |      80 | 10-11,56                                                                 
  obrasocial.service.js              |       0 |      100 |       0 |       0 | 4-23                                                                     
  os.service.js                      |       0 |      100 |       0 |       0 | 4-23                                                                     
  paciente.service.js                |   13.33 |      100 |       0 |   13.33 | 6-67                                                                     
  taller.service.js                  |       0 |      100 |       0 |       0 | 4-23                                                                     
  token.service.js                   |   57.14 |      100 |   55.55 |   57.14 | 13-14,23-30,45-46                                                        
  users.service.js                   |       0 |      100 |       0 |       0 | 4-19                                                                     
 src/utils                           |   25.86 |       20 |   19.04 |   25.86 |                                                                          
  utils.js                           |   27.27 |       20 |   21.05 |   27.27 | 34-71,93-107,124-203                                                     
  withNavigate.js                    |       0 |      100 |       0 |       0 | 4-6                                                                      
-------------------------------------|---------|----------|---------|---------|--------------------------------------------------------------------------
Summary of all failing tests
FAIL src/__tests__/list-pacientes-ep.component.test.jsx
  ÔùÅ ListPacientesEP ÔÇö Unit Tests ÔÇ║ Interacci├│n: Click en fila (verSecci├│n) ÔÇ║ llama props.cambiarID al click 
en bot├│n Ver Ficha M├®dica

    Actions must be plain objects. Use custom middleware for async actions.

    [0m [90m 53 |[39m     [36mconst[39m idpersona [33m=[39m id[33m;[39m
     [90m 54 |[39m     [36mconst[39m nombrepersona [33m=[39m nombre [33m+[39m [32m' '[39m [33m+[39m 
apellido[33m;[39m
    [31m[1m>[22m[39m[90m 55 |[39m     props[33m.[39mcambiarID(idpersona[33m,[39m nombrepersona)[33m;[39m
     [90m    |[39m           [31m[1m^[22m[39m
     [90m 56 |[39m   }[33m;[39m
     [90m 57 |[39m
     [90m 58 |[39m   [36mreturn[39m ([0m

      at dispatch (node_modules/redux-mock-store/dist/index-cjs.js:66:19)
      at Object.cambiarID (node_modules/react-redux/src/utils/bindActionCreators.ts:12:47)
      at verSeccion (src/components/list-pacientes-ep.component.js:55:11)
      at onClick (src/components/list-pacientes-ep.component.js:123:31)
      at handleClick (node_modules/react-router-dom/index.tsx:1025:20)
      at HTMLUnknownElement.callCallback (node_modules/react-dom/cjs/react-dom.development.js:4164:14)
      at HTMLUnknownElement.callTheUserObjectsOperation 
(node_modules/jsdom/lib/jsdom/living/generated/EventListener.js:26:30)
      at innerInvokeEventListeners (node_modules/jsdom/lib/jsdom/living/events/EventTarget-impl.js:338:25)
      at invokeEventListeners (node_modules/jsdom/lib/jsdom/living/events/EventTarget-impl.js:274:3)
      at HTMLUnknownElementImpl._dispatch (node_modules/jsdom/lib/jsdom/living/events/EventTarget-impl.js:221:9)
      at HTMLUnknownElementImpl.dispatchEvent (node_modules/jsdom/lib/jsdom/living/events/EventTarget-impl.js:94:17)
      at HTMLUnknownElement.dispatchEvent (node_modules/jsdom/lib/jsdom/living/generated/EventTarget.js:231:34)
      at Object.invokeGuardedCallbackDev (node_modules/react-dom/cjs/react-dom.development.js:4213:16)
      at invokeGuardedCallback (node_modules/react-dom/cjs/react-dom.development.js:4277:31)
      at invokeGuardedCallbackAndCatchFirstError (node_modules/react-dom/cjs/react-dom.development.js:4291:25)
      at executeDispatch (node_modules/react-dom/cjs/react-dom.development.js:9041:3)
      at processDispatchQueueItemsInOrder (node_modules/react-dom/cjs/react-dom.development.js:9073:7)
      at processDispatchQueue (node_modules/react-dom/cjs/react-dom.development.js:9086:5)
      at dispatchEventsForPlugins (node_modules/react-dom/cjs/react-dom.development.js:9097:3)
      at node_modules/react-dom/cjs/react-dom.development.js:9288:12
      at batchedUpdates$1 (node_modules/react-dom/cjs/react-dom.development.js:26179:12)
      at batchedUpdates (node_modules/react-dom/cjs/react-dom.development.js:3991:12)
      at dispatchEventForPluginEventSystem (node_modules/react-dom/cjs/react-dom.development.js:9287:3)
      at dispatchEventWithEnableCapturePhaseSelectiveHydrationWithoutDiscreteEventReplay 
(node_modules/react-dom/cjs/react-dom.development.js:6465:5)
      at dispatchEvent (node_modules/react-dom/cjs/react-dom.development.js:6457:5)
      at dispatchDiscreteEvent (node_modules/react-dom/cjs/react-dom.development.js:6430:5)
      at HTMLDivElement.callTheUserObjectsOperation 
(node_modules/jsdom/lib/jsdom/living/generated/EventListener.js:26:30)
      at innerInvokeEventListeners (node_modules/jsdom/lib/jsdom/living/events/EventTarget-impl.js:338:25)
      at invokeEventListeners (node_modules/jsdom/lib/jsdom/living/events/EventTarget-impl.js:274:3)
      at HTMLButtonElementImpl._dispatch (node_modules/jsdom/lib/jsdom/living/events/EventTarget-impl.js:221:9)
      at HTMLButtonElementImpl.dispatchEvent (node_modules/jsdom/lib/jsdom/living/events/EventTarget-impl.js:94:17)
      at HTMLButtonElement.dispatchEvent (node_modules/jsdom/lib/jsdom/living/generated/EventTarget.js:231:34)
      at node_modules/@testing-library/dom/dist/events.js:19:20
      at node_modules/@testing-library/react/dist/pure.js:108:16
      at node_modules/@testing-library/react/dist/act-compat.js:48:24
      at act (node_modules/react/cjs/react.development.js:2512:16)
      at node_modules/@testing-library/react/dist/act-compat.js:47:25
      at Object.eventWrapper (node_modules/@testing-library/react/dist/pure.js:107:28)
      at fireEvent (node_modules/@testing-library/dom/dist/events.js:12:35)
      at fireEvent.<computed> [as click] (node_modules/@testing-library/dom/dist/events.js:110:36)
      at fireEvent.click (node_modules/@testing-library/react/dist/fire-event.js:15:52)
      at Object.<anonymous> (src/__tests__/list-pacientes-ep.component.test.jsx:134:17)

  ÔùÅ ListPacientesEP ÔÇö Unit Tests ÔÇ║ Interacci├│n: Click en fila (verSecci├│n) ÔÇ║ llama props.cambiarID al click 
en bot├│n Ver Diagn├│sticos

    Actions must be plain objects. Use custom middleware for async actions.

    [0m [90m 53 |[39m     [36mconst[39m idpersona [33m=[39m id[33m;[39m
     [90m 54 |[39m     [36mconst[39m nombrepersona [33m=[39m nombre [33m+[39m [32m' '[39m [33m+[39m 
apellido[33m;[39m
    [31m[1m>[22m[39m[90m 55 |[39m     props[33m.[39mcambiarID(idpersona[33m,[39m nombrepersona)[33m;[39m
     [90m    |[39m           [31m[1m^[22m[39m
     [90m 56 |[39m   }[33m;[39m
     [90m 57 |[39m
     [90m 58 |[39m   [36mreturn[39m ([0m

      at dispatch (node_modules/redux-mock-store/dist/index-cjs.js:66:19)
      at Object.cambiarID (node_modules/react-redux/src/utils/bindActionCreators.ts:12:47)
      at verSeccion (src/components/list-pacientes-ep.component.js:55:11)
      at onClick (src/components/list-pacientes-ep.component.js:142:31)
      at handleClick (node_modules/react-router-dom/index.tsx:1025:20)
      at HTMLUnknownElement.callCallback (node_modules/react-dom/cjs/react-dom.development.js:4164:14)
      at HTMLUnknownElement.callTheUserObjectsOperation 
(node_modules/jsdom/lib/jsdom/living/generated/EventListener.js:26:30)
      at innerInvokeEventListeners (node_modules/jsdom/lib/jsdom/living/events/EventTarget-impl.js:338:25)
      at invokeEventListeners (node_modules/jsdom/lib/jsdom/living/events/EventTarget-impl.js:274:3)
      at HTMLUnknownElementImpl._dispatch (node_modules/jsdom/lib/jsdom/living/events/EventTarget-impl.js:221:9)
      at HTMLUnknownElementImpl.dispatchEvent (node_modules/jsdom/lib/jsdom/living/events/EventTarget-impl.js:94:17)
      at HTMLUnknownElement.dispatchEvent (node_modules/jsdom/lib/jsdom/living/generated/EventTarget.js:231:34)
      at Object.invokeGuardedCallbackDev (node_modules/react-dom/cjs/react-dom.development.js:4213:16)
      at invokeGuardedCallback (node_modules/react-dom/cjs/react-dom.development.js:4277:31)
      at invokeGuardedCallbackAndCatchFirstError (node_modules/react-dom/cjs/react-dom.development.js:4291:25)
      at executeDispatch (node_modules/react-dom/cjs/react-dom.development.js:9041:3)
      at processDispatchQueueItemsInOrder (node_modules/react-dom/cjs/react-dom.development.js:9073:7)
      at processDispatchQueue (node_modules/react-dom/cjs/react-dom.development.js:9086:5)
      at dispatchEventsForPlugins (node_modules/react-dom/cjs/react-dom.development.js:9097:3)
      at node_modules/react-dom/cjs/react-dom.development.js:9288:12
      at batchedUpdates$1 (node_modules/react-dom/cjs/react-dom.development.js:26179:12)
      at batchedUpdates (node_modules/react-dom/cjs/react-dom.development.js:3991:12)
      at dispatchEventForPluginEventSystem (node_modules/react-dom/cjs/react-dom.development.js:9287:3)
      at dispatchEventWithEnableCapturePhaseSelectiveHydrationWithoutDiscreteEventReplay 
(node_modules/react-dom/cjs/react-dom.development.js:6465:5)
      at dispatchEvent (node_modules/react-dom/cjs/react-dom.development.js:6457:5)
      at dispatchDiscreteEvent (node_modules/react-dom/cjs/react-dom.development.js:6430:5)
      at HTMLDivElement.callTheUserObjectsOperation 
(node_modules/jsdom/lib/jsdom/living/generated/EventListener.js:26:30)
      at innerInvokeEventListeners (node_modules/jsdom/lib/jsdom/living/events/EventTarget-impl.js:338:25)
      at invokeEventListeners (node_modules/jsdom/lib/jsdom/living/events/EventTarget-impl.js:274:3)
      at HTMLButtonElementImpl._dispatch (node_modules/jsdom/lib/jsdom/living/events/EventTarget-impl.js:221:9)
      at HTMLButtonElementImpl.dispatchEvent (node_modules/jsdom/lib/jsdom/living/events/EventTarget-impl.js:94:17)
      at HTMLButtonElement.dispatchEvent (node_modules/jsdom/lib/jsdom/living/generated/EventTarget.js:231:34)
      at node_modules/@testing-library/dom/dist/events.js:19:20
      at node_modules/@testing-library/react/dist/pure.js:108:16
      at node_modules/@testing-library/react/dist/act-compat.js:48:24
      at act (node_modules/react/cjs/react.development.js:2512:16)
      at node_modules/@testing-library/react/dist/act-compat.js:47:25
      at Object.eventWrapper (node_modules/@testing-library/react/dist/pure.js:107:28)
      at fireEvent (node_modules/@testing-library/dom/dist/events.js:12:35)
      at fireEvent.<computed> [as click] (node_modules/@testing-library/dom/dist/events.js:110:36)
      at fireEvent.click (node_modules/@testing-library/react/dist/fire-event.js:15:52)
      at Object.<anonymous> (src/__tests__/list-pacientes-ep.component.test.jsx:147:17)

  ÔùÅ ListPacientesEP ÔÇö Unit Tests ÔÇ║ Interacci├│n: Click en fila (verSecci├│n) ÔÇ║ llama props.cambiarID al click 
en bot├│n Ver Evoluci├│n

    Actions must be plain objects. Use custom middleware for async actions.

    [0m [90m 53 |[39m     [36mconst[39m idpersona [33m=[39m id[33m;[39m
     [90m 54 |[39m     [36mconst[39m nombrepersona [33m=[39m nombre [33m+[39m [32m' '[39m [33m+[39m 
apellido[33m;[39m
    [31m[1m>[22m[39m[90m 55 |[39m     props[33m.[39mcambiarID(idpersona[33m,[39m nombrepersona)[33m;[39m
     [90m    |[39m           [31m[1m^[22m[39m
     [90m 56 |[39m   }[33m;[39m
     [90m 57 |[39m
     [90m 58 |[39m   [36mreturn[39m ([0m

      at dispatch (node_modules/redux-mock-store/dist/index-cjs.js:66:19)
      at Object.cambiarID (node_modules/react-redux/src/utils/bindActionCreators.ts:12:47)
      at verSeccion (src/components/list-pacientes-ep.component.js:55:11)
      at onClick (src/components/list-pacientes-ep.component.js:161:31)
      at handleClick (node_modules/react-router-dom/index.tsx:1025:20)
      at HTMLUnknownElement.callCallback (node_modules/react-dom/cjs/react-dom.development.js:4164:14)
      at HTMLUnknownElement.callTheUserObjectsOperation 
(node_modules/jsdom/lib/jsdom/living/generated/EventListener.js:26:30)
      at innerInvokeEventListeners (node_modules/jsdom/lib/jsdom/living/events/EventTarget-impl.js:338:25)
      at invokeEventListeners (node_modules/jsdom/lib/jsdom/living/events/EventTarget-impl.js:274:3)
      at HTMLUnknownElementImpl._dispatch (node_modules/jsdom/lib/jsdom/living/events/EventTarget-impl.js:221:9)
      at HTMLUnknownElementImpl.dispatchEvent (node_modules/jsdom/lib/jsdom/living/events/EventTarget-impl.js:94:17)
      at HTMLUnknownElement.dispatchEvent (node_modules/jsdom/lib/jsdom/living/generated/EventTarget.js:231:34)
      at Object.invokeGuardedCallbackDev (node_modules/react-dom/cjs/react-dom.development.js:4213:16)
      at invokeGuardedCallback (node_modules/react-dom/cjs/react-dom.development.js:4277:31)
      at invokeGuardedCallbackAndCatchFirstError (node_modules/react-dom/cjs/react-dom.development.js:4291:25)
      at executeDispatch (node_modules/react-dom/cjs/react-dom.development.js:9041:3)
      at processDispatchQueueItemsInOrder (node_modules/react-dom/cjs/react-dom.development.js:9073:7)
      at processDispatchQueue (node_modules/react-dom/cjs/react-dom.development.js:9086:5)
      at dispatchEventsForPlugins (node_modules/react-dom/cjs/react-dom.development.js:9097:3)
      at node_modules/react-dom/cjs/react-dom.development.js:9288:12
      at batchedUpdates$1 (node_modules/react-dom/cjs/react-dom.development.js:26179:12)
      at batchedUpdates (node_modules/react-dom/cjs/react-dom.development.js:3991:12)
      at dispatchEventForPluginEventSystem (node_modules/react-dom/cjs/react-dom.development.js:9287:3)
      at dispatchEventWithEnableCapturePhaseSelectiveHydrationWithoutDiscreteEventReplay 
(node_modules/react-dom/cjs/react-dom.development.js:6465:5)
      at dispatchEvent (node_modules/react-dom/cjs/react-dom.development.js:6457:5)
      at dispatchDiscreteEvent (node_modules/react-dom/cjs/react-dom.development.js:6430:5)
      at HTMLDivElement.callTheUserObjectsOperation 
(node_modules/jsdom/lib/jsdom/living/generated/EventListener.js:26:30)
      at innerInvokeEventListeners (node_modules/jsdom/lib/jsdom/living/events/EventTarget-impl.js:338:25)
      at invokeEventListeners (node_modules/jsdom/lib/jsdom/living/events/EventTarget-impl.js:274:3)
      at HTMLButtonElementImpl._dispatch (node_modules/jsdom/lib/jsdom/living/events/EventTarget-impl.js:221:9)
      at HTMLButtonElementImpl.dispatchEvent (node_modules/jsdom/lib/jsdom/living/events/EventTarget-impl.js:94:17)
      at HTMLButtonElement.dispatchEvent (node_modules/jsdom/lib/jsdom/living/generated/EventTarget.js:231:34)
      at node_modules/@testing-library/dom/dist/events.js:19:20
      at node_modules/@testing-library/react/dist/pure.js:108:16
      at node_modules/@testing-library/react/dist/act-compat.js:48:24
      at act (node_modules/react/cjs/react.development.js:2512:16)
      at node_modules/@testing-library/react/dist/act-compat.js:47:25
      at Object.eventWrapper (node_modules/@testing-library/react/dist/pure.js:107:28)
      at fireEvent (node_modules/@testing-library/dom/dist/events.js:12:35)
      at fireEvent.<computed> [as click] (node_modules/@testing-library/dom/dist/events.js:110:36)
      at fireEvent.click (node_modules/@testing-library/react/dist/fire-event.js:15:52)
      at Object.<anonymous> (src/__tests__/list-pacientes-ep.component.test.jsx:160:17)

  ÔùÅ ListPacientesEP ÔÇö Unit Tests ÔÇ║ Interacci├│n: Click en fila (verSecci├│n) ÔÇ║ llama props.cambiarID al click 
en bot├│n Ver Obra Social

    Actions must be plain objects. Use custom middleware for async actions.

    [0m [90m 53 |[39m     [36mconst[39m idpersona [33m=[39m id[33m;[39m
     [90m 54 |[39m     [36mconst[39m nombrepersona [33m=[39m nombre [33m+[39m [32m' '[39m [33m+[39m 
apellido[33m;[39m
    [31m[1m>[22m[39m[90m 55 |[39m     props[33m.[39mcambiarID(idpersona[33m,[39m nombrepersona)[33m;[39m
     [90m    |[39m           [31m[1m^[22m[39m
     [90m 56 |[39m   }[33m;[39m
     [90m 57 |[39m
     [90m 58 |[39m   [36mreturn[39m ([0m

      at dispatch (node_modules/redux-mock-store/dist/index-cjs.js:66:19)
      at Object.cambiarID (node_modules/react-redux/src/utils/bindActionCreators.ts:12:47)
      at verSeccion (src/components/list-pacientes-ep.component.js:55:11)
      at onClick (src/components/list-pacientes-ep.component.js:180:31)
      at handleClick (node_modules/react-router-dom/index.tsx:1025:20)
      at HTMLUnknownElement.callCallback (node_modules/react-dom/cjs/react-dom.development.js:4164:14)
      at HTMLUnknownElement.callTheUserObjectsOperation 
(node_modules/jsdom/lib/jsdom/living/generated/EventListener.js:26:30)
      at innerInvokeEventListeners (node_modules/jsdom/lib/jsdom/living/events/EventTarget-impl.js:338:25)
      at invokeEventListeners (node_modules/jsdom/lib/jsdom/living/events/EventTarget-impl.js:274:3)
      at HTMLUnknownElementImpl._dispatch (node_modules/jsdom/lib/jsdom/living/events/EventTarget-impl.js:221:9)
      at HTMLUnknownElementImpl.dispatchEvent (node_modules/jsdom/lib/jsdom/living/events/EventTarget-impl.js:94:17)
      at HTMLUnknownElement.dispatchEvent (node_modules/jsdom/lib/jsdom/living/generated/EventTarget.js:231:34)
      at Object.invokeGuardedCallbackDev (node_modules/react-dom/cjs/react-dom.development.js:4213:16)
      at invokeGuardedCallback (node_modules/react-dom/cjs/react-dom.development.js:4277:31)
      at invokeGuardedCallbackAndCatchFirstError (node_modules/react-dom/cjs/react-dom.development.js:4291:25)
      at executeDispatch (node_modules/react-dom/cjs/react-dom.development.js:9041:3)
      at processDispatchQueueItemsInOrder (node_modules/react-dom/cjs/react-dom.development.js:9073:7)
      at processDispatchQueue (node_modules/react-dom/cjs/react-dom.development.js:9086:5)
      at dispatchEventsForPlugins (node_modules/react-dom/cjs/react-dom.development.js:9097:3)
      at node_modules/react-dom/cjs/react-dom.development.js:9288:12
      at batchedUpdates$1 (node_modules/react-dom/cjs/react-dom.development.js:26179:12)
      at batchedUpdates (node_modules/react-dom/cjs/react-dom.development.js:3991:12)
      at dispatchEventForPluginEventSystem (node_modules/react-dom/cjs/react-dom.development.js:9287:3)
      at dispatchEventWithEnableCapturePhaseSelectiveHydrationWithoutDiscreteEventReplay 
(node_modules/react-dom/cjs/react-dom.development.js:6465:5)
      at dispatchEvent (node_modules/react-dom/cjs/react-dom.development.js:6457:5)
      at dispatchDiscreteEvent (node_modules/react-dom/cjs/react-dom.development.js:6430:5)
      at HTMLDivElement.callTheUserObjectsOperation 
(node_modules/jsdom/lib/jsdom/living/generated/EventListener.js:26:30)
      at innerInvokeEventListeners (node_modules/jsdom/lib/jsdom/living/events/EventTarget-impl.js:338:25)
      at invokeEventListeners (node_modules/jsdom/lib/jsdom/living/events/EventTarget-impl.js:274:3)
      at HTMLButtonElementImpl._dispatch (node_modules/jsdom/lib/jsdom/living/events/EventTarget-impl.js:221:9)
      at HTMLButtonElementImpl.dispatchEvent (node_modules/jsdom/lib/jsdom/living/events/EventTarget-impl.js:94:17)
      at HTMLButtonElement.dispatchEvent (node_modules/jsdom/lib/jsdom/living/generated/EventTarget.js:231:34)
      at node_modules/@testing-library/dom/dist/events.js:19:20
      at node_modules/@testing-library/react/dist/pure.js:108:16
      at node_modules/@testing-library/react/dist/act-compat.js:48:24
      at act (node_modules/react/cjs/react.development.js:2512:16)
      at node_modules/@testing-library/react/dist/act-compat.js:47:25
      at Object.eventWrapper (node_modules/@testing-library/react/dist/pure.js:107:28)
      at fireEvent (node_modules/@testing-library/dom/dist/events.js:12:35)
      at fireEvent.<computed> [as click] (node_modules/@testing-library/dom/dist/events.js:110:36)
      at fireEvent.click (node_modules/@testing-library/react/dist/fire-event.js:15:52)
      at Object.<anonymous> (src/__tests__/list-pacientes-ep.component.test.jsx:173:17)

  ÔùÅ ListPacientesEP ÔÇö Unit Tests ÔÇ║ Interacci├│n: Click en fila (verSecci├│n) ÔÇ║ llama props.cambiarID al click 
en bot├│n Ver Indicaciones M├®dicas

    Actions must be plain objects. Use custom middleware for async actions.

    [0m [90m 53 |[39m     [36mconst[39m idpersona [33m=[39m id[33m;[39m
     [90m 54 |[39m     [36mconst[39m nombrepersona [33m=[39m nombre [33m+[39m [32m' '[39m [33m+[39m 
apellido[33m;[39m
    [31m[1m>[22m[39m[90m 55 |[39m     props[33m.[39mcambiarID(idpersona[33m,[39m nombrepersona)[33m;[39m
     [90m    |[39m           [31m[1m^[22m[39m
     [90m 56 |[39m   }[33m;[39m
     [90m 57 |[39m
     [90m 58 |[39m   [36mreturn[39m ([0m

      at dispatch (node_modules/redux-mock-store/dist/index-cjs.js:66:19)
      at Object.cambiarID (node_modules/react-redux/src/utils/bindActionCreators.ts:12:47)
      at verSeccion (src/components/list-pacientes-ep.component.js:55:11)
      at onClick (src/components/list-pacientes-ep.component.js:199:31)
      at handleClick (node_modules/react-router-dom/index.tsx:1025:20)
      at HTMLUnknownElement.callCallback (node_modules/react-dom/cjs/react-dom.development.js:4164:14)
      at HTMLUnknownElement.callTheUserObjectsOperation 
(node_modules/jsdom/lib/jsdom/living/generated/EventListener.js:26:30)
      at innerInvokeEventListeners (node_modules/jsdom/lib/jsdom/living/events/EventTarget-impl.js:338:25)
      at invokeEventListeners (node_modules/jsdom/lib/jsdom/living/events/EventTarget-impl.js:274:3)
      at HTMLUnknownElementImpl._dispatch (node_modules/jsdom/lib/jsdom/living/events/EventTarget-impl.js:221:9)
      at HTMLUnknownElementImpl.dispatchEvent (node_modules/jsdom/lib/jsdom/living/events/EventTarget-impl.js:94:17)
      at HTMLUnknownElement.dispatchEvent (node_modules/jsdom/lib/jsdom/living/generated/EventTarget.js:231:34)
      at Object.invokeGuardedCallbackDev (node_modules/react-dom/cjs/react-dom.development.js:4213:16)
      at invokeGuardedCallback (node_modules/react-dom/cjs/react-dom.development.js:4277:31)
      at invokeGuardedCallbackAndCatchFirstError (node_modules/react-dom/cjs/react-dom.development.js:4291:25)
      at executeDispatch (node_modules/react-dom/cjs/react-dom.development.js:9041:3)
      at processDispatchQueueItemsInOrder (node_modules/react-dom/cjs/react-dom.development.js:9073:7)
      at processDispatchQueue (node_modules/react-dom/cjs/react-dom.development.js:9086:5)
      at dispatchEventsForPlugins (node_modules/react-dom/cjs/react-dom.development.js:9097:3)
      at node_modules/react-dom/cjs/react-dom.development.js:9288:12
      at batchedUpdates$1 (node_modules/react-dom/cjs/react-dom.development.js:26179:12)
      at batchedUpdates (node_modules/react-dom/cjs/react-dom.development.js:3991:12)
      at dispatchEventForPluginEventSystem (node_modules/react-dom/cjs/react-dom.development.js:9287:3)
      at dispatchEventWithEnableCapturePhaseSelectiveHydrationWithoutDiscreteEventReplay 
(node_modules/react-dom/cjs/react-dom.development.js:6465:5)
      at dispatchEvent (node_modules/react-dom/cjs/react-dom.development.js:6457:5)
      at dispatchDiscreteEvent (node_modules/react-dom/cjs/react-dom.development.js:6430:5)
      at HTMLDivElement.callTheUserObjectsOperation 
(node_modules/jsdom/lib/jsdom/living/generated/EventListener.js:26:30)
      at innerInvokeEventListeners (node_modules/jsdom/lib/jsdom/living/events/EventTarget-impl.js:338:25)
      at invokeEventListeners (node_modules/jsdom/lib/jsdom/living/events/EventTarget-impl.js:274:3)
      at HTMLButtonElementImpl._dispatch (node_modules/jsdom/lib/jsdom/living/events/EventTarget-impl.js:221:9)
      at HTMLButtonElementImpl.dispatchEvent (node_modules/jsdom/lib/jsdom/living/events/EventTarget-impl.js:94:17)
      at HTMLButtonElement.dispatchEvent (node_modules/jsdom/lib/jsdom/living/generated/EventTarget.js:231:34)
      at node_modules/@testing-library/dom/dist/events.js:19:20
      at node_modules/@testing-library/react/dist/pure.js:108:16
      at node_modules/@testing-library/react/dist/act-compat.js:48:24
      at act (node_modules/react/cjs/react.development.js:2512:16)
      at node_modules/@testing-library/react/dist/act-compat.js:47:25
      at Object.eventWrapper (node_modules/@testing-library/react/dist/pure.js:107:28)
      at fireEvent (node_modules/@testing-library/dom/dist/events.js:12:35)
      at fireEvent.<computed> [as click] (node_modules/@testing-library/dom/dist/events.js:110:36)
      at fireEvent.click (node_modules/@testing-library/react/dist/fire-event.js:15:52)
      at Object.<anonymous> (src/__tests__/list-pacientes-ep.component.test.jsx:186:17)

FAIL src/__tests__/tipos-de-eventos.component.test.jsx
  ÔùÅ TypeEvents ÔÇö Unit Tests ÔÇ║ Interacciones Principales ÔÇö Modal Insertar ÔÇ║ crea nuevo tipo de evento v├ílido

    TestingLibraryElementError: Found multiple elements with the role "button" and name `/agregar/i`

    Here are the matching elements:

    Ignored nodes: comments, script, style
    [36m<button[39m
      [33mclass[39m=[32m"btn btn-primary mb-2 mt-2"[39m
    [36m>[39m
      [36m<svg[39m
        [33maria-hidden[39m=[32m"true"[39m
        [33mclass[39m=[32m"signoMas"[39m
        [33mfill[39m=[32m"currentColor"[39m
        [33mheight[39m=[32m"16"[39m
        [33mviewBox[39m=[32m"0 0 16 16"[39m
        [33mwidth[39m=[32m"16"[39m
        [33mxmlns[39m=[32m"http://www.w3.org/2000/svg"[39m
      [36m>[39m
        [36m<path[39m
          [33md[39m=[32m"M8 0a1 1 0 0 1 1 1v6h6a1 1 0 1 1 0 2H9v6a1 1 0 1 1-2 0V9H1a1 1 0 0 1 0-2h6V1a1 1 0 0 1 
1-1z"[39m
        [36m/>[39m
      [36m</svg>[39m
      [0m Agregar[0m
    [36m</button>[39m

    Ignored nodes: comments, script, style
    [36m<button[39m
      [33mclass[39m=[32m"btn btn-azul"[39m
      [33mtype[39m=[32m"button"[39m
    [36m>[39m
      [36m<svg[39m
        [33maria-hidden[39m=[32m"true"[39m
        [33mfill[39m=[32m"currentColor"[39m
        [33mheight[39m=[32m"16"[39m
        [33mviewBox[39m=[32m"0 0 16 16"[39m
        [33mwidth[39m=[32m"16"[39m
        [33mxmlns[39m=[32m"http://www.w3.org/2000/svg"[39m
      [36m>[39m
        [36m<path[39m
          [33md[39m=[32m"M8 0a1 1 0 0 1 1 1v6h6a1 1 0 1 1 0 2H9v6a1 1 0 1 1-2 0V9H1a1 1 0 0 1 0-2h6V1a1 1 0 0 1 
1-1z"[39m
        [36m/>[39m
      [36m</svg>[39m
      [0mAgregar[0m
    [36m</button>[39m

    (If this is intentional, then use the `*AllBy*` variant of the query (like `queryAllByText`, `getAllByText`, or 
`findAllByText`)).

    Ignored nodes: comments, script, style
    [36m<body[39m
      [33mclass[39m=[32m"modal-open"[39m
      [33mstyle[39m=[32m"overflow: hidden;"[39m
    [36m>[39m
      [36m<div>[39m
        [36m<div[39m
          [33mclass[39m=[32m"container"[39m
        [36m>[39m
          [36m<h1[39m
            [33mclass[39m=[32m"mt-4 mt-md-2 text-center"[39m
          [36m>[39m
            [0mTipos de eventos[0m
          [36m</h1>[39m
          [36m<button[39m
            [33mclass[39m=[32m"btn btn-primary mb-2 mt-2"[39m
          [36m>[39m
            [36m<svg[39m
              [33maria-hidden[39m=[32m"true"[39m
              [33mclass[39m=[32m"signoMas"[39m
              [33mfill[39m=[32m"currentColor"[39m
              [33mheight[39m=[32m"16"[39m
              [33mviewBox[39m=[32m"0 0 16 16"[39m
              [33mwidth[39m=[32m"16"[39m
              [33mxmlns[39m=[32m"http://www.w3.org/2000/svg"[39m
            [36m>[39m
              [36m<path[39m
                [33md[39m=[32m"M8 0a1 1 0 0 1 1 1v6h6a1 1 0 1 1 0 2H9v6a1 1 0 1 1-2 0V9H1a1 1 0 0 1 0-2h6V1a1 1 0 0 
1 1-1z"[39m
              [36m/>[39m
            [36m</svg>[39m
            [0m Agregar[0m
          [36m</button>[39m
          [36m<div[39m
            [33mclass[39m=[32m"row m-md-3 shadow mx-md-auto border-top-sm m-0"[39m
          [36m>[39m
            [36m<table[39m
              [33mclass[39m=[32m"table"[39m
            [36m>[39m
              [36m<thead>[39m
                [36m<tr>[39m
                  [36m<th[39m
                    [33mscope[39m=[32m"col"[39m
                  [36m>[39m
                    [0mC├│digo[0m
                  [36m</th>[39m
                  [36m<th[39m
                    [33mscope[39m=[32m"col"[39m
                  [36m>[39m
                    [0mNombre[0m
                  [36m</th>[39m
                  [36m<th[39m
                    [33mscope[39m=[32m"col"[39m
                  [36m>[39m
                    [0mDesactivar Taller[0m
                  [36m</th>[39m
                  [36m<th[39m
                    [33mscope[39m=[32m"col"[39m
                  [36m>[39m
                    [0mAcci├│n[0m
                  [36m</th>[39m
                [36m</tr>[39m
              [36m</thead>[39m
              [36m<tbody>[39m
                [36m<tr>[39m
                  [36m<td>[39m
                    [0m1[0m
                  [36m</td>[39m
                  [36m<td>[39m
                    [0mConsulta m├®dica[0m
                  [36m</td>[39m
                  [36m<td>[39m
                    [36m<input[39m
                      [33mclass[39m=[32m"form-check-input"[39m
                      [33mdisabled[39m=[32m""[39m
                      [33mtype[39m=[32m"checkbox"[39m
                    [36m/>[39m
                  [36m</td>[39m
                  [36m<td>[39m
                    [36m<button[39m
                      [33mclass[39m=[32m"btn btn-verde me-1"[39m
                      [33mtype[39m=[32m"button"[39m
                    [36m>[39m
                      [36m<svg[39m
                        [33maria-hidden[39m=[32m"true"[39m
                        [33mfill[39m=[32m"currentColor"[39m
                        [33mheight[39m=[32m"16"[39m
                        [33mviewBox[39m=[32m"0 0 16 16"[39m
                        [33mwidth[39m=[32m"16"[39m
                        [33mxmlns[39m=[32m"http://www.w3.org/2000/svg"[39m
                      [36m>[39m
                        [36m<path[39m
                          [33md[39m=[32m"M15.502 1.94a.5.5 0 0 1 0 .706L14.459 3.69l-2-2L13.502.646a.5.5 0 0 1 .707 
0l1.293 1.293zm-1.75 2.456-2-2L4.939 9.21a.5.5 0 0 0-.121.196l-.805 2.414a.25.25 0 0 0 .316.316l2.414-.805a.5.5 0 0 0 
.196-.12l6.813-6.814z"[39m
                        [36m/>[39m
                        [36m<path[39m
                          [33md[39m=[32m"M1 13.5A1.5 1.5 0 0 0 2.5 15h11a1.5 1.5 0 0 0 1.5-1.5v-6a.5.5 0 0 0-1 
0v6a.5.5 0 0 1-.5.5h-11a.5.5 0 0 1-.5-.5v-11a.5.5 0 0 1 .5-.5H9a.5.5 0 0 0 0-1H2.5A1.5 1.5 0 0 0 1 2.5v11z"[39m
                          [33mfill-rule[39m=[32m"evenodd"[39m
                        [36m/>[39m
                      [36m</svg>[39m
                    [36m</button>[39m
                    [36m<button[39m
                      [33mclass[39m=[32m"btn btn-rojo"[39m
                      [33mtype[39m=[32m"button"[39m
                    [36m>[39m
                      [0mEliminar[0m
                    [36m</button>[39m
                  [36m</td>[39m
                [36m</tr>[39m
              [36m</tbody>[39m
              [36m<tbody>[39m
                [36m<tr>[39m
                  [36m<td>[39m
                    [0m2[0m
                  [36m</td>[39m
                  [36m<td>[39m
                    [0mTaller grupal[0m
                  [36m</td>[39m
                  [36m<td>[39m
                    [36m<input[39m
                      [33mchecked[39m=[32m""[39m
                      [33mclass[39m=[32m"form-check-input"[39m
                      [33mdisabled[39m=[32m""[39m
                      [33mtype[39m=[32m"checkbox"[39m
                    [36m/>[39m
                  [36m</td>[39m
                  [36m<td>[39m
                    [36m<button[39m
                      [33mclass[39m=[32m"btn btn-verde me-1"[39m
                      [33mtype[39m=[32m"button"[39m
                    [36m>[39m
                      [36m<svg[39m
                        [33maria-hidden[39m=[32m"true"[39m
                        [33mfill[39m=[32m"currentColor"[39m
                        [33mheight[39m=[32m"16"[39m
                        [33mviewBox[39m=[32m"0 0 16 16"[39m
                        [33mwidth[39m=[32m"16"[39m
                        [33mxmlns[39m=[32m"http://www.w3.org/2000/svg"[39m
                      [36m>[39m
                        [36m<path[39m
                          [33md[39m=[32m"M15.502 1.94a.5.5 0 0 1 0 .706L14.459 3.69l-2-2L13.502.646a.5.5 0 0 1 .707 
0l1.293 1.293zm-1.75 2.456-2-2L4.939 9.21a.5.5 0 0 0-.121.196l-.805 2.414a.25.25 0 0 0 .316.316l2.414-.805a.5.5 0 0 0 
.196-.12l6.813-6.814z"[39m
                        [36m/>[39m
                        [36m<path[39m
                          [33md[39m=[32m"M1 13.5A1.5 1.5 0 0 0 2.5 15h11a1.5 1.5 0 0 0 1.5-1.5v-6a.5.5 0 0 0-1 
0v6a.5.5 0 0 1-.5.5h-11a.5.5 0 0 1-.5-.5v-11a.5.5 0 0 1 .5-.5H9a.5.5 0 0 0 0-1H2.5A1.5 1.5 0 0 0 1 2.5v11z"[39m
                          [33mfill-rule[39m=[32m"evenodd"[39m
                        [36m/>[39m
                      [36m</svg>[39m
                    [36m</button>[39m
                    [36m<button[39m
                      [33mclass[39m=[32m"btn btn-rojo"[39m
                      [33mtype[39m=[32m"button"[39m
                    [36m>[39m
                      [0mEliminar[0m
                    [36m</button>[39m
                  [36m</td>[39m
                [36m</tr>[39m
              [36m</tbody>[39m
            [36m</table>[39m
          [36m</div>[39m
        [36m</div>[39m
      [36m</div>[39m
      [36m<div[39m
        [33mstyle[39m=[32m"position: relative; z-index: 1050; display: block;"[39m
        [33mtabindex[39m=[32m"-1"[39m
      [36m>[39m
        [36m<div[39m
          [33mclass[39m=[32m""[39m
        [36m>[39m
          [36m<div[39m
            [33maria-modal[39m=[32m"true"[39m
            [33mclass[39m=[32m"modal fade"[39m
            [33mrole[39m=[32m"dialog"[39m
            [33mstyle[39m=[32m"display: block;"[39m
            [33mtabindex[39m=[32m"-1"[39m
          [36m>[39m
            [36m<div[39m
              [33mclass[39m=[32m"modal-dialog"[39m
              [33mrole[39m=[32m"document"[39m
            [36m>[39m
              [36m<div[39m
                [33mclass[39m=[32m"modal-content"[39m
              [36m>[39m
                [36m<div[39m
                  [33mclass[39m=[32m"modal-header"[39m
                [36m>[39m
                  [36m<h5[39m
                    [33mclass[39m=[32m"modal-title"[39m
                  [36m>[39m
                    [36m<div>[39m
                      [36m<h2>[39m
                        [0mIngresar nuevo tipo de evento[0m
                      [36m</h2>[39m
                    [36m</div>[39m
                  [36m</h5>[39m
                [36m</div>[39m
                [36m<div[39m
                  [33mclass[39m=[32m"modal-body"[39m
                [36m>[39m
                  [36m<div[39m
                    [33mclass[39m=[32m"mb-3"[39m
                  [36m>[39m
                    [36m<label[39m
                      [33mclass[39m=[32m"control-label"[39m
                      [33mfor[39m=[32m"nombre"[39m
                    [36m>[39m
                      [0mNombre de tipo de evento:[0m
                    [36m</label>[39m
                    [36m<input[39m
                      [33mclass[39m=[32m"form-control"[39m
                      [33mid[39m=[32m"nombre"[39m
                      [33mname[39m=[32m"nombre"[39m
                      [33mtype[39m=[32m"text"[39m
                    [36m/>[39m
                  [36m</div>[39m
                  [36m<div[39m
                    [33mclass[39m=[32m"mb-3"[39m
                  [36m>[39m
                    [36m<label[39m
                      [33mclass[39m=[32m"control-label"[39m
                      [33mfor[39m=[32m"desactivataller"[39m
                    [36m>[39m
                      [0mDesactivar taller:[0m
                    [36m</label>[39m
                    [36m<input[39m
                      [33mclass[39m=[32m"form-check-input"[39m
                      [33mid[39m=[32m"desactivataller"[39m
                      [33mname[39m=[32m"desactivataller"[39m
                      [33mtype[39m=[32m"checkbox"[39m
                    [36m/>[39m
                  [36m</div>[39m
                [36m</div>[39m
                [36m<div[39m
                  [33mclass[39m=[32m"modal-footer"[39m
                [36m>[39m
                  [36m<button[39m
                    [33mclass[39m=[32m"btn btn-rojo"[39m
                    [33mdata-bs-dismiss[39m=[32m"modal"[39m
                    [33mtype[39m=[32m"button"[39m
                  [36m>[39m
                    [0mCancelar[0m
                  [36m</button>[39m
                  [36m<button[39m
                    [33mclass[39m=[32m"btn btn-azul"[39m
                    [33mtype[39m=[32m"button"[39m
                  [36m>[39m
                    [36m<svg[39m
                      [33maria-hidden[39m=[32m"true"[39m
                      [33mfill[39m=[32m"currentColor"[39m
                      [33mheight[39m=[32m"16"[39m
                      [33mviewBox[39m=[32m"0 0 16 16"[39m
                      [33mwidth[39m=[32m"16"[39m
                      [33mxmlns[39m=[32m"http://www.w3.org/2000/svg"[39m
                    [36m>[39m
                      [36m<path[39m
                        [33md[39m=[32m"M8 0a1 1 0 0 1 1 1v6h6a1 1 0 1 1 0 2H9v6a1 1 0 1 1-2 0V9H1a1 1 0 0 1 
0-2h6V1a1 1 0 0 1 1-1z"[39m
                      [36m/>[39m
                    [36m</svg>[39m
                    [0mAgregar[0m
                  [36m</button>[39m
                [36m</div>[39m
              [36m</div>[39m
            [36m</div>[39m
          [36m</div>[39m
          [36m<div[39m
            [33mclass[39m=[32m"modal-backdrop fade"[39m
          [36m/>[39m
        [36m</div>[39m
      [36m</div>[39m
    [36m</body>[39m

    [0m [90m 111 |[39m
     [90m 112 |[39m       [36mawait[39m act([36masync[39m () [33m=>[39m {
    [31m[1m>[22m[39m[90m 113 |[39m         
fireEvent[33m.[39mclick(screen[33m.[39mgetByRole([32m'button'[39m[33m,[39m { name[33m:[39m 
[35m/agregar/i[39m }))[33m;[39m
     [90m     |[39m                                [31m[1m^[22m[39m
     [90m 114 |[39m       })[33m;[39m
     [90m 115 |[39m
     [90m 116 |[39m       expect(eventRespository[33m.[39mcreateTypeEvent)[33m.[39mtoHaveBeenCalledWith({[0m

      at Object.getElementError (node_modules/@testing-library/dom/dist/config.js:37:19)
      at getElementError (node_modules/@testing-library/dom/dist/query-helpers.js:20:35)
      at getMultipleElementsFoundError (node_modules/@testing-library/dom/dist/query-helpers.js:23:10)
      at node_modules/@testing-library/dom/dist/query-helpers.js:55:13
      at getByRole (node_modules/@testing-library/dom/dist/query-helpers.js:95:19)
      at src/__tests__/tipos-de-eventos.component.test.jsx:113:32
      at node_modules/@testing-library/react/dist/act-compat.js:48:24
      at act (node_modules/react/cjs/react.development.js:2512:16)
      at node_modules/@testing-library/react/dist/act-compat.js:47:25
      at Object.<anonymous> (src/__tests__/tipos-de-eventos.component.test.jsx:112:16)

  ÔùÅ TypeEvents ÔÇö Unit Tests ÔÇ║ Interacciones Principales ÔÇö Modal Insertar ÔÇ║ cierra modal insertar al click 
"Cancelar"

    expect(element).not.toBeInTheDocument()

    expected document not to contain element, found <h2>Ingresar nuevo tipo de evento</h2> instead

    [0m [90m 140 |[39m       })[33m;[39m
     [90m 141 |[39m
    [31m[1m>[22m[39m[90m 142 |[39m       expect(screen[33m.[39mqueryByText([32m'Ingresar nuevo tipo de 
evento'[39m))[33m.[39mnot[33m.[39mtoBeInTheDocument()[33m;[39m
     [90m     |[39m                                                                       [31m[1m^[22m[39m
     [90m 143 |[39m     })[33m;[39m
     [90m 144 |[39m   })[33m;[39m
     [90m 145 |[39m[0m

      at Object.<anonymous> (src/__tests__/tipos-de-eventos.component.test.jsx:142:71)

  ÔùÅ TypeEvents ÔÇö Unit Tests ÔÇ║ Interacciones Principales ÔÇö Modal Editar ÔÇ║ abre modal editar con datos 
precargados

    TestingLibraryElementError: Unable to find an accessible element with the role "button" and name `/editar/i`

    Here are the accessible roles:

      heading:

      Name "Tipos de eventos":
      [36m<h1[39m
        [33mclass[39m=[32m"mt-4 mt-md-2 text-center"[39m
      [36m/>[39m

      --------------------------------------------------
      button:

      Name "Agregar":
      [36m<button[39m
        [33mclass[39m=[32m"btn btn-primary mb-2 mt-2"[39m
      [36m/>[39m

      Name "":
      [36m<button[39m
        [33mclass[39m=[32m"btn btn-verde me-1"[39m
        [33mtype[39m=[32m"button"[39m
      [36m/>[39m

      Name "Eliminar":
      [36m<button[39m
        [33mclass[39m=[32m"btn btn-rojo"[39m
        [33mtype[39m=[32m"button"[39m
      [36m/>[39m

      Name "":
      [36m<button[39m
        [33mclass[39m=[32m"btn btn-verde me-1"[39m
        [33mtype[39m=[32m"button"[39m
      [36m/>[39m

      Name "Eliminar":
      [36m<button[39m
        [33mclass[39m=[32m"btn btn-rojo"[39m
        [33mtype[39m=[32m"button"[39m
      [36m/>[39m

      --------------------------------------------------
      table:

      Name "":
      [36m<table[39m
        [33mclass[39m=[32m"table"[39m
      [36m/>[39m

      --------------------------------------------------
      rowgroup:

      Name "":
      [36m<thead />[39m

      Name "":
      [36m<tbody />[39m

      Name "":
      [36m<tbody />[39m

      --------------------------------------------------
      row:

      Name "C├│digo Nombre Desactivar Taller Acci├│n":
      [36m<tr />[39m

      Name "1 Consulta m├®dica Eliminar":
      [36m<tr />[39m

      Name "2 Taller grupal Eliminar":
      [36m<tr />[39m

      --------------------------------------------------
      columnheader:

      Name "C├│digo":
      [36m<th[39m
        [33mscope[39m=[32m"col"[39m
      [36m/>[39m

      Name "Nombre":
      [36m<th[39m
        [33mscope[39m=[32m"col"[39m
      [36m/>[39m

      Name "Desactivar Taller":
      [36m<th[39m
        [33mscope[39m=[32m"col"[39m
      [36m/>[39m

      Name "Acci├│n":
      [36m<th[39m
        [33mscope[39m=[32m"col"[39m
      [36m/>[39m

      --------------------------------------------------
      cell:

      Name "1":
      [36m<td />[39m

      Name "Consulta m├®dica":
      [36m<td />[39m

      Name "":
      [36m<td />[39m

      Name "Eliminar":
      [36m<td />[39m

      Name "2":
      [36m<td />[39m

      Name "Taller grupal":
      [36m<td />[39m

      Name "":
      [36m<td />[39m

      Name "Eliminar":
      [36m<td />[39m

      --------------------------------------------------
      checkbox:

      Name "":
      [36m<input[39m
        [33mclass[39m=[32m"form-check-input"[39m
        [33mdisabled[39m=[32m""[39m
        [33mtype[39m=[32m"checkbox"[39m
      [36m/>[39m

      Name "":
      [36m<input[39m
        [33mchecked[39m=[32m""[39m
        [33mclass[39m=[32m"form-check-input"[39m
        [33mdisabled[39m=[32m""[39m
        [33mtype[39m=[32m"checkbox"[39m
      [36m/>[39m

      --------------------------------------------------

    Ignored nodes: comments, script, style
    [36m<body[39m
      [33mclass[39m=[32m""[39m
      [33mstyle[39m=[32m""[39m
    [36m>[39m
      [36m<div>[39m
        [36m<div[39m
          [33mclass[39m=[32m"container"[39m
        [36m>[39m
          [36m<h1[39m
            [33mclass[39m=[32m"mt-4 mt-md-2 text-center"[39m
          [36m>[39m
            [0mTipos de eventos[0m
          [36m</h1>[39m
          [36m<button[39m
            [33mclass[39m=[32m"btn btn-primary mb-2 mt-2"[39m
          [36m>[39m
            [36m<svg[39m
              [33maria-hidden[39m=[32m"true"[39m
              [33mclass[39m=[32m"signoMas"[39m
              [33mfill[39m=[32m"currentColor"[39m
              [33mheight[39m=[32m"16"[39m
              [33mviewBox[39m=[32m"0 0 16 16"[39m
              [33mwidth[39m=[32m"16"[39m
              [33mxmlns[39m=[32m"http://www.w3.org/2000/svg"[39m
            [36m>[39m
              [36m<path[39m
                [33md[39m=[32m"M8 0a1 1 0 0 1 1 1v6h6a1 1 0 1 1 0 2H9v6a1 1 0 1 1-2 0V9H1a1 1 0 0 1 0-2h6V1a1 1 0 0 
1 1-1z"[39m
              [36m/>[39m
            [36m</svg>[39m
            [0m Agregar[0m
          [36m</button>[39m
          [36m<div[39m
            [33mclass[39m=[32m"row m-md-3 shadow mx-md-auto border-top-sm m-0"[39m
          [36m>[39m
            [36m<table[39m
              [33mclass[39m=[32m"table"[39m
            [36m>[39m
              [36m<thead>[39m
                [36m<tr>[39m
                  [36m<th[39m
                    [33mscope[39m=[32m"col"[39m
                  [36m>[39m
                    [0mC├│digo[0m
                  [36m</th>[39m
                  [36m<th[39m
                    [33mscope[39m=[32m"col"[39m
                  [36m>[39m
                    [0mNombre[0m
                  [36m</th>[39m
                  [36m<th[39m
                    [33mscope[39m=[32m"col"[39m
                  [36m>[39m
                    [0mDesactivar Taller[0m
                  [36m</th>[39m
                  [36m<th[39m
                    [33mscope[39m=[32m"col"[39m
                  [36m>[39m
                    [0mAcci├│n[0m
                  [36m</th>[39m
                [36m</tr>[39m
              [36m</thead>[39m
              [36m<tbody>[39m
                [36m<tr>[39m
                  [36m<td>[39m
                    [0m1[0m
                  [36m</td>[39m
                  [36m<td>[39m
                    [0mConsulta m├®dica[0m
                  [36m</td>[39m
                  [36m<td>[39m
                    [36m<input[39m
                      [33mclass[39m=[32m"form-check-input"[39m
                      [33mdisabled[39m=[32m""[39m
                      [33mtype[39m=[32m"checkbox"[39m
                    [36m/>[39m
                  [36m</td>[39m
                  [36m<td>[39m
                    [36m<button[39m
                      [33mclass[39m=[32m"btn btn-verde me-1"[39m
                      [33mtype[39m=[32m"button"[39m
                    [36m>[39m
                      [36m<svg[39m
                        [33maria-hidden[39m=[32m"true"[39m
                        [33mfill[39m=[32m"currentColor"[39m
                        [33mheight[39m=[32m"16"[39m
                        [33mviewBox[39m=[32m"0 0 16 16"[39m
                        [33mwidth[39m=[32m"16"[39m
                        [33mxmlns[39m=[32m"http://www.w3.org/2000/svg"[39m
                      [36m>[39m
                        [36m<path[39m
                          [33md[39m=[32m"M15.502 1.94a.5.5 0 0 1 0 .706L14.459 3.69l-2-2L13.502.646a.5.5 0 0 1 .707 
0l1.293 1.293zm-1.75 2.456-2-2L4.939 9.21a.5.5 0 0 0-.121.196l-.805 2.414a.25.25 0 0 0 .316.316l2.414-.805a.5.5 0 0 0 
.196-.12l6.813-6.814z"[39m
                        [36m/>[39m
                        [36m<path[39m
                          [33md[39m=[32m"M1 13.5A1.5 1.5 0 0 0 2.5 15h11a1.5 1.5 0 0 0 1.5-1.5v-6a.5.5 0 0 0-1 
0v6a.5.5 0 0 1-.5.5h-11a.5.5 0 0 1-.5-.5v-11a.5.5 0 0 1 .5-.5H9a.5.5 0 0 0 0-1H2.5A1.5 1.5 0 0 0 1 2.5v11z"[39m
                          [33mfill-rule[39m=[32m"evenodd"[39m
                        [36m/>[39m
                      [36m</svg>[39m
                    [36m</button>[39m
                    [36m<button[39m
                      [33mclass[39m=[32m"btn btn-rojo"[39m
                      [33mtype[39m=[32m"button"[39m
                    [36m>[39m
                      [0mEliminar[0m
                    [36m</button>[39m
                  [36m</td>[39m
                [36m</tr>[39m
              [36m</tbody>[39m
              [36m<tbody>[39m
                [36m<tr>[39m
                  [36m<td>[39m
                    [0m2[0m
                  [36m</td>[39m
                  [36m<td>[39m
                    [0mTaller grupal[0m
                  [36m</td>[39m
                  [36m<td>[39m
                    [36m<input[39m
                      [33mchecked[39m=[32m""[39m
                      [33mclass[39m=[32m"form-check-input"[39m
                      [33mdisabled[39m=[32m""[39m
                      [33mtype[39m=[32m"checkbox"[39m
                    [36m/>[39m
                  [36m</td>[39m
                  [36m<td>[39m
                    [36m<button[39m
                      [33mclass[39m=[32m"btn btn-verde me-1"[39m
                      [33mtype[39m=[32m"button"[39m
                    [36m>[39m
                      [36m<svg[39m
                        [33maria-hidden[39m=[32m"true"[39m
                        [33mfill[39m=[32m"currentColor"[39m
                        [33mheight[39m=[32m"16"[39m
                        [33mviewBox[39m=[32m"0 0 16 16"[39m
                        [33mwidth[39m=[32m"16"[39m
                        [33mxmlns[39m=[32m"http://www.w3.org/2000/svg"[39m
                      [36m>[39m
                        [36m<path[39m
                          [33md[39m=[32m"M15.502 1.94a.5.5 0 0 1 0 .706L14.459 3.69l-2-2L13.502.646a.5.5 0 0 1 .707 
0l1.293 1.293zm-1.75 2.456-2-2L4.939 9.21a.5.5 0 0 0-.121.196l-.805 2.414a.25.25 0 0 0 .316.316l2.414-.805a.5.5 0 0 0 
.196-.12l6.813-6.814z"[39m
                        [36m/>[39m
                        [36m<path[39m
                          [33md[39m=[32m"M1 13.5A1.5 1.5 0 0 0 2.5 15h11a1.5 1.5 0 0 0 1.5-1.5v-6a.5.5 0 0 0-1 
0v6a.5.5 0 0 1-.5.5h-11a.5.5 0 0 1-.5-.5v-11a.5.5 0 0 1 .5-.5H9a.5.5 0 0 0 0-1H2.5A1.5 1.5 0 0 0 1 2.5v11z"[39m
                          [33mfill-rule[39m=[32m"evenodd"[39m
                        [36m/>[39m
                      [36m</svg>[39m
                    [36m</button>[39m
                    [36m<button[39m
                      [33mclass[39m=[32m"btn btn-rojo"[39m
                      [33mtype[39m=[32m"button"[39m
                    [36m>[39m
                      [0mEliminar[0m
                    [36m</button>[39m
                  [36m</td>[39m
                [36m</tr>[39m
              [36m</tbody>[39m
            [36m</table>[39m
          [36m</div>[39m
        [36m</div>[39m
      [36m</div>[39m
    [36m</body>[39m

    [0m [90m 151 |[39m       })[33m;[39m
     [90m 152 |[39m
    [31m[1m>[22m[39m[90m 153 |[39m       [36mconst[39m editButtons [33m=[39m 
screen[33m.[39mgetAllByRole([32m'button'[39m[33m,[39m { name[33m:[39m [35m/editar/i[39m })[33m;[39m
     [90m     |[39m                                  [31m[1m^[22m[39m
     [90m 154 |[39m       [36mawait[39m act([36masync[39m () [33m=>[39m {
     [90m 155 |[39m         fireEvent[33m.[39mclick(editButtons[[35m0[39m])[33m;[39m
     [90m 156 |[39m       })[33m;[39m[0m

      at Object.getElementError (node_modules/@testing-library/dom/dist/config.js:37:19)
      at node_modules/@testing-library/dom/dist/query-helpers.js:76:38
      at getAllByRole (node_modules/@testing-library/dom/dist/query-helpers.js:109:15)
      at Object.<anonymous> (src/__tests__/tipos-de-eventos.component.test.jsx:153:34)

  ÔùÅ TypeEvents ÔÇö Unit Tests ÔÇ║ Interacciones Principales ÔÇö Modal Editar ÔÇ║ actualiza tipo de evento

    TestingLibraryElementError: Unable to find an accessible element with the role "button" and name `/editar/i`

    Here are the accessible roles:

      heading:

      Name "Tipos de eventos":
      [36m<h1[39m
        [33mclass[39m=[32m"mt-4 mt-md-2 text-center"[39m
      [36m/>[39m

      --------------------------------------------------
      button:

      Name "Agregar":
      [36m<button[39m
        [33mclass[39m=[32m"btn btn-primary mb-2 mt-2"[39m
      [36m/>[39m

      Name "":
      [36m<button[39m
        [33mclass[39m=[32m"btn btn-verde me-1"[39m
        [33mtype[39m=[32m"button"[39m
      [36m/>[39m

      Name "Eliminar":
      [36m<button[39m
        [33mclass[39m=[32m"btn btn-rojo"[39m
        [33mtype[39m=[32m"button"[39m
      [36m/>[39m

      Name "":
      [36m<button[39m
        [33mclass[39m=[32m"btn btn-verde me-1"[39m
        [33mtype[39m=[32m"button"[39m
      [36m/>[39m

      Name "Eliminar":
      [36m<button[39m
        [33mclass[39m=[32m"btn btn-rojo"[39m
        [33mtype[39m=[32m"button"[39m
      [36m/>[39m

      --------------------------------------------------
      table:

      Name "":
      [36m<table[39m
        [33mclass[39m=[32m"table"[39m
      [36m/>[39m

      --------------------------------------------------
      rowgroup:

      Name "":
      [36m<thead />[39m

      Name "":
      [36m<tbody />[39m

      Name "":
      [36m<tbody />[39m

      --------------------------------------------------
      row:

      Name "C├│digo Nombre Desactivar Taller Acci├│n":
      [36m<tr />[39m

      Name "1 Consulta m├®dica Eliminar":
      [36m<tr />[39m

      Name "2 Taller grupal Eliminar":
      [36m<tr />[39m

      --------------------------------------------------
      columnheader:

      Name "C├│digo":
      [36m<th[39m
        [33mscope[39m=[32m"col"[39m
      [36m/>[39m

      Name "Nombre":
      [36m<th[39m
        [33mscope[39m=[32m"col"[39m
      [36m/>[39m

      Name "Desactivar Taller":
      [36m<th[39m
        [33mscope[39m=[32m"col"[39m
      [36m/>[39m

      Name "Acci├│n":
      [36m<th[39m
        [33mscope[39m=[32m"col"[39m
      [36m/>[39m

      --------------------------------------------------
      cell:

      Name "1":
      [36m<td />[39m

      Name "Consulta m├®dica":
      [36m<td />[39m

      Name "":
      [36m<td />[39m

      Name "Eliminar":
      [36m<td />[39m

      Name "2":
      [36m<td />[39m

      Name "Taller grupal":
      [36m<td />[39m

      Name "":
      [36m<td />[39m

      Name "Eliminar":
      [36m<td />[39m

      --------------------------------------------------
      checkbox:

      Name "":
      [36m<input[39m
        [33mclass[39m=[32m"form-check-input"[39m
        [33mdisabled[39m=[32m""[39m
        [33mtype[39m=[32m"checkbox"[39m
      [36m/>[39m

      Name "":
      [36m<input[39m
        [33mchecked[39m=[32m""[39m
        [33mclass[39m=[32m"form-check-input"[39m
        [33mdisabled[39m=[32m""[39m
        [33mtype[39m=[32m"checkbox"[39m
      [36m/>[39m

      --------------------------------------------------

    Ignored nodes: comments, script, style
    [36m<body[39m
      [33mclass[39m=[32m""[39m
      [33mstyle[39m=[32m""[39m
    [36m>[39m
      [36m<div>[39m
        [36m<div[39m
          [33mclass[39m=[32m"container"[39m
        [36m>[39m
          [36m<h1[39m
            [33mclass[39m=[32m"mt-4 mt-md-2 text-center"[39m
          [36m>[39m
            [0mTipos de eventos[0m
          [36m</h1>[39m
          [36m<button[39m
            [33mclass[39m=[32m"btn btn-primary mb-2 mt-2"[39m
          [36m>[39m
            [36m<svg[39m
              [33maria-hidden[39m=[32m"true"[39m
              [33mclass[39m=[32m"signoMas"[39m
              [33mfill[39m=[32m"currentColor"[39m
              [33mheight[39m=[32m"16"[39m
              [33mviewBox[39m=[32m"0 0 16 16"[39m
              [33mwidth[39m=[32m"16"[39m
              [33mxmlns[39m=[32m"http://www.w3.org/2000/svg"[39m
            [36m>[39m
              [36m<path[39m
                [33md[39m=[32m"M8 0a1 1 0 0 1 1 1v6h6a1 1 0 1 1 0 2H9v6a1 1 0 1 1-2 0V9H1a1 1 0 0 1 0-2h6V1a1 1 0 0 
1 1-1z"[39m
              [36m/>[39m
            [36m</svg>[39m
            [0m Agregar[0m
          [36m</button>[39m
          [36m<div[39m
            [33mclass[39m=[32m"row m-md-3 shadow mx-md-auto border-top-sm m-0"[39m
          [36m>[39m
            [36m<table[39m
              [33mclass[39m=[32m"table"[39m
            [36m>[39m
              [36m<thead>[39m
                [36m<tr>[39m
                  [36m<th[39m
                    [33mscope[39m=[32m"col"[39m
                  [36m>[39m
                    [0mC├│digo[0m
                  [36m</th>[39m
                  [36m<th[39m
                    [33mscope[39m=[32m"col"[39m
                  [36m>[39m
                    [0mNombre[0m
                  [36m</th>[39m
                  [36m<th[39m
                    [33mscope[39m=[32m"col"[39m
                  [36m>[39m
                    [0mDesactivar Taller[0m
                  [36m</th>[39m
                  [36m<th[39m
                    [33mscope[39m=[32m"col"[39m
                  [36m>[39m
                    [0mAcci├│n[0m
                  [36m</th>[39m
                [36m</tr>[39m
              [36m</thead>[39m
              [36m<tbody>[39m
                [36m<tr>[39m
                  [36m<td>[39m
                    [0m1[0m
                  [36m</td>[39m
                  [36m<td>[39m
                    [0mConsulta m├®dica[0m
                  [36m</td>[39m
                  [36m<td>[39m
                    [36m<input[39m
                      [33mclass[39m=[32m"form-check-input"[39m
                      [33mdisabled[39m=[32m""[39m
                      [33mtype[39m=[32m"checkbox"[39m
                    [36m/>[39m
                  [36m</td>[39m
                  [36m<td>[39m
                    [36m<button[39m
                      [33mclass[39m=[32m"btn btn-verde me-1"[39m
                      [33mtype[39m=[32m"button"[39m
                    [36m>[39m
                      [36m<svg[39m
                        [33maria-hidden[39m=[32m"true"[39m
                        [33mfill[39m=[32m"currentColor"[39m
                        [33mheight[39m=[32m"16"[39m
                        [33mviewBox[39m=[32m"0 0 16 16"[39m
                        [33mwidth[39m=[32m"16"[39m
                        [33mxmlns[39m=[32m"http://www.w3.org/2000/svg"[39m
                      [36m>[39m
                        [36m<path[39m
                          [33md[39m=[32m"M15.502 1.94a.5.5 0 0 1 0 .706L14.459 3.69l-2-2L13.502.646a.5.5 0 0 1 .707 
0l1.293 1.293zm-1.75 2.456-2-2L4.939 9.21a.5.5 0 0 0-.121.196l-.805 2.414a.25.25 0 0 0 .316.316l2.414-.805a.5.5 0 0 0 
.196-.12l6.813-6.814z"[39m
                        [36m/>[39m
                        [36m<path[39m
                          [33md[39m=[32m"M1 13.5A1.5 1.5 0 0 0 2.5 15h11a1.5 1.5 0 0 0 1.5-1.5v-6a.5.5 0 0 0-1 
0v6a.5.5 0 0 1-.5.5h-11a.5.5 0 0 1-.5-.5v-11a.5.5 0 0 1 .5-.5H9a.5.5 0 0 0 0-1H2.5A1.5 1.5 0 0 0 1 2.5v11z"[39m
                          [33mfill-rule[39m=[32m"evenodd"[39m
                        [36m/>[39m
                      [36m</svg>[39m
                    [36m</button>[39m
                    [36m<button[39m
                      [33mclass[39m=[32m"btn btn-rojo"[39m
                      [33mtype[39m=[32m"button"[39m
                    [36m>[39m
                      [0mEliminar[0m
                    [36m</button>[39m
                  [36m</td>[39m
                [36m</tr>[39m
              [36m</tbody>[39m
              [36m<tbody>[39m
                [36m<tr>[39m
                  [36m<td>[39m
                    [0m2[0m
                  [36m</td>[39m
                  [36m<td>[39m
                    [0mTaller grupal[0m
                  [36m</td>[39m
                  [36m<td>[39m
                    [36m<input[39m
                      [33mchecked[39m=[32m""[39m
                      [33mclass[39m=[32m"form-check-input"[39m
                      [33mdisabled[39m=[32m""[39m
                      [33mtype[39m=[32m"checkbox"[39m
                    [36m/>[39m
                  [36m</td>[39m
                  [36m<td>[39m
                    [36m<button[39m
                      [33mclass[39m=[32m"btn btn-verde me-1"[39m
                      [33mtype[39m=[32m"button"[39m
                    [36m>[39m
                      [36m<svg[39m
                        [33maria-hidden[39m=[32m"true"[39m
                        [33mfill[39m=[32m"currentColor"[39m
                        [33mheight[39m=[32m"16"[39m
                        [33mviewBox[39m=[32m"0 0 16 16"[39m
                        [33mwidth[39m=[32m"16"[39m
                        [33mxmlns[39m=[32m"http://www.w3.org/2000/svg"[39m
                      [36m>[39m
                        [36m<path[39m
                          [33md[39m=[32m"M15.502 1.94a.5.5 0 0 1 0 .706L14.459 3.69l-2-2L13.502.646a.5.5 0 0 1 .707 
0l1.293 1.293zm-1.75 2.456-2-2L4.939 9.21a.5.5 0 0 0-.121.196l-.805 2.414a.25.25 0 0 0 .316.316l2.414-.805a.5.5 0 0 0 
.196-.12l6.813-6.814z"[39m
                        [36m/>[39m
                        [36m<path[39m
                          [33md[39m=[32m"M1 13.5A1.5 1.5 0 0 0 2.5 15h11a1.5 1.5 0 0 0 1.5-1.5v-6a.5.5 0 0 0-1 
0v6a.5.5 0 0 1-.5.5h-11a.5.5 0 0 1-.5-.5v-11a.5.5 0 0 1 .5-.5H9a.5.5 0 0 0 0-1H2.5A1.5 1.5 0 0 0 1 2.5v11z"[39m
                          [33mfill-rule[39m=[32m"evenodd"[39m
                        [36m/>[39m
                      [36m</svg>[39m
                    [36m</button>[39m
                    [36m<button[39m
                      [33mclass[39m=[32m"btn btn-rojo"[39m
                      [33mtype[39m=[32m"button"[39m
                    [36m>[39m
                      [0mEliminar[0m
                    [36m</button>[39m
                  [36m</td>[39m
                [36m</tr>[39m
              [36m</tbody>[39m
            [36m</table>[39m
          [36m</div>[39m
        [36m</div>[39m
      [36m</div>[39m
    [36m</body>[39m

    [0m [90m 170 |[39m       })[33m;[39m
     [90m 171 |[39m
    [31m[1m>[22m[39m[90m 172 |[39m       [36mconst[39m editButtons [33m=[39m 
screen[33m.[39mgetAllByRole([32m'button'[39m[33m,[39m { name[33m:[39m [35m/editar/i[39m })[33m;[39m
     [90m     |[39m                                  [31m[1m^[22m[39m
     [90m 173 |[39m       [36mawait[39m act([36masync[39m () [33m=>[39m {
     [90m 174 |[39m         fireEvent[33m.[39mclick(editButtons[[35m0[39m])[33m;[39m
     [90m 175 |[39m       })[33m;[39m[0m

      at Object.getElementError (node_modules/@testing-library/dom/dist/config.js:37:19)
      at node_modules/@testing-library/dom/dist/query-helpers.js:76:38
      at getAllByRole (node_modules/@testing-library/dom/dist/query-helpers.js:109:15)
      at Object.<anonymous> (src/__tests__/tipos-de-eventos.component.test.jsx:172:34)

  ÔùÅ TypeEvents ÔÇö Unit Tests ÔÇ║ Interacciones Principales ÔÇö Modal Editar ÔÇ║ cierra modal editar al click 
"Cancelar"

    TestingLibraryElementError: Unable to find an accessible element with the role "button" and name `/editar/i`

    Here are the accessible roles:

      heading:

      Name "Tipos de eventos":
      [36m<h1[39m
        [33mclass[39m=[32m"mt-4 mt-md-2 text-center"[39m
      [36m/>[39m

      --------------------------------------------------
      button:

      Name "Agregar":
      [36m<button[39m
        [33mclass[39m=[32m"btn btn-primary mb-2 mt-2"[39m
      [36m/>[39m

      Name "":
      [36m<button[39m
        [33mclass[39m=[32m"btn btn-verde me-1"[39m
        [33mtype[39m=[32m"button"[39m
      [36m/>[39m

      Name "Eliminar":
      [36m<button[39m
        [33mclass[39m=[32m"btn btn-rojo"[39m
        [33mtype[39m=[32m"button"[39m
      [36m/>[39m

      Name "":
      [36m<button[39m
        [33mclass[39m=[32m"btn btn-verde me-1"[39m
        [33mtype[39m=[32m"button"[39m
      [36m/>[39m

      Name "Eliminar":
      [36m<button[39m
        [33mclass[39m=[32m"btn btn-rojo"[39m
        [33mtype[39m=[32m"button"[39m
      [36m/>[39m

      --------------------------------------------------
      table:

      Name "":
      [36m<table[39m
        [33mclass[39m=[32m"table"[39m
      [36m/>[39m

      --------------------------------------------------
      rowgroup:

      Name "":
      [36m<thead />[39m

      Name "":
      [36m<tbody />[39m

      Name "":
      [36m<tbody />[39m

      --------------------------------------------------
      row:

      Name "C├│digo Nombre Desactivar Taller Acci├│n":
      [36m<tr />[39m

      Name "1 Consulta m├®dica Eliminar":
      [36m<tr />[39m

      Name "2 Taller grupal Eliminar":
      [36m<tr />[39m

      --------------------------------------------------
      columnheader:

      Name "C├│digo":
      [36m<th[39m
        [33mscope[39m=[32m"col"[39m
      [36m/>[39m

      Name "Nombre":
      [36m<th[39m
        [33mscope[39m=[32m"col"[39m
      [36m/>[39m

      Name "Desactivar Taller":
      [36m<th[39m
        [33mscope[39m=[32m"col"[39m
      [36m/>[39m

      Name "Acci├│n":
      [36m<th[39m
        [33mscope[39m=[32m"col"[39m
      [36m/>[39m

      --------------------------------------------------
      cell:

      Name "1":
      [36m<td />[39m

      Name "Consulta m├®dica":
      [36m<td />[39m

      Name "":
      [36m<td />[39m

      Name "Eliminar":
      [36m<td />[39m

      Name "2":
      [36m<td />[39m

      Name "Taller grupal":
      [36m<td />[39m

      Name "":
      [36m<td />[39m

      Name "Eliminar":
      [36m<td />[39m

      --------------------------------------------------
      checkbox:

      Name "":
      [36m<input[39m
        [33mclass[39m=[32m"form-check-input"[39m
        [33mdisabled[39m=[32m""[39m
        [33mtype[39m=[32m"checkbox"[39m
      [36m/>[39m

      Name "":
      [36m<input[39m
        [33mchecked[39m=[32m""[39m
        [33mclass[39m=[32m"form-check-input"[39m
        [33mdisabled[39m=[32m""[39m
        [33mtype[39m=[32m"checkbox"[39m
      [36m/>[39m

      --------------------------------------------------

    Ignored nodes: comments, script, style
    [36m<body[39m
      [33mclass[39m=[32m""[39m
      [33mstyle[39m=[32m""[39m
    [36m>[39m
      [36m<div>[39m
        [36m<div[39m
          [33mclass[39m=[32m"container"[39m
        [36m>[39m
          [36m<h1[39m
            [33mclass[39m=[32m"mt-4 mt-md-2 text-center"[39m
          [36m>[39m
            [0mTipos de eventos[0m
          [36m</h1>[39m
          [36m<button[39m
            [33mclass[39m=[32m"btn btn-primary mb-2 mt-2"[39m
          [36m>[39m
            [36m<svg[39m
              [33maria-hidden[39m=[32m"true"[39m
              [33mclass[39m=[32m"signoMas"[39m
              [33mfill[39m=[32m"currentColor"[39m
              [33mheight[39m=[32m"16"[39m
              [33mviewBox[39m=[32m"0 0 16 16"[39m
              [33mwidth[39m=[32m"16"[39m
              [33mxmlns[39m=[32m"http://www.w3.org/2000/svg"[39m
            [36m>[39m
              [36m<path[39m
                [33md[39m=[32m"M8 0a1 1 0 0 1 1 1v6h6a1 1 0 1 1 0 2H9v6a1 1 0 1 1-2 0V9H1a1 1 0 0 1 0-2h6V1a1 1 0 0 
1 1-1z"[39m
              [36m/>[39m
            [36m</svg>[39m
            [0m Agregar[0m
          [36m</button>[39m
          [36m<div[39m
            [33mclass[39m=[32m"row m-md-3 shadow mx-md-auto border-top-sm m-0"[39m
          [36m>[39m
            [36m<table[39m
              [33mclass[39m=[32m"table"[39m
            [36m>[39m
              [36m<thead>[39m
                [36m<tr>[39m
                  [36m<th[39m
                    [33mscope[39m=[32m"col"[39m
                  [36m>[39m
                    [0mC├│digo[0m
                  [36m</th>[39m
                  [36m<th[39m
                    [33mscope[39m=[32m"col"[39m
                  [36m>[39m
                    [0mNombre[0m
                  [36m</th>[39m
                  [36m<th[39m
                    [33mscope[39m=[32m"col"[39m
                  [36m>[39m
                    [0mDesactivar Taller[0m
                  [36m</th>[39m
                  [36m<th[39m
                    [33mscope[39m=[32m"col"[39m
                  [36m>[39m
                    [0mAcci├│n[0m
                  [36m</th>[39m
                [36m</tr>[39m
              [36m</thead>[39m
              [36m<tbody>[39m
                [36m<tr>[39m
                  [36m<td>[39m
                    [0m1[0m
                  [36m</td>[39m
                  [36m<td>[39m
                    [0mConsulta m├®dica[0m
                  [36m</td>[39m
                  [36m<td>[39m
                    [36m<input[39m
                      [33mclass[39m=[32m"form-check-input"[39m
                      [33mdisabled[39m=[32m""[39m
                      [33mtype[39m=[32m"checkbox"[39m
                    [36m/>[39m
                  [36m</td>[39m
                  [36m<td>[39m
                    [36m<button[39m
                      [33mclass[39m=[32m"btn btn-verde me-1"[39m
                      [33mtype[39m=[32m"button"[39m
                    [36m>[39m
                      [36m<svg[39m
                        [33maria-hidden[39m=[32m"true"[39m
                        [33mfill[39m=[32m"currentColor"[39m
                        [33mheight[39m=[32m"16"[39m
                        [33mviewBox[39m=[32m"0 0 16 16"[39m
                        [33mwidth[39m=[32m"16"[39m
                        [33mxmlns[39m=[32m"http://www.w3.org/2000/svg"[39m
                      [36m>[39m
                        [36m<path[39m
                          [33md[39m=[32m"M15.502 1.94a.5.5 0 0 1 0 .706L14.459 3.69l-2-2L13.502.646a.5.5 0 0 1 .707 
0l1.293 1.293zm-1.75 2.456-2-2L4.939 9.21a.5.5 0 0 0-.121.196l-.805 2.414a.25.25 0 0 0 .316.316l2.414-.805a.5.5 0 0 0 
.196-.12l6.813-6.814z"[39m
                        [36m/>[39m
                        [36m<path[39m
                          [33md[39m=[32m"M1 13.5A1.5 1.5 0 0 0 2.5 15h11a1.5 1.5 0 0 0 1.5-1.5v-6a.5.5 0 0 0-1 
0v6a.5.5 0 0 1-.5.5h-11a.5.5 0 0 1-.5-.5v-11a.5.5 0 0 1 .5-.5H9a.5.5 0 0 0 0-1H2.5A1.5 1.5 0 0 0 1 2.5v11z"[39m
                          [33mfill-rule[39m=[32m"evenodd"[39m
                        [36m/>[39m
                      [36m</svg>[39m
                    [36m</button>[39m
                    [36m<button[39m
                      [33mclass[39m=[32m"btn btn-rojo"[39m
                      [33mtype[39m=[32m"button"[39m
                    [36m>[39m
                      [0mEliminar[0m
                    [36m</button>[39m
                  [36m</td>[39m
                [36m</tr>[39m
              [36m</tbody>[39m
              [36m<tbody>[39m
                [36m<tr>[39m
                  [36m<td>[39m
                    [0m2[0m
                  [36m</td>[39m
                  [36m<td>[39m
                    [0mTaller grupal[0m
                  [36m</td>[39m
                  [36m<td>[39m
                    [36m<input[39m
                      [33mchecked[39m=[32m""[39m
                      [33mclass[39m=[32m"form-check-input"[39m
                      [33mdisabled[39m=[32m""[39m
                      [33mtype[39m=[32m"checkbox"[39m
                    [36m/>[39m
                  [36m</td>[39m
                  [36m<td>[39m
                    [36m<button[39m
                      [33mclass[39m=[32m"btn btn-verde me-1"[39m
                      [33mtype[39m=[32m"button"[39m
                    [36m>[39m
                      [36m<svg[39m
                        [33maria-hidden[39m=[32m"true"[39m
                        [33mfill[39m=[32m"currentColor"[39m
                        [33mheight[39m=[32m"16"[39m
                        [33mviewBox[39m=[32m"0 0 16 16"[39m
                        [33mwidth[39m=[32m"16"[39m
                        [33mxmlns[39m=[32m"http://www.w3.org/2000/svg"[39m
                      [36m>[39m
                        [36m<path[39m
                          [33md[39m=[32m"M15.502 1.94a.5.5 0 0 1 0 .706L14.459 3.69l-2-2L13.502.646a.5.5 0 0 1 .707 
0l1.293 1.293zm-1.75 2.456-2-2L4.939 9.21a.5.5 0 0 0-.121.196l-.805 2.414a.25.25 0 0 0 .316.316l2.414-.805a.5.5 0 0 0 
.196-.12l6.813-6.814z"[39m
                        [36m/>[39m
                        [36m<path[39m
                          [33md[39m=[32m"M1 13.5A1.5 1.5 0 0 0 2.5 15h11a1.5 1.5 0 0 0 1.5-1.5v-6a.5.5 0 0 0-1 
0v6a.5.5 0 0 1-.5.5h-11a.5.5 0 0 1-.5-.5v-11a.5.5 0 0 1 .5-.5H9a.5.5 0 0 0 0-1H2.5A1.5 1.5 0 0 0 1 2.5v11z"[39m
                          [33mfill-rule[39m=[32m"evenodd"[39m
                        [36m/>[39m
                      [36m</svg>[39m
                    [36m</button>[39m
                    [36m<button[39m
                      [33mclass[39m=[32m"btn btn-rojo"[39m
                      [33mtype[39m=[32m"button"[39m
                    [36m>[39m
                      [0mEliminar[0m
                    [36m</button>[39m
                  [36m</td>[39m
                [36m</tr>[39m
              [36m</tbody>[39m
            [36m</table>[39m
          [36m</div>[39m
        [36m</div>[39m
      [36m</div>[39m
    [36m</body>[39m

    [0m [90m 203 |[39m       })[33m;[39m
     [90m 204 |[39m
    [31m[1m>[22m[39m[90m 205 |[39m       [36mconst[39m editButtons [33m=[39m 
screen[33m.[39mgetAllByRole([32m'button'[39m[33m,[39m { name[33m:[39m [35m/editar/i[39m })[33m;[39m
     [90m     |[39m                                  [31m[1m^[22m[39m
     [90m 206 |[39m       [36mawait[39m act([36masync[39m () [33m=>[39m {
     [90m 207 |[39m         fireEvent[33m.[39mclick(editButtons[[35m0[39m])[33m;[39m
     [90m 208 |[39m       })[33m;[39m[0m

      at Object.getElementError (node_modules/@testing-library/dom/dist/config.js:37:19)
      at node_modules/@testing-library/dom/dist/query-helpers.js:76:38
      at getAllByRole (node_modules/@testing-library/dom/dist/query-helpers.js:109:15)
      at Object.<anonymous> (src/__tests__/tipos-de-eventos.component.test.jsx:205:34)

  ÔùÅ TypeEvents ÔÇö Unit Tests ÔÇ║ Interacciones Principales ÔÇö Eliminar ÔÇ║ elimina tipo de evento con confirmaci├│n

    expect(jest.fn()).toHaveBeenCalledWith(...expected)

    Expected: 1, {"borrado": 1}

    Number of calls: 0

    [0m [90m 246 |[39m       })[33m;[39m
     [90m 247 |[39m
    [31m[1m>[22m[39m[90m 248 |[39m       
expect(eventRespository[33m.[39mdeleteTypeEvent)[33m.[39mtoHaveBeenCalledWith([35m1[39m[33m,[39m { 
borrado[33m:[39m [35m1[39m })[33m;[39m
     [90m     |[39m                                                [31m[1m^[22m[39m
     [90m 249 |[39m       expect([33mSwal[39m[33m.[39mmixin)[33m.[39mtoHaveBeenCalled()[33m;[39m
     [90m 250 |[39m     })[33m;[39m
     [90m 251 |[39m[0m

      at Object.<anonymous> (src/__tests__/tipos-de-eventos.component.test.jsx:248:48)

  ÔùÅ TypeEvents ÔÇö Unit Tests ÔÇ║ Interacciones Principales ÔÇö Eliminar ÔÇ║ no elimina si se cancela la 
confirmaci├│n

    Unable to find an element with the text: Consulta m├®dica. This could be because the text is broken up by multiple 
elements. In this case, you can provide a function for your text matcher to make your matcher more flexible.

    Ignored nodes: comments, script, style
    [36m<body[39m
      [33mclass[39m=[32m""[39m
      [33mstyle[39m=[32m""[39m
    [36m>[39m
      [36m<div>[39m
        [36m<div[39m
          [33mclass[39m=[32m"container"[39m
        [36m>[39m
          [36m<h1[39m
            [33mclass[39m=[32m"mt-4 mt-md-2 text-center"[39m
          [36m>[39m
            [0mTipos de eventos[0m
          [36m</h1>[39m
          [36m<button[39m
            [33mclass[39m=[32m"btn btn-primary mb-2 mt-2"[39m
          [36m>[39m
            [36m<svg[39m
              [33maria-hidden[39m=[32m"true"[39m
              [33mclass[39m=[32m"signoMas"[39m
              [33mfill[39m=[32m"currentColor"[39m
              [33mheight[39m=[32m"16"[39m
              [33mviewBox[39m=[32m"0 0 16 16"[39m
              [33mwidth[39m=[32m"16"[39m
              [33mxmlns[39m=[32m"http://www.w3.org/2000/svg"[39m
            [36m>[39m
              [36m<path[39m
                [33md[39m=[32m"M8 0a1 1 0 0 1 1 1v6h6a1 1 0 1 1 0 2H9v6a1 1 0 1 1-2 0V9H1a1 1 0 0 1 0-2h6V1a1 1 0 0 
1 1-1z"[39m
              [36m/>[39m
            [36m</svg>[39m
            [0m Agregar[0m
          [36m</button>[39m
          [36m<div[39m
            [33mclass[39m=[32m"row m-md-3 shadow mx-md-auto border-top-sm m-0"[39m
          [36m>[39m
            [36m<table[39m
              [33mclass[39m=[32m"table"[39m
            [36m>[39m
              [36m<thead>[39m
                [36m<tr>[39m
                  [36m<th[39m
                    [33mscope[39m=[32m"col"[39m
                  [36m>[39m
                    [0mC├│digo[0m
                  [36m</th>[39m
                  [36m<th[39m
                    [33mscope[39m=[32m"col"[39m
                  [36m>[39m
                    [0mNombre[0m
                  [36m</th>[39m
                  [36m<th[39m
                    [33mscope[39m=[32m"col"[39m
                  [36m>[39m
                    [0mDesactivar Taller[0m
                  [36m</th>[39m
                  [36m<th[39m
                    [33mscope[39m=[32m"col"[39m
                  [36m>[39m
                    [0mAcci├│n[0m
                  [36m</th>[39m
                [36m</tr>[39m
              [36m</thead>[39m
              [36m<tbody>[39m
                [36m<tr>[39m
                  [36m<td>[39m
                    [0m2[0m
                  [36m</td>[39m
                  [36m<td>[39m
                    [0mTaller grupal[0m
                  [36m</td>[39m
                  [36m<td>[39m
                    [36m<input[39m
                      [33mchecked[39m=[32m""[39m
                      [33mclass[39m=[32m"form-check-input"[39m
                      [33mdisabled[39m=[32m""[39m
                      [33mtype[39m=[32m"checkbox"[39m
                    [36m/>[39m
                  [36m</td>[39m
                  [36m<td>[39m
                    [36m<button[39m
                      [33mclass[39m=[32m"btn btn-verde me-1"[39m
                      [33mtype[39m=[32m"button"[39m
                    [36m>[39m
                      [36m<svg[39m
                        [33maria-hidden[39m=[32m"true"[39m
                        [33mfill[39m=[32m"currentColor"[39m
                        [33mheight[39m=[32m"16"[39m
                        [33mviewBox[39m=[32m"0 0 16 16"[39m
                        [33mwidth[39m=[32m"16"[39m
                        [33mxmlns[39m=[32m"http://www.w3.org/2000/svg"[39m
                      [36m>[39m
                        [36m<path[39m
                          [33md[39m=[32m"M15.502 1.94a.5.5 0 0 1 0 .706L14.459 3.69l-2-2L13.502.646a.5.5 0 0 1 .707 
0l1.293 1.293zm-1.75 2.456-2-2L4.939 9.21a.5.5 0 0 0-.121.196l-.805 2.414a.25.25 0 0 0 .316.316l2.414-.805a.5.5 0 0 0 
.196-.12l6.813-6.814z"[39m
                        [36m/>[39m
                        [36m<path[39m
                          [33md[39m=[32m"M1 13.5A1.5 1.5 0 0 0 2.5 15h11a1.5 1.5 0 0 0 1.5-1.5v-6a.5.5 0 0 0-1 
0v6a.5.5 0 0 1-.5.5h-11a.5.5 0 0 1-.5-.5v-11a.5.5 0 0 1 .5-.5H9a.5.5 0 0 0 0-1H2.5A1.5 1.5 0 0 0 1 2.5v11z"[39m
                          [33mfill-rule[39m=[32m"evenodd"[39m
                        [36m/>[39m
                      [36m</svg>[39m
                    [36m</button>[39m
                    [36m<button[39m
                      [33mclass[39m=[32m"btn btn-rojo"[39m
                      [33mtype[39m=[32m"button"[39m
                    [36m>[39m
                      [0mEliminar[0m
                    [36m</button>[39m
                  [36m</td>[39m
                [36m</tr>[39m
              [36m</tbody>[39m
            [36m</table>[39m
          [36m</div>[39m
        [36m</div>[39m
      [36m</div>[39m
    [36m</body>[39m

    [0m [90m 254 |[39m
     [90m 255 |[39m       render([33m<[39m[33mTypeEvents[39m [33m/[39m[33m>[39m)[33m;[39m
    [31m[1m>[22m[39m[90m 256 |[39m       [36mawait[39m waitFor(() [33m=>[39m {
     [90m     |[39m                    [31m[1m^[22m[39m
     [90m 257 |[39m         expect(screen[33m.[39mgetByText([32m'Consulta 
m├®dica'[39m))[33m.[39mtoBeInTheDocument()[33m;[39m
     [90m 258 |[39m       })[33m;[39m
     [90m 259 |[39m[0m

      at waitForWrapper (node_modules/@testing-library/dom/dist/wait-for.js:163:27)
      at Object.<anonymous> (src/__tests__/tipos-de-eventos.component.test.jsx:256:20)

  ÔùÅ TypeEvents ÔÇö Unit Tests ÔÇ║ Casos Borde ÔÇ║ maneja checkbox desactivataller correctamente (0/1 Ôåö true/false)

    expect(received).toBeChecked()

    received value must be an HTMLElement or an SVGElement.
    Received has value: undefined

    [0m [90m 290 |[39m       [90m// El segundo evento tiene desactivataller: 1 ÔåÆ checkbox checked[39m
     [90m 291 |[39m       [36mconst[39m checkboxes [33m=[39m 
screen[33m.[39mgetAllByRole([32m'checkbox'[39m)[33m;[39m
    [31m[1m>[22m[39m[90m 292 |[39m       expect(checkboxes[[35m1[39m])[33m.[39mtoBeChecked()[33m;[39m 
[90m// Taller grupal[39m
     [90m     |[39m                             [31m[1m^[22m[39m
     [90m 293 |[39m       expect(checkboxes[[35m0[39m])[33m.[39mnot[33m.[39mtoBeChecked()[33m;[39m [90m// 
Consulta m├®dica[39m
     [90m 294 |[39m     })[33m;[39m
     [90m 295 |[39m[0m

      at __EXTERNAL_MATCHER_TRAP__ (node_modules/expect/build/index.js:386:30)
      at Object.toBeChecked (node_modules/expect/build/index.js:387:15)
      at Object.<anonymous> (src/__tests__/tipos-de-eventos.component.test.jsx:292:29)

  ÔùÅ TypeEvents ÔÇö Unit Tests ÔÇ║ Casos Borde ÔÇ║ maneja error en getEventAll sin romper el render

    Network error

    [0m [90m 295 |[39m
     [90m 296 |[39m     it([32m'maneja error en getEventAll sin romper el render'[39m[33m,[39m [36masync[39m 
() [33m=>[39m {
    [31m[1m>[22m[39m[90m 297 |[39m       
eventRespository[33m.[39mgetEventAll[33m.[39mmockRejectedValue([36mnew[39m [33mError[39m([32m'Network 
error'[39m))[33m;[39m
     [90m     |[39m                                                      [31m[1m^[22m[39m
     [90m 298 |[39m
     [90m 299 |[39m       render([33m<[39m[33mTypeEvents[39m [33m/[39m[33m>[39m)[33m;[39m
     [90m 300 |[39m       [36mawait[39m waitFor(() [33m=>[39m {[0m

      at Object.<anonymous> (src/__tests__/tipos-de-eventos.component.test.jsx:297:54)

FAIL src/__tests__/nomenclador.component.test.jsx (5.636 s)
  ÔùÅ Nomenclador ÔÇö Unit Tests ÔÇ║ Interacciones Principales ÔÇö Enfermedades ÔÇ║ agrega nueva enfermedad: input + 
click "+" ÔåÆ create + refresh

    TestingLibraryElementError: Unable to find an accessible element with the role "button" and name `/agregar/i`

    Here are the accessible roles:

      main:

      Name "":
      [36m<main[39m
        [33mclass[39m=[32m"container form-paciente"[39m
      [36m/>[39m

      --------------------------------------------------
      heading:

      Name "Ingresar Nomencladores":
      [36m<h3 />[39m

      --------------------------------------------------
      separator:

      Name "":
      [36m<hr />[39m

      --------------------------------------------------
      textbox:

      Name "":
      [36m<input[39m
        [33mclass[39m=[32m"form-control"[39m
        [33mid[39m=[32m"enfermedad"[39m
        [33mname[39m=[32m"enfermedad"[39m
        [33mplaceholder[39m=[32m"Enfermedad..."[39m
        [33mtype[39m=[32m"text"[39m
        [33mvalue[39m=[32m"Asma"[39m
      [36m/>[39m

      Name "":
      [36m<input[39m
        [33mclass[39m=[32m"form-control"[39m
        [33mid[39m=[32m"medicamento"[39m
        [33mname[39m=[32m"medicamento"[39m
        [33mplaceholder[39m=[32m"Medicamento..."[39m
        [33mtype[39m=[32m"text"[39m
        [33mvalue[39m=[32m""[39m
      [36m/>[39m

      Name "":
      [36m<input[39m
        [33mclass[39m=[32m"form-control"[39m
        [33mid[39m=[32m"obrasocial"[39m
        [33mname[39m=[32m"obrasocial"[39m
        [33mplaceholder[39m=[32m"Obra Social..."[39m
        [33mtype[39m=[32m"text"[39m
        [33mvalue[39m=[32m""[39m
      [36m/>[39m

      --------------------------------------------------
      button:

      Name "":
      [36m<button[39m
        [33mclass[39m=[32m"btn btn-azul-simple"[39m
        [33mtype[39m=[32m"button"[39m
      [36m/>[39m

      Name "":
      [36m<button[39m
        [33mclass[39m=[32m"btn btn-verde rowActionButton"[39m
        [33mtype[39m=[32m"button"[39m
      [36m/>[39m

      Name "":
      [36m<button[39m
        [33mclass[39m=[32m"btn btn-rojo"[39m
        [33mtype[39m=[32m"button"[39m
      [36m/>[39m

      Name "":
      [36m<button[39m
        [33mclass[39m=[32m"btn btn-verde rowActionButton"[39m
        [33mtype[39m=[32m"button"[39m
      [36m/>[39m

      Name "":
      [36m<button[39m
        [33mclass[39m=[32m"btn btn-rojo"[39m
        [33mtype[39m=[32m"button"[39m
      [36m/>[39m

      Name "":
      [36m<button[39m
        [33mclass[39m=[32m"btn btn-azul-simple"[39m
        [33mtype[39m=[32m"button"[39m
      [36m/>[39m

      Name "":
      [36m<button[39m
        [33mclass[39m=[32m"btn btn-verde rowActionButton"[39m
        [33mtype[39m=[32m"button"[39m
      [36m/>[39m

      Name "":
      [36m<button[39m
        [33mclass[39m=[32m"btn btn-rojo"[39m
        [33mtype[39m=[32m"button"[39m
      [36m/>[39m

      Name "":
      [36m<button[39m
        [33mclass[39m=[32m"btn btn-verde rowActionButton"[39m
        [33mtype[39m=[32m"button"[39m
      [36m/>[39m

      Name "":
      [36m<button[39m
        [33mclass[39m=[32m"btn btn-rojo"[39m
        [33mtype[39m=[32m"button"[39m
      [36m/>[39m

      Name "":
      [36m<button[39m
        [33mclass[39m=[32m"btn btn-azul-simple"[39m
        [33mtype[39m=[32m"button"[39m
      [36m/>[39m

      Name "":
      [36m<button[39m
        [33mclass[39m=[32m"btn btn-verde rowActionButton"[39m
        [33mtype[39m=[32m"button"[39m
      [36m/>[39m

      Name "":
      [36m<button[39m
        [33mclass[39m=[32m"btn btn-rojo"[39m
        [33mtype[39m=[32m"button"[39m
      [36m/>[39m

      Name "":
      [36m<button[39m
        [33mclass[39m=[32m"btn btn-verde rowActionButton"[39m
        [33mtype[39m=[32m"button"[39m
      [36m/>[39m

      Name "":
      [36m<button[39m
        [33mclass[39m=[32m"btn btn-rojo"[39m
        [33mtype[39m=[32m"button"[39m
      [36m/>[39m

      --------------------------------------------------
      table:

      Name "":
      [36m<table[39m
        [33mclass[39m=[32m"table table-bordered table-hover shadow table-striped tableFullWidth"[39m
      [36m/>[39m

      Name "":
      [36m<table[39m
        [33mclass[39m=[32m"table table-bordered table-hover shadow table-striped tableFullWidth"[39m
      [36m/>[39m

      Name "":
      [36m<table[39m
        [33mclass[39m=[32m"table table-bordered table-hover shadow table-striped tableFullWidth"[39m
      [36m/>[39m

      --------------------------------------------------
      rowgroup:

      Name "":
      [36m<thead />[39m

      Name "":
      [36m<tbody[39m
        [33mclass[39m=[32m"tableBodyMiddle"[39m
      [36m/>[39m

      Name "":
      [36m<thead />[39m

      Name "":
      [36m<tbody[39m
        [33mclass[39m=[32m"tableBodyMiddle"[39m
      [36m/>[39m

      Name "":
      [36m<thead />[39m

      Name "":
      [36m<tbody[39m
        [33mclass[39m=[32m"tableBodyMiddle"[39m
      [36m/>[39m

      --------------------------------------------------
      row:

      Name "Enfermedad Acci├│n":
      [36m<tr />[39m

      Name "Diabetes":
      [36m<tr />[39m

      Name "Hipertensi├│n":
      [36m<tr />[39m

      Name "Medicamento Acci├│n":
      [36m<tr />[39m

      Name "Metformina":
      [36m<tr />[39m

      Name "Losart├ín":
      [36m<tr />[39m

      Name "Obra Social Acci├│n":
      [36m<tr />[39m

      Name "OSDE":
      [36m<tr />[39m

      Name "PAMI":
      [36m<tr />[39m

      --------------------------------------------------
      columnheader:

      Name "Enfermedad":
      [36m<th[39m
        [33mscope[39m=[32m"col"[39m
      [36m/>[39m

      Name "Acci├│n":
      [36m<th[39m
        [33mscope[39m=[32m"col"[39m
      [36m/>[39m

      Name "Medicamento":
      [36m<th[39m
        [33mscope[39m=[32m"col"[39m
      [36m/>[39m

      Name "Acci├│n":
      [36m<th[39m
        [33mscope[39m=[32m"col"[39m
      [36m/>[39m

      Name "Obra Social":
      [36m<th[39m
        [33mscope[39m=[32m"col"[39m
      [36m/>[39m

      Name "Acci├│n":
      [36m<th[39m
        [33mscope[39m=[32m"col"[39m
      [36m/>[39m

      --------------------------------------------------
      cell:

      Name "Diabetes":
      [36m<td />[39m

      Name "":
      [36m<td />[39m

      Name "Hipertensi├│n":
      [36m<td />[39m

      Name "":
      [36m<td />[39m

      Name "Metformina":
      [36m<td />[39m

      Name "":
      [36m<td />[39m

      Name "Losart├ín":
      [36m<td />[39m

      Name "":
      [36m<td />[39m

      Name "OSDE":
      [36m<td />[39m

      Name "":
      [36m<td />[39m

      Name "PAMI":
      [36m<td />[39m

      Name "":
      [36m<td />[39m

      --------------------------------------------------
      checkbox:

      Name "Es P├║blica":
      [36m<input[39m
        [33mclass[39m=[32m"form-check-input checkInline"[39m
        [33mname[39m=[32m"isChecked"[39m
        [33mtype[39m=[32m"checkbox"[39m
      [36m/>[39m

      --------------------------------------------------

    Ignored nodes: comments, script, style
    [36m<body>[39m
      [36m<div>[39m
        [36m<main[39m
          [33mclass[39m=[32m"container form-paciente"[39m
        [36m>[39m
          [36m<div[39m
            [33mclass[39m=[32m"row"[39m
          [36m>[39m
            [36m<div[39m
              [33mclass[39m=[32m"col-12 col-md-12 col-lg-12 col-xl-12"[39m
            [36m>[39m
              [36m<h3>[39m
                [0mIngresar Nomencladores[0m
              [36m</h3>[39m
              [36m<hr />[39m
            [36m</div>[39m
          [36m</div>[39m
          [36m<div[39m
            [33mclass[39m=[32m"row"[39m
          [36m>[39m
            [36m<div[39m
              [33mclass[39m=[32m"mt-4 mb-4 col-12 col-md-12 col-lg-4 col-xl-4"[39m
            [36m>[39m
              [36m<div[39m
                [33mclass[39m=[32m"row"[39m
              [36m>[39m
                [36m<div[39m
                  [33mclass[39m=[32m"mb-2 col-12 col-md-12 col-lg-12 col-xl-12 input-group"[39m
                [36m>[39m
                  [36m<input[39m
                    [33mclass[39m=[32m"form-control"[39m
                    [33mid[39m=[32m"enfermedad"[39m
                    [33mname[39m=[32m"enfermedad"[39m
                    [33mplaceholder[39m=[32m"Enfermedad..."[39m
                    [33mtype[39m=[32m"text"[39m
                    [33mvalue[39m=[32m"Asma"[39m
                  [36m/>[39m
                  [36m<button[39m
                    [33mclass[39m=[32m"btn btn-azul-simple"[39m
                    [33mtype[39m=[32m"button"[39m
                  [36m>[39m
                    [36m<svg[39m
                      [33maria-hidden[39m=[32m"true"[39m
                      [33mfill[39m=[32m"currentColor"[39m
                      [33mheight[39m=[32m"16"[39m
                      [33mviewBox[39m=[32m"0 0 16 16"[39m
                      [33mwidth[39m=[32m"16"[39m
                      [33mxmlns[39m=[32m"http://www.w3.org/2000/svg"[39m
                    [36m>[39m
                      [36m<path[39m
                        [33md[39m=[32m"M8 0a1 1 0 0 1 1 1v6h6a1 1 0 1 1 0 2H9v6a1 1 0 1 1-2 0V9H1a1 1 0 0 1 
0-2h6V1a1 1 0 0 1 1-1z"[39m
                      [36m/>[39m
                    [36m</svg>[39m
                  [36m</button>[39m
                [36m</div>[39m
              [36m</div>[39m
              [36m<div[39m
                [33mclass[39m=[32m"row"[39m
              [36m>[39m
                [36m<div[39m
                  [33mclass[39m=[32m"col-12 col-md-12 col-lg-12 col-xl-12 scrollableTable"[39m
                [36m>[39m
                  [36m<table[39m
                    [33mclass[39m=[32m"table table-bordered table-hover shadow table-striped tableFullWidth"[39m
                  [36m>[39m
                    [36m<thead>[39m
                      [36m<tr>[39m
                        [36m<th[39m
                          [33mscope[39m=[32m"col"[39m
                        [36m>[39m
                          [0mEnfermedad[0m
                        [36m</th>[39m
                        [36m<th[39m
                          [33mscope[39m=[32m"col"[39m
                        [36m>[39m
                          [0mAcci├│n[0m
                        [36m</th>[39m
                      [36m</tr>[39m
                    [36m</thead>[39m
                    [36m<tbody[39m
                      [33mclass[39m=[32m"tableBodyMiddle"[39m
                    [36m>[39m
                      [36m<tr>[39m
                        [36m<td>[39m
                          [0mDiabetes[0m
                        [36m</td>[39m
                        [36m<td>[39m
                          [36m<button[39m
                            [33mclass[39m=[32m"btn btn-verde rowActionButton"[39m
                            [33mtype[39m=[32m"button"[39m
                          [36m>[39m
                            [36m<svg[39m
                              [33maria-hidden[39m=[32m"true"[39m
                              [33mfill[39m=[32m"currentColor"[39m
                              [33mheight[39m=[32m"16"[39m
                              [33mviewBox[39m=[32m"0 0 16 16"[39m
                              [33mwidth[39m=[32m"16"[39m
                              [33mxmlns[39m=[32m"http://www.w3.org/2000/svg"[39m
                            [36m>[39m
                              [36m<path[39m
                                [33md[39m=[32m"M15.502 1.94a.5.5 0 0 1 0 .706L14.459 3.69l-2-2L13.502.646a.5.5 0 0 
1 .707 0l1.293 1.293zm-1.75 2.456-2-2L4.939 9.21a.5.5 0 0 0-.121.196l-.805 2.414a.25.25 0 0 0 .316.316l2.414-.805a.5.5 
0 0 0 .196-.12l6.813-6.814z"[39m
                              [36m/>[39m
                              [36m<path[39m
                                [33md[39m=[32m"M1 13.5A1.5 1.5 0 0 0 2.5 15h11a1.5 1.5 0 0 0 1.5-1.5v-6a.5.5 0 0 
0-1 0v6a.5.5 0 0 1-.5.5h-11a.5.5 0 0 1-.5-.5v-11a.5.5 0 0 1 .5-.5H9a.5.5 0 0 0 0-1H2.5A1.5 1.5 0 0 0 1 2.5v11z"[39m
                                [33mfill-rule[39m=[32m"evenodd"[39m
                              [36m/>[39m
                            [36m</svg>[39m
                          [36m</button>[39m
                          [36m<button[39m
                            [33mclass[39m=[32m"btn btn-rojo"[39m
                            [33mtype[39m=[32m"button"[39m
                          [36m>[39m
                            [36m<svg[39m
                              [33maria-hidden[39m=[32m"true"[39m
                              [33mfill[39m=[32m"currentColor"[39m
                              [33mheight[39m=[32m"16"[39m
                              [33mviewBox[39m=[32m"0 0 16 16"[39m
                              [33mwidth[39m=[32m"16"[39m
                              [33mxmlns[39m=[32m"http://www.w3.org/2000/svg"[39m
                            [36m>[39m
                              [36m<path[39m
                                [33md[39m=[32m"M5.5 5.5A.5.5 0 0 1 6 6v6a.5.5 0 0 1-1 0V6a.5.5 0 0 1 .5-.5zm2.5 
0a.5.5 0 0 1 .5.5v6a.5.5 0 0 1-1 0V6a.5.5 0 0 1 .5-.5zm3 .5a.5.5 0 0 0-1 0v6a.5.5 0 0 0 1 0V6z"[39m
                              [36m/>[39m
                              [36m<path[39m
                                [33md[39m=[32m"M14.5 3a1 1 0 0 1-1 1H13v9a2 2 0 0 1-2 2H5a2 2 0 0 1-2-2V4h-.5a1 1 0 
0 1-1-1V2a1 1 0 0 1 1-1H6a1 1 0 0 1 1-1h2a1 1 0 0 1 1 1h3.5a1 1 0 0 1 1 1v1zM4.118 4 4 4.059V13a1 1 0 0 0 1 1h6a1 1 0 
0 0 1-1V4.059L11.882 4H4.118zM2.5 3V2h11v1h-11z"[39m
                                [33mfill-rule[39m=[32m"evenodd"[39m
                              [36m/>[39m
                            [36m</svg>[39m
                          [36m</button>[39m
                        [36m</td>[39m
                      [36m</tr>[39m
                      [36m<tr>[39m
                        [36m<td>[39m
                          [0mHipertensi├│n[0m
                        [36m</td>[39m
                        [36m<td>[39m
                          [36m<button[39m
                            [33mclass[39m=[32m"btn btn-verde rowActionButton"[39m
                            [33mtype[39m=[32m"button"[39m
                          [36m>[39m
                            [36m<svg[39m
                              [33maria-hidden[39m=[32m"true"[39m
            ...

    [0m [90m 125 |[39m       })[33m;[39m
     [90m 126 |[39m
    [31m[1m>[22m[39m[90m 127 |[39m       [36mconst[39m addButton [33m=[39m 
screen[33m.[39mgetByRole([32m'button'[39m[33m,[39m { name[33m:[39m [35m/agregar/i[39m 
})[33m.[39mclosest([32m'button'[39m)[33m;[39m
     [90m     |[39m                                [31m[1m^[22m[39m
     [90m 128 |[39m       [90m// Buscar el bot├│n "+" de enfermedad (el primero)[39m
     [90m 129 |[39m       [36mconst[39m addButtons [33m=[39m 
screen[33m.[39mgetAllByRole([32m'button'[39m)[33m;[39m
     [90m 130 |[39m       [36mconst[39m enfermedadAddButton [33m=[39m addButtons[33m.[39mfind(btn [33m=>[39m 
btn[33m.[39mclosest([32m'div'[39m)[33m?[39m[33m.[39mquerySelector([32m'#enfermedad'[39m))[33m;[39m[0m

      at Object.getElementError (node_modules/@testing-library/dom/dist/config.js:37:19)
      at node_modules/@testing-library/dom/dist/query-helpers.js:76:38
      at node_modules/@testing-library/dom/dist/query-helpers.js:52:17
      at getByRole (node_modules/@testing-library/dom/dist/query-helpers.js:95:19)
      at Object.<anonymous> (src/__tests__/nomenclador.component.test.jsx:127:32)

  ÔùÅ Nomenclador ÔÇö Unit Tests ÔÇ║ Interacciones Principales ÔÇö Enfermedades ÔÇ║ edita enfermedad: click editar ÔåÆ 
input poblado ÔåÆ click check ÔåÆ update + refresh

    TestingLibraryElementError: Unable to find an accessible element with the role "button" and name `/editar/i`

    Here are the accessible roles:

      main:

      Name "":
      [36m<main[39m
        [33mclass[39m=[32m"container form-paciente"[39m
      [36m/>[39m

      --------------------------------------------------
      heading:

      Name "Ingresar Nomencladores":
      [36m<h3 />[39m

      --------------------------------------------------
      separator:

      Name "":
      [36m<hr />[39m

      --------------------------------------------------
      textbox:

      Name "":
      [36m<input[39m
        [33mclass[39m=[32m"form-control"[39m
        [33mid[39m=[32m"enfermedad"[39m
        [33mname[39m=[32m"enfermedad"[39m
        [33mplaceholder[39m=[32m"Enfermedad..."[39m
        [33mtype[39m=[32m"text"[39m
        [33mvalue[39m=[32m""[39m
      [36m/>[39m

      Name "":
      [36m<input[39m
        [33mclass[39m=[32m"form-control"[39m
        [33mid[39m=[32m"medicamento"[39m
        [33mname[39m=[32m"medicamento"[39m
        [33mplaceholder[39m=[32m"Medicamento..."[39m
        [33mtype[39m=[32m"text"[39m
        [33mvalue[39m=[32m""[39m
      [36m/>[39m

      Name "":
      [36m<input[39m
        [33mclass[39m=[32m"form-control"[39m
        [33mid[39m=[32m"obrasocial"[39m
        [33mname[39m=[32m"obrasocial"[39m
        [33mplaceholder[39m=[32m"Obra Social..."[39m
        [33mtype[39m=[32m"text"[39m
        [33mvalue[39m=[32m""[39m
      [36m/>[39m

      --------------------------------------------------
      button:

      Name "":
      [36m<button[39m
        [33mclass[39m=[32m"btn btn-azul-simple"[39m
        [33mtype[39m=[32m"button"[39m
      [36m/>[39m

      Name "":
      [36m<button[39m
        [33mclass[39m=[32m"btn btn-verde rowActionButton"[39m
        [33mtype[39m=[32m"button"[39m
      [36m/>[39m

      Name "":
      [36m<button[39m
        [33mclass[39m=[32m"btn btn-rojo"[39m
        [33mtype[39m=[32m"button"[39m
      [36m/>[39m

      Name "":
      [36m<button[39m
        [33mclass[39m=[32m"btn btn-verde rowActionButton"[39m
        [33mtype[39m=[32m"button"[39m
      [36m/>[39m

      Name "":
      [36m<button[39m
        [33mclass[39m=[32m"btn btn-rojo"[39m
        [33mtype[39m=[32m"button"[39m
      [36m/>[39m

      Name "":
      [36m<button[39m
        [33mclass[39m=[32m"btn btn-azul-simple"[39m
        [33mtype[39m=[32m"button"[39m
      [36m/>[39m

      Name "":
      [36m<button[39m
        [33mclass[39m=[32m"btn btn-verde rowActionButton"[39m
        [33mtype[39m=[32m"button"[39m
      [36m/>[39m

      Name "":
      [36m<button[39m
        [33mclass[39m=[32m"btn btn-rojo"[39m
        [33mtype[39m=[32m"button"[39m
      [36m/>[39m

      Name "":
      [36m<button[39m
        [33mclass[39m=[32m"btn btn-verde rowActionButton"[39m
        [33mtype[39m=[32m"button"[39m
      [36m/>[39m

      Name "":
      [36m<button[39m
        [33mclass[39m=[32m"btn btn-rojo"[39m
        [33mtype[39m=[32m"button"[39m
      [36m/>[39m

      Name "":
      [36m<button[39m
        [33mclass[39m=[32m"btn btn-azul-simple"[39m
        [33mtype[39m=[32m"button"[39m
      [36m/>[39m

      Name "":
      [36m<button[39m
        [33mclass[39m=[32m"btn btn-verde rowActionButton"[39m
        [33mtype[39m=[32m"button"[39m
      [36m/>[39m

      Name "":
      [36m<button[39m
        [33mclass[39m=[32m"btn btn-rojo"[39m
        [33mtype[39m=[32m"button"[39m
      [36m/>[39m

      Name "":
      [36m<button[39m
        [33mclass[39m=[32m"btn btn-verde rowActionButton"[39m
        [33mtype[39m=[32m"button"[39m
      [36m/>[39m

      Name "":
      [36m<button[39m
        [33mclass[39m=[32m"btn btn-rojo"[39m
        [33mtype[39m=[32m"button"[39m
      [36m/>[39m

      --------------------------------------------------
      table:

      Name "":
      [36m<table[39m
        [33mclass[39m=[32m"table table-bordered table-hover shadow table-striped tableFullWidth"[39m
      [36m/>[39m

      Name "":
      [36m<table[39m
        [33mclass[39m=[32m"table table-bordered table-hover shadow table-striped tableFullWidth"[39m
      [36m/>[39m

      Name "":
      [36m<table[39m
        [33mclass[39m=[32m"table table-bordered table-hover shadow table-striped tableFullWidth"[39m
      [36m/>[39m

      --------------------------------------------------
      rowgroup:

      Name "":
      [36m<thead />[39m

      Name "":
      [36m<tbody[39m
        [33mclass[39m=[32m"tableBodyMiddle"[39m
      [36m/>[39m

      Name "":
      [36m<thead />[39m

      Name "":
      [36m<tbody[39m
        [33mclass[39m=[32m"tableBodyMiddle"[39m
      [36m/>[39m

      Name "":
      [36m<thead />[39m

      Name "":
      [36m<tbody[39m
        [33mclass[39m=[32m"tableBodyMiddle"[39m
      [36m/>[39m

      --------------------------------------------------
      row:

      Name "Enfermedad Acci├│n":
      [36m<tr />[39m

      Name "Diabetes":
      [36m<tr />[39m

      Name "Hipertensi├│n":
      [36m<tr />[39m

      Name "Medicamento Acci├│n":
      [36m<tr />[39m

      Name "Metformina":
      [36m<tr />[39m

      Name "Losart├ín":
      [36m<tr />[39m

      Name "Obra Social Acci├│n":
      [36m<tr />[39m

      Name "OSDE":
      [36m<tr />[39m

      Name "PAMI":
      [36m<tr />[39m

      --------------------------------------------------
      columnheader:

      Name "Enfermedad":
      [36m<th[39m
        [33mscope[39m=[32m"col"[39m
      [36m/>[39m

      Name "Acci├│n":
      [36m<th[39m
        [33mscope[39m=[32m"col"[39m
      [36m/>[39m

      Name "Medicamento":
      [36m<th[39m
        [33mscope[39m=[32m"col"[39m
      [36m/>[39m

      Name "Acci├│n":
      [36m<th[39m
        [33mscope[39m=[32m"col"[39m
      [36m/>[39m

      Name "Obra Social":
      [36m<th[39m
        [33mscope[39m=[32m"col"[39m
      [36m/>[39m

      Name "Acci├│n":
      [36m<th[39m
        [33mscope[39m=[32m"col"[39m
      [36m/>[39m

      --------------------------------------------------
      cell:

      Name "Diabetes":
      [36m<td />[39m

      Name "":
      [36m<td />[39m

      Name "Hipertensi├│n":
      [36m<td />[39m

      Name "":
      [36m<td />[39m

      Name "Metformina":
      [36m<td />[39m

      Name "":
      [36m<td />[39m

      Name "Losart├ín":
      [36m<td />[39m

      Name "":
      [36m<td />[39m

      Name "OSDE":
      [36m<td />[39m

      Name "":
      [36m<td />[39m

      Name "PAMI":
      [36m<td />[39m

      Name "":
      [36m<td />[39m

      --------------------------------------------------
      checkbox:

      Name "Es P├║blica":
      [36m<input[39m
        [33mclass[39m=[32m"form-check-input checkInline"[39m
        [33mname[39m=[32m"isChecked"[39m
        [33mtype[39m=[32m"checkbox"[39m
      [36m/>[39m

      --------------------------------------------------

    Ignored nodes: comments, script, style
    [36m<body>[39m
      [36m<div>[39m
        [36m<main[39m
          [33mclass[39m=[32m"container form-paciente"[39m
        [36m>[39m
          [36m<div[39m
            [33mclass[39m=[32m"row"[39m
          [36m>[39m
            [36m<div[39m
              [33mclass[39m=[32m"col-12 col-md-12 col-lg-12 col-xl-12"[39m
            [36m>[39m
              [36m<h3>[39m
                [0mIngresar Nomencladores[0m
              [36m</h3>[39m
              [36m<hr />[39m
            [36m</div>[39m
          [36m</div>[39m
          [36m<div[39m
            [33mclass[39m=[32m"row"[39m
          [36m>[39m
            [36m<div[39m
              [33mclass[39m=[32m"mt-4 mb-4 col-12 col-md-12 col-lg-4 col-xl-4"[39m
            [36m>[39m
              [36m<div[39m
                [33mclass[39m=[32m"row"[39m
              [36m>[39m
                [36m<div[39m
                  [33mclass[39m=[32m"mb-2 col-12 col-md-12 col-lg-12 col-xl-12 input-group"[39m
                [36m>[39m
                  [36m<input[39m
                    [33mclass[39m=[32m"form-control"[39m
                    [33mid[39m=[32m"enfermedad"[39m
                    [33mname[39m=[32m"enfermedad"[39m
                    [33mplaceholder[39m=[32m"Enfermedad..."[39m
                    [33mtype[39m=[32m"text"[39m
                    [33mvalue[39m=[32m""[39m
                  [36m/>[39m
                  [36m<button[39m
                    [33mclass[39m=[32m"btn btn-azul-simple"[39m
                    [33mtype[39m=[32m"button"[39m
                  [36m>[39m
                    [36m<svg[39m
                      [33maria-hidden[39m=[32m"true"[39m
                      [33mfill[39m=[32m"currentColor"[39m
                      [33mheight[39m=[32m"16"[39m
                      [33mviewBox[39m=[32m"0 0 16 16"[39m
                      [33mwidth[39m=[32m"16"[39m
                      [33mxmlns[39m=[32m"http://www.w3.org/2000/svg"[39m
                    [36m>[39m
                      [36m<path[39m
                        [33md[39m=[32m"M8 0a1 1 0 0 1 1 1v6h6a1 1 0 1 1 0 2H9v6a1 1 0 1 1-2 0V9H1a1 1 0 0 1 
0-2h6V1a1 1 0 0 1 1-1z"[39m
                      [36m/>[39m
                    [36m</svg>[39m
                  [36m</button>[39m
                [36m</div>[39m
              [36m</div>[39m
              [36m<div[39m
                [33mclass[39m=[32m"row"[39m
              [36m>[39m
                [36m<div[39m
                  [33mclass[39m=[32m"col-12 col-md-12 col-lg-12 col-xl-12 scrollableTable"[39m
                [36m>[39m
                  [36m<table[39m
                    [33mclass[39m=[32m"table table-bordered table-hover shadow table-striped tableFullWidth"[39m
                  [36m>[39m
                    [36m<thead>[39m
                      [36m<tr>[39m
                        [36m<th[39m
                          [33mscope[39m=[32m"col"[39m
                        [36m>[39m
                          [0mEnfermedad[0m
                        [36m</th>[39m
                        [36m<th[39m
                          [33mscope[39m=[32m"col"[39m
                        [36m>[39m
                          [0mAcci├│n[0m
                        [36m</th>[39m
                      [36m</tr>[39m
                    [36m</thead>[39m
                    [36m<tbody[39m
                      [33mclass[39m=[32m"tableBodyMiddle"[39m
                    [36m>[39m
                      [36m<tr>[39m
                        [36m<td>[39m
                          [0mDiabetes[0m
                        [36m</td>[39m
                        [36m<td>[39m
                          [36m<button[39m
                            [33mclass[39m=[32m"btn btn-verde rowActionButton"[39m
                            [33mtype[39m=[32m"button"[39m
                          [36m>[39m
                            [36m<svg[39m
                              [33maria-hidden[39m=[32m"true"[39m
                              [33mfill[39m=[32m"currentColor"[39m
                              [33mheight[39m=[32m"16"[39m
                              [33mviewBox[39m=[32m"0 0 16 16"[39m
                              [33mwidth[39m=[32m"16"[39m
                              [33mxmlns[39m=[32m"http://www.w3.org/2000/svg"[39m
                            [36m>[39m
                              [36m<path[39m
                                [33md[39m=[32m"M15.502 1.94a.5.5 0 0 1 0 .706L14.459 3.69l-2-2L13.502.646a.5.5 0 0 
1 .707 0l1.293 1.293zm-1.75 2.456-2-2L4.939 9.21a.5.5 0 0 0-.121.196l-.805 2.414a.25.25 0 0 0 .316.316l2.414-.805a.5.5 
0 0 0 .196-.12l6.813-6.814z"[39m
                              [36m/>[39m
                              [36m<path[39m
                                [33md[39m=[32m"M1 13.5A1.5 1.5 0 0 0 2.5 15h11a1.5 1.5 0 0 0 1.5-1.5v-6a.5.5 0 0 
0-1 0v6a.5.5 0 0 1-.5.5h-11a.5.5 0 0 1-.5-.5v-11a.5.5 0 0 1 .5-.5H9a.5.5 0 0 0 0-1H2.5A1.5 1.5 0 0 0 1 2.5v11z"[39m
                                [33mfill-rule[39m=[32m"evenodd"[39m
                              [36m/>[39m
                            [36m</svg>[39m
                          [36m</button>[39m
                          [36m<button[39m
                            [33mclass[39m=[32m"btn btn-rojo"[39m
                            [33mtype[39m=[32m"button"[39m
                          [36m>[39m
                            [36m<svg[39m
                              [33maria-hidden[39m=[32m"true"[39m
                              [33mfill[39m=[32m"currentColor"[39m
                              [33mheight[39m=[32m"16"[39m
                              [33mviewBox[39m=[32m"0 0 16 16"[39m
                              [33mwidth[39m=[32m"16"[39m
                              [33mxmlns[39m=[32m"http://www.w3.org/2000/svg"[39m
                            [36m>[39m
                              [36m<path[39m
                                [33md[39m=[32m"M5.5 5.5A.5.5 0 0 1 6 6v6a.5.5 0 0 1-1 0V6a.5.5 0 0 1 .5-.5zm2.5 
0a.5.5 0 0 1 .5.5v6a.5.5 0 0 1-1 0V6a.5.5 0 0 1 .5-.5zm3 .5a.5.5 0 0 0-1 0v6a.5.5 0 0 0 1 0V6z"[39m
                              [36m/>[39m
                              [36m<path[39m
                                [33md[39m=[32m"M14.5 3a1 1 0 0 1-1 1H13v9a2 2 0 0 1-2 2H5a2 2 0 0 1-2-2V4h-.5a1 1 0 
0 1-1-1V2a1 1 0 0 1 1-1H6a1 1 0 0 1 1-1h2a1 1 0 0 1 1 1h3.5a1 1 0 0 1 1 1v1zM4.118 4 4 4.059V13a1 1 0 0 0 1 1h6a1 1 0 
0 0 1-1V4.059L11.882 4H4.118zM2.5 3V2h11v1h-11z"[39m
                                [33mfill-rule[39m=[32m"evenodd"[39m
                              [36m/>[39m
                            [36m</svg>[39m
                          [36m</button>[39m
                        [36m</td>[39m
                      [36m</tr>[39m
                      [36m<tr>[39m
                        [36m<td>[39m
                          [0mHipertensi├│n[0m
                        [36m</td>[39m
                        [36m<td>[39m
                          [36m<button[39m
                            [33mclass[39m=[32m"btn btn-verde rowActionButton"[39m
                            [33mtype[39m=[32m"button"[39m
                          [36m>[39m
                            [36m<svg[39m
                              [33maria-hidden[39m=[32m"true"[39m
                ...

    [0m [90m 146 |[39m
     [90m 147 |[39m       [90m// Click bot├│n editar (primer bot├│n verde en la tabla de enfermedades)[39m
    [31m[1m>[22m[39m[90m 148 |[39m       [36mconst[39m editButtons [33m=[39m 
screen[33m.[39mgetAllByRole([32m'button'[39m[33m,[39m { name[33m:[39m [35m/editar/i[39m })[33m;[39m
     [90m     |[39m                                  [31m[1m^[22m[39m
     [90m 149 |[39m       [36mawait[39m act([36masync[39m () [33m=>[39m {
     [90m 150 |[39m         fireEvent[33m.[39mclick(editButtons[[35m0[39m])[33m;[39m
     [90m 151 |[39m       })[33m;[39m[0m

      at Object.getElementError (node_modules/@testing-library/dom/dist/config.js:37:19)
      at node_modules/@testing-library/dom/dist/query-helpers.js:76:38
      at getAllByRole (node_modules/@testing-library/dom/dist/query-helpers.js:109:15)
      at Object.<anonymous> (src/__tests__/nomenclador.component.test.jsx:148:34)

  ÔùÅ Nomenclador ÔÇö Unit Tests ÔÇ║ Interacciones Principales ÔÇö Enfermedades ÔÇ║ elimina enfermedad: click eliminar 
ÔåÆ confirmaci├│n ÔåÆ delete + refresh

    TestingLibraryElementError: Unable to find an accessible element with the role "button" and name `/eliminar/i`

    Here are the accessible roles:

      main:

      Name "":
      [36m<main[39m
        [33mclass[39m=[32m"container form-paciente"[39m
      [36m/>[39m

      --------------------------------------------------
      heading:

      Name "Ingresar Nomencladores":
      [36m<h3 />[39m

      --------------------------------------------------
      separator:

      Name "":
      [36m<hr />[39m

      --------------------------------------------------
      textbox:

      Name "":
      [36m<input[39m
        [33mclass[39m=[32m"form-control"[39m
        [33mid[39m=[32m"enfermedad"[39m
        [33mname[39m=[32m"enfermedad"[39m
        [33mplaceholder[39m=[32m"Enfermedad..."[39m
        [33mtype[39m=[32m"text"[39m
        [33mvalue[39m=[32m""[39m
      [36m/>[39m

      Name "":
      [36m<input[39m
        [33mclass[39m=[32m"form-control"[39m
        [33mid[39m=[32m"medicamento"[39m
        [33mname[39m=[32m"medicamento"[39m
        [33mplaceholder[39m=[32m"Medicamento..."[39m
        [33mtype[39m=[32m"text"[39m
        [33mvalue[39m=[32m""[39m
      [36m/>[39m

      Name "":
      [36m<input[39m
        [33mclass[39m=[32m"form-control"[39m
        [33mid[39m=[32m"obrasocial"[39m
        [33mname[39m=[32m"obrasocial"[39m
        [33mplaceholder[39m=[32m"Obra Social..."[39m
        [33mtype[39m=[32m"text"[39m
        [33mvalue[39m=[32m""[39m
      [36m/>[39m

      --------------------------------------------------
      button:

      Name "":
      [36m<button[39m
        [33mclass[39m=[32m"btn btn-azul-simple"[39m
        [33mtype[39m=[32m"button"[39m
      [36m/>[39m

      Name "":
      [36m<button[39m
        [33mclass[39m=[32m"btn btn-verde rowActionButton"[39m
        [33mtype[39m=[32m"button"[39m
      [36m/>[39m

      Name "":
      [36m<button[39m
        [33mclass[39m=[32m"btn btn-rojo"[39m
        [33mtype[39m=[32m"button"[39m
      [36m/>[39m

      Name "":
      [36m<button[39m
        [33mclass[39m=[32m"btn btn-verde rowActionButton"[39m
        [33mtype[39m=[32m"button"[39m
      [36m/>[39m

      Name "":
      [36m<button[39m
        [33mclass[39m=[32m"btn btn-rojo"[39m
        [33mtype[39m=[32m"button"[39m
      [36m/>[39m

      Name "":
      [36m<button[39m
        [33mclass[39m=[32m"btn btn-azul-simple"[39m
        [33mtype[39m=[32m"button"[39m
      [36m/>[39m

      Name "":
      [36m<button[39m
        [33mclass[39m=[32m"btn btn-verde rowActionButton"[39m
        [33mtype[39m=[32m"button"[39m
      [36m/>[39m

      Name "":
      [36m<button[39m
        [33mclass[39m=[32m"btn btn-rojo"[39m
        [33mtype[39m=[32m"button"[39m
      [36m/>[39m

      Name "":
      [36m<button[39m
        [33mclass[39m=[32m"btn btn-verde rowActionButton"[39m
        [33mtype[39m=[32m"button"[39m
      [36m/>[39m

      Name "":
      [36m<button[39m
        [33mclass[39m=[32m"btn btn-rojo"[39m
        [33mtype[39m=[32m"button"[39m
      [36m/>[39m

      Name "":
      [36m<button[39m
        [33mclass[39m=[32m"btn btn-azul-simple"[39m
        [33mtype[39m=[32m"button"[39m
      [36m/>[39m

      Name "":
      [36m<button[39m
        [33mclass[39m=[32m"btn btn-verde rowActionButton"[39m
        [33mtype[39m=[32m"button"[39m
      [36m/>[39m

      Name "":
      [36m<button[39m
        [33mclass[39m=[32m"btn btn-rojo"[39m
        [33mtype[39m=[32m"button"[39m
      [36m/>[39m

      Name "":
      [36m<button[39m
        [33mclass[39m=[32m"btn btn-verde rowActionButton"[39m
        [33mtype[39m=[32m"button"[39m
      [36m/>[39m

      Name "":
      [36m<button[39m
        [33mclass[39m=[32m"btn btn-rojo"[39m
        [33mtype[39m=[32m"button"[39m
      [36m/>[39m

      --------------------------------------------------
      table:

      Name "":
      [36m<table[39m
        [33mclass[39m=[32m"table table-bordered table-hover shadow table-striped tableFullWidth"[39m
      [36m/>[39m

      Name "":
      [36m<table[39m
        [33mclass[39m=[32m"table table-bordered table-hover shadow table-striped tableFullWidth"[39m
      [36m/>[39m

      Name "":
      [36m<table[39m
        [33mclass[39m=[32m"table table-bordered table-hover shadow table-striped tableFullWidth"[39m
      [36m/>[39m

      --------------------------------------------------
      rowgroup:

      Name "":
      [36m<thead />[39m

      Name "":
      [36m<tbody[39m
        [33mclass[39m=[32m"tableBodyMiddle"[39m
      [36m/>[39m

      Name "":
      [36m<thead />[39m

      Name "":
      [36m<tbody[39m
        [33mclass[39m=[32m"tableBodyMiddle"[39m
      [36m/>[39m

      Name "":
      [36m<thead />[39m

      Name "":
      [36m<tbody[39m
        [33mclass[39m=[32m"tableBodyMiddle"[39m
      [36m/>[39m

      --------------------------------------------------
      row:

      Name "Enfermedad Acci├│n":
      [36m<tr />[39m

      Name "Diabetes":
      [36m<tr />[39m

      Name "Hipertensi├│n":
      [36m<tr />[39m

      Name "Medicamento Acci├│n":
      [36m<tr />[39m

      Name "Metformina":
      [36m<tr />[39m

      Name "Losart├ín":
      [36m<tr />[39m

      Name "Obra Social Acci├│n":
      [36m<tr />[39m

      Name "OSDE":
      [36m<tr />[39m

      Name "PAMI":
      [36m<tr />[39m

      --------------------------------------------------
      columnheader:

      Name "Enfermedad":
      [36m<th[39m
        [33mscope[39m=[32m"col"[39m
      [36m/>[39m

      Name "Acci├│n":
      [36m<th[39m
        [33mscope[39m=[32m"col"[39m
      [36m/>[39m

      Name "Medicamento":
      [36m<th[39m
        [33mscope[39m=[32m"col"[39m
      [36m/>[39m

      Name "Acci├│n":
      [36m<th[39m
        [33mscope[39m=[32m"col"[39m
      [36m/>[39m

      Name "Obra Social":
      [36m<th[39m
        [33mscope[39m=[32m"col"[39m
      [36m/>[39m

      Name "Acci├│n":
      [36m<th[39m
        [33mscope[39m=[32m"col"[39m
      [36m/>[39m

      --------------------------------------------------
      cell:

      Name "Diabetes":
      [36m<td />[39m

      Name "":
      [36m<td />[39m

      Name "Hipertensi├│n":
      [36m<td />[39m

      Name "":
      [36m<td />[39m

      Name "Metformina":
      [36m<td />[39m

      Name "":
      [36m<td />[39m

      Name "Losart├ín":
      [36m<td />[39m

      Name "":
      [36m<td />[39m

      Name "OSDE":
      [36m<td />[39m

      Name "":
      [36m<td />[39m

      Name "PAMI":
      [36m<td />[39m

      Name "":
      [36m<td />[39m

      --------------------------------------------------
      checkbox:

      Name "Es P├║blica":
      [36m<input[39m
        [33mclass[39m=[32m"form-check-input checkInline"[39m
        [33mname[39m=[32m"isChecked"[39m
        [33mtype[39m=[32m"checkbox"[39m
      [36m/>[39m

      --------------------------------------------------

    Ignored nodes: comments, script, style
    [36m<body>[39m
      [36m<div>[39m
        [36m<main[39m
          [33mclass[39m=[32m"container form-paciente"[39m
        [36m>[39m
          [36m<div[39m
            [33mclass[39m=[32m"row"[39m
          [36m>[39m
            [36m<div[39m
              [33mclass[39m=[32m"col-12 col-md-12 col-lg-12 col-xl-12"[39m
            [36m>[39m
              [36m<h3>[39m
                [0mIngresar Nomencladores[0m
              [36m</h3>[39m
              [36m<hr />[39m
            [36m</div>[39m
          [36m</div>[39m
          [36m<div[39m
            [33mclass[39m=[32m"row"[39m
          [36m>[39m
            [36m<div[39m
              [33mclass[39m=[32m"mt-4 mb-4 col-12 col-md-12 col-lg-4 col-xl-4"[39m
            [36m>[39m
              [36m<div[39m
                [33mclass[39m=[32m"row"[39m
              [36m>[39m
                [36m<div[39m
                  [33mclass[39m=[32m"mb-2 col-12 col-md-12 col-lg-12 col-xl-12 input-group"[39m
                [36m>[39m
                  [36m<input[39m
                    [33mclass[39m=[32m"form-control"[39m
                    [33mid[39m=[32m"enfermedad"[39m
                    [33mname[39m=[32m"enfermedad"[39m
                    [33mplaceholder[39m=[32m"Enfermedad..."[39m
                    [33mtype[39m=[32m"text"[39m
                    [33mvalue[39m=[32m""[39m
                  [36m/>[39m
                  [36m<button[39m
                    [33mclass[39m=[32m"btn btn-azul-simple"[39m
                    [33mtype[39m=[32m"button"[39m
                  [36m>[39m
                    [36m<svg[39m
                      [33maria-hidden[39m=[32m"true"[39m
                      [33mfill[39m=[32m"currentColor"[39m
                      [33mheight[39m=[32m"16"[39m
                      [33mviewBox[39m=[32m"0 0 16 16"[39m
                      [33mwidth[39m=[32m"16"[39m
                      [33mxmlns[39m=[32m"http://www.w3.org/2000/svg"[39m
                    [36m>[39m
                      [36m<path[39m
                        [33md[39m=[32m"M8 0a1 1 0 0 1 1 1v6h6a1 1 0 1 1 0 2H9v6a1 1 0 1 1-2 0V9H1a1 1 0 0 1 
0-2h6V1a1 1 0 0 1 1-1z"[39m
                      [36m/>[39m
                    [36m</svg>[39m
                  [36m</button>[39m
                [36m</div>[39m
              [36m</div>[39m
              [36m<div[39m
                [33mclass[39m=[32m"row"[39m
              [36m>[39m
                [36m<div[39m
                  [33mclass[39m=[32m"col-12 col-md-12 col-lg-12 col-xl-12 scrollableTable"[39m
                [36m>[39m
                  [36m<table[39m
                    [33mclass[39m=[32m"table table-bordered table-hover shadow table-striped tableFullWidth"[39m
                  [36m>[39m
                    [36m<thead>[39m
                      [36m<tr>[39m
                        [36m<th[39m
                          [33mscope[39m=[32m"col"[39m
                        [36m>[39m
                          [0mEnfermedad[0m
                        [36m</th>[39m
                        [36m<th[39m
                          [33mscope[39m=[32m"col"[39m
                        [36m>[39m
                          [0mAcci├│n[0m
                        [36m</th>[39m
                      [36m</tr>[39m
                    [36m</thead>[39m
                    [36m<tbody[39m
                      [33mclass[39m=[32m"tableBodyMiddle"[39m
                    [36m>[39m
                      [36m<tr>[39m
                        [36m<td>[39m
                          [0mDiabetes[0m
                        [36m</td>[39m
                        [36m<td>[39m
                          [36m<button[39m
                            [33mclass[39m=[32m"btn btn-verde rowActionButton"[39m
                            [33mtype[39m=[32m"button"[39m
                          [36m>[39m
                            [36m<svg[39m
                              [33maria-hidden[39m=[32m"true"[39m
                              [33mfill[39m=[32m"currentColor"[39m
                              [33mheight[39m=[32m"16"[39m
                              [33mviewBox[39m=[32m"0 0 16 16"[39m
                              [33mwidth[39m=[32m"16"[39m
                              [33mxmlns[39m=[32m"http://www.w3.org/2000/svg"[39m
                            [36m>[39m
                              [36m<path[39m
                                [33md[39m=[32m"M15.502 1.94a.5.5 0 0 1 0 .706L14.459 3.69l-2-2L13.502.646a.5.5 0 0 
1 .707 0l1.293 1.293zm-1.75 2.456-2-2L4.939 9.21a.5.5 0 0 0-.121.196l-.805 2.414a.25.25 0 0 0 .316.316l2.414-.805a.5.5 
0 0 0 .196-.12l6.813-6.814z"[39m
                              [36m/>[39m
                              [36m<path[39m
                                [33md[39m=[32m"M1 13.5A1.5 1.5 0 0 0 2.5 15h11a1.5 1.5 0 0 0 1.5-1.5v-6a.5.5 0 0 
0-1 0v6a.5.5 0 0 1-.5.5h-11a.5.5 0 0 1-.5-.5v-11a.5.5 0 0 1 .5-.5H9a.5.5 0 0 0 0-1H2.5A1.5 1.5 0 0 0 1 2.5v11z"[39m
                                [33mfill-rule[39m=[32m"evenodd"[39m
                              [36m/>[39m
                            [36m</svg>[39m
                          [36m</button>[39m
                          [36m<button[39m
                            [33mclass[39m=[32m"btn btn-rojo"[39m
                            [33mtype[39m=[32m"button"[39m
                          [36m>[39m
                            [36m<svg[39m
                              [33maria-hidden[39m=[32m"true"[39m
                              [33mfill[39m=[32m"currentColor"[39m
                              [33mheight[39m=[32m"16"[39m
                              [33mviewBox[39m=[32m"0 0 16 16"[39m
                              [33mwidth[39m=[32m"16"[39m
                              [33mxmlns[39m=[32m"http://www.w3.org/2000/svg"[39m
                            [36m>[39m
                              [36m<path[39m
                                [33md[39m=[32m"M5.5 5.5A.5.5 0 0 1 6 6v6a.5.5 0 0 1-1 0V6a.5.5 0 0 1 .5-.5zm2.5 
0a.5.5 0 0 1 .5.5v6a.5.5 0 0 1-1 0V6a.5.5 0 0 1 .5-.5zm3 .5a.5.5 0 0 0-1 0v6a.5.5 0 0 0 1 0V6z"[39m
                              [36m/>[39m
                              [36m<path[39m
                                [33md[39m=[32m"M14.5 3a1 1 0 0 1-1 1H13v9a2 2 0 0 1-2 2H5a2 2 0 0 1-2-2V4h-.5a1 1 0 
0 1-1-1V2a1 1 0 0 1 1-1H6a1 1 0 0 1 1-1h2a1 1 0 0 1 1 1h3.5a1 1 0 0 1 1 1v1zM4.118 4 4 4.059V13a1 1 0 0 0 1 1h6a1 1 0 
0 0 1-1V4.059L11.882 4H4.118zM2.5 3V2h11v1h-11z"[39m
                                [33mfill-rule[39m=[32m"evenodd"[39m
                              [36m/>[39m
                            [36m</svg>[39m
                          [36m</button>[39m
                        [36m</td>[39m
                      [36m</tr>[39m
                      [36m<tr>[39m
                        [36m<td>[39m
                          [0mHipertensi├│n[0m
                        [36m</td>[39m
                        [36m<td>[39m
                          [36m<button[39m
                            [33mclass[39m=[32m"btn btn-verde rowActionButton"[39m
                            [33mtype[39m=[32m"button"[39m
                          [36m>[39m
                            [36m<svg[39m
                              [33maria-hidden[39m=[32m"true"[39m
                ...

    [0m [90m 173 |[39m
     [90m 174 |[39m       [90m// Click bot├│n eliminar (primer bot├│n rojo en la tabla de enfermedades)[39m
    [31m[1m>[22m[39m[90m 175 |[39m       [36mconst[39m deleteButtons [33m=[39m 
screen[33m.[39mgetAllByRole([32m'button'[39m[33m,[39m { name[33m:[39m [35m/eliminar/i[39m })[33m;[39m
     [90m     |[39m                                    [31m[1m^[22m[39m
     [90m 176 |[39m       [36mawait[39m act([36masync[39m () [33m=>[39m {
     [90m 177 |[39m         fireEvent[33m.[39mclick(deleteButtons[[35m0[39m])[33m;[39m
     [90m 178 |[39m       })[33m;[39m[0m

      at Object.getElementError (node_modules/@testing-library/dom/dist/config.js:37:19)
      at node_modules/@testing-library/dom/dist/query-helpers.js:76:38
      at getAllByRole (node_modules/@testing-library/dom/dist/query-helpers.js:109:15)
      at Object.<anonymous> (src/__tests__/nomenclador.component.test.jsx:175:36)

  ÔùÅ Nomenclador ÔÇö Unit Tests ÔÇ║ Interacciones Principales ÔÇö Medicamentos ÔÇ║ edita medicamento

    expect(element).toHaveValue(Metformina)

    Expected the element to have value:
      Metformina
    Received:

    [0m [90m 218 |[39m
     [90m 219 |[39m       [36mconst[39m input [33m=[39m 
screen[33m.[39mgetByPlaceholderText([32m'Medicamento...'[39m)[33m;[39m
    [31m[1m>[22m[39m[90m 220 |[39m       expect(input)[33m.[39mtoHaveValue([32m'Metformina'[39m)[33m;[39m
     [90m     |[39m                     [31m[1m^[22m[39m
     [90m 221 |[39m
     [90m 222 |[39m       [36mconst[39m checkButton [33m=[39m screen[33m.[39mgetByPlaceholderText([32m'Medicam
ento...'[39m)[33m.[39mclosest([32m'div'[39m)[33m.[39mquerySelector([32m'.btn-azul-simple'[39m)[33m;[39m
     [90m 223 |[39m       [36mawait[39m act([36masync[39m () [33m=>[39m {[0m

      at Object.<anonymous> (src/__tests__/nomenclador.component.test.jsx:220:21)

  ÔùÅ Nomenclador ÔÇö Unit Tests ÔÇ║ Interacciones Principales ÔÇö Obras Sociales ÔÇ║ agrega nueva obra social con 
checkbox "Es P├║blica"

    expect(jest.fn()).toHaveBeenCalledWith(...expected)

    - Expected
    + Received

      Object {
    -   "esestatal": 1,
    +   "esestatal": undefined,
        "nombre": "Swiss Medical",
      },

    Number of calls: 1

    [0m [90m 249 |[39m       })[33m;[39m
     [90m 250 |[39m
    [31m[1m>[22m[39m[90m 251 |[39m       
expect(obrasocialRepository[33m.[39mcreate)[33m.[39mtoHaveBeenCalledWith({ nombre[33m:[39m [32m'Swiss 
Medical'[39m[33m,[39m esestatal[33m:[39m [35m1[39m })[33m;[39m
     [90m     |[39m                                           [31m[1m^[22m[39m
     [90m 252 |[39m       
expect(obrasocialRepository[33m.[39mgetAll)[33m.[39mtoHaveBeenCalledTimes([35m2[39m)[33m;[39m
     [90m 253 |[39m     })[33m;[39m
     [90m 254 |[39m[0m

      at Object.<anonymous> (src/__tests__/nomenclador.component.test.jsx:251:43)

  ÔùÅ Nomenclador ÔÇö Unit Tests ÔÇ║ Interacciones Principales ÔÇö Obras Sociales ÔÇ║ edita obra social mantiene 
checkbox

    expect(element).toHaveValue(PAMI)

    Expected the element to have value:
      PAMI
    Received:

    [0m [90m 267 |[39m       [36mconst[39m input [33m=[39m screen[33m.[39mgetByPlaceholderText([32m'Obra 
Social...'[39m)[33m;[39m
     [90m 268 |[39m       [36mconst[39m checkbox [33m=[39m screen[33m.[39mgetByLabelText([32m'Es 
P├║blica'[39m)[33m;[39m
    [31m[1m>[22m[39m[90m 269 |[39m       expect(input)[33m.[39mtoHaveValue([32m'PAMI'[39m)[33m;[39m
     [90m     |[39m                     [31m[1m^[22m[39m
     [90m 270 |[39m       expect(checkbox)[33m.[39mtoBeChecked()[33m;[39m
     [90m 271 |[39m
     [90m 272 |[39m       [36mconst[39m checkButton [33m=[39m screen[33m.[39mgetByPlaceholderText([32m'Obra So
cial...'[39m)[33m.[39mclosest([32m'div'[39m)[33m.[39mquerySelector([32m'.btn-azul-simple'[39m)[33m;[39m[0m

      at Object.<anonymous> (src/__tests__/nomenclador.component.test.jsx:269:21)

  ÔùÅ Nomenclador ÔÇö Unit Tests ÔÇ║ Casos Borde ÔÇ║ cancelar limpia formulario y sale de modo edici├│n

    expect(element).toHaveValue(Diabetes)

    Expected the element to have value:
      Diabetes
    Received:

    [0m [90m 292 |[39m
     [90m 293 |[39m       [36mconst[39m input [33m=[39m 
screen[33m.[39mgetByPlaceholderText([32m'Enfermedad...'[39m)[33m;[39m
    [31m[1m>[22m[39m[90m 294 |[39m       expect(input)[33m.[39mtoHaveValue([32m'Diabetes'[39m)[33m;[39m
     [90m     |[39m                     [31m[1m^[22m[39m
     [90m 295 |[39m
     [90m 296 |[39m       [36mconst[39m cancelButton [33m=[39m 
screen[33m.[39mgetByRole([32m'button'[39m[33m,[39m { name[33m:[39m [35m/cancelar/i[39m })[33m;[39m
     [90m 297 |[39m       [36mawait[39m act([36masync[39m () [33m=>[39m {[0m

      at Object.<anonymous> (src/__tests__/nomenclador.component.test.jsx:294:21)

FAIL src/__tests__/talleres.component.test.jsx
  ÔùÅ Test suite failed to run

    Jest encountered an unexpected token

    Jest failed to parse a file. This happens e.g. when your code or its dependencies use non-standard JavaScript 
syntax, or when Jest is not configured to support such syntax.

    Out of the box Jest supports Babel, which will be used to transform your files into valid JS based on your Babel 
configuration.

    By default "node_modules" folder is ignored by transformers.

    Here's what you can do:
     ÔÇó If you are trying to use ECMAScript Modules, see https://jestjs.io/docs/ecmascript-modules for how to enable 
it.
     ÔÇó If you are trying to use TypeScript, see https://jestjs.io/docs/getting-started#using-typescript
     ÔÇó To have some of your "node_modules" files transformed, you can specify a custom "transformIgnorePatterns" in 
your config.
     ÔÇó If you need a custom transformation specify a "transform" option in your config.
     ÔÇó If you simply want to mock your non-JS modules (e.g. binary assets) you can stub them out with the 
"moduleNameMapper" config option.

    You'll find more details and examples of these config options in the docs:
    https://jestjs.io/docs/configuration
    For information about custom transformations, see:
    https://jestjs.io/docs/code-transformation

    Details:

    SyntaxError: D:\TELEPARK\telepark\telepark-frontend\src\__tests__\talleres.component.test.jsx: Missing semicolon. 
(67:63)

    [0m [90m 65 |[39m       render([33m<[39m[33mTalleres[39m [33m/[39m[33m>[39m)[33m;[39m
     [90m 66 |[39m       [36mawait[39m waitFor(() [33m=>[39m expect(screen[33m.[39mgetByText([32m'Educaci├│n 
f├¡sica'[39m))[33m.[39mtoBeInTheDocument())[33m;[39m
    [31m[1m>[22m[39m[90m 67 |[39m       
expect(screen[33m.[39mgetByText([32m'Literario'[39m))[33m.[39mtoBeInTheDocument())[33m;[39m
     [90m    |[39m                                                                [31m[1m^[22m[39m
     [90m 68 |[39m       expect(screen[33m.[39mgetByText([32m'1'[39m))[33m.[39mtoBeInTheDocument())[33m;[39m 
[90m// c├│digo[39m
     [90m 69 |[39m       expect(screen[33m.[39mgetByText([32m'2'[39m))[33m.[39mtoBeInTheDocument())[33m;[39m
     [90m 70 |[39m     })[33m;[39m[0m

      at toParseError (node_modules/@babel/parser/src/parse-error.ts:95:45)
      at FlowParserMixin.raise (node_modules/@babel/parser/src/tokenizer/index.ts:1504:19)
      at FlowParserMixin.semicolon (node_modules/@babel/parser/src/parser/util.ts:149:10)
      at FlowParserMixin.parseExpressionStatement (node_modules/@babel/parser/src/parser/statement.ts:1363:10)
      at FlowParserMixin.parseExpressionStatement (node_modules/@babel/parser/src/plugins/flow/index.ts:2041:20)
      at FlowParserMixin.parseStatementContent (node_modules/@babel/parser/src/parser/statement.ts:702:19)
      at FlowParserMixin.parseStatementLike (node_modules/@babel/parser/src/parser/statement.ts:482:17)
      at FlowParserMixin.parseStatementLike (node_modules/@babel/parser/src/plugins/flow/index.ts:2001:26)
      at FlowParserMixin.parseStatementListItem (node_modules/@babel/parser/src/parser/statement.ts:431:17)
      at FlowParserMixin.parseBlockOrModuleBlockBody (node_modules/@babel/parser/src/parser/statement.ts:1444:16)
      at FlowParserMixin.parseBlockBody (node_modules/@babel/parser/src/parser/statement.ts:1417:10)
      at FlowParserMixin.parseBlock (node_modules/@babel/parser/src/parser/statement.ts:1385:10)
      at FlowParserMixin.parseFunctionBody (node_modules/@babel/parser/src/parser/expression.ts:2621:24)
      at parse (node_modules/@babel/parser/src/plugins/flow/index.ts:1951:17)
      at FlowParserMixin.forwardNoArrowParamsConversionAt 
(node_modules/@babel/parser/src/plugins/flow/index.ts:2235:18)
      at FlowParserMixin.parseFunctionBody (node_modules/@babel/parser/src/plugins/flow/index.ts:1950:14)
      at FlowParserMixin.parseArrowExpression (node_modules/@babel/parser/src/parser/expression.ts:2562:10)
      at FlowParserMixin.parseAsyncArrowFromCallExpression 
(node_modules/@babel/parser/src/parser/expression.ts:1067:10)
      at FlowParserMixin.parseAsyncArrowFromCallExpression 
(node_modules/@babel/parser/src/plugins/flow/index.ts:2962:20)
      at FlowParserMixin.parseCoverCallAndAsyncArrowHead (node_modules/@babel/parser/src/parser/expression.ts:942:27)
      at FlowParserMixin.parseSubscript (node_modules/@babel/parser/src/parser/expression.ts:804:19)
      at FlowParserMixin.parseSubscript (node_modules/@babel/parser/src/plugins/flow/index.ts:3323:20)
      at FlowParserMixin.parseSubscripts (node_modules/@babel/parser/src/parser/expression.ts:763:19)
      at FlowParserMixin.parseSubscripts (node_modules/@babel/parser/src/plugins/flow/index.ts:3267:20)
      at FlowParserMixin.parseExprSubscripts (node_modules/@babel/parser/src/parser/expression.ts:748:17)
      at FlowParserMixin.parseUpdate (node_modules/@babel/parser/src/parser/expression.ts:721:21)
      at FlowParserMixin.parseMaybeUnary (node_modules/@babel/parser/src/parser/expression.ts:683:23)
      at FlowParserMixin.parseMaybeUnaryOrPrivate (node_modules/@babel/parser/src/parser/expression.ts:417:14)
      at FlowParserMixin.parseExprOps (node_modules/@babel/parser/src/parser/expression.ts:429:23)
      at FlowParserMixin.parseMaybeConditional (node_modules/@babel/parser/src/parser/expression.ts:384:23)
      at FlowParserMixin.parseMaybeAssign (node_modules/@babel/parser/src/parser/expression.ts:301:21)
      at FlowParserMixin.parseMaybeAssign (node_modules/@babel/parser/src/plugins/flow/index.ts:3108:20)
      at callback (node_modules/@babel/parser/src/parser/expression.ts:257:12)
      at FlowParserMixin.allowInAnd (node_modules/@babel/parser/src/parser/expression.ts:3197:12)
      at FlowParserMixin.parseMaybeAssignAllowIn (node_modules/@babel/parser/src/parser/expression.ts:256:17)
      at FlowParserMixin.parseMaybeAssignAllowInOrVoidPattern 
(node_modules/@babel/parser/src/parser/expression.ts:3311:17)
      at FlowParserMixin.parseExprListItem (node_modules/@babel/parser/src/parser/expression.ts:2793:18)
      at FlowParserMixin.parseCallExpressionArguments (node_modules/@babel/parser/src/parser/expression.ts:1042:14)
      at FlowParserMixin.parseCoverCallAndAsyncArrowHead (node_modules/@babel/parser/src/parser/expression.ts:922:29)
      at FlowParserMixin.parseSubscript (node_modules/@babel/parser/src/parser/expression.ts:804:19)
      at FlowParserMixin.parseSubscript (node_modules/@babel/parser/src/plugins/flow/index.ts:3323:20)
      at FlowParserMixin.parseSubscripts (node_modules/@babel/parser/src/parser/expression.ts:763:19)
      at FlowParserMixin.parseSubscripts (node_modules/@babel/parser/src/plugins/flow/index.ts:3267:20)
      at FlowParserMixin.parseExprSubscripts (node_modules/@babel/parser/src/parser/expression.ts:748:17)
      at FlowParserMixin.parseUpdate (node_modules/@babel/parser/src/parser/expression.ts:721:21)
      at FlowParserMixin.parseMaybeUnary (node_modules/@babel/parser/src/parser/expression.ts:683:23)
      at FlowParserMixin.parseMaybeUnaryOrPrivate (node_modules/@babel/parser/src/parser/expression.ts:417:14)
      at FlowParserMixin.parseExprOps (node_modules/@babel/parser/src/parser/expression.ts:429:23)
      at FlowParserMixin.parseMaybeConditional (node_modules/@babel/parser/src/parser/expression.ts:384:23)
      at FlowParserMixin.parseMaybeAssign (node_modules/@babel/parser/src/parser/expression.ts:301:21)

FAIL src/__tests__/sidebar.component.test.jsx
  ÔùÅ Test suite failed to run

    Jest encountered an unexpected token

    Jest failed to parse a file. This happens e.g. when your code or its dependencies use non-standard JavaScript 
syntax, or when Jest is not configured to support such syntax.

    Out of the box Jest supports Babel, which will be used to transform your files into valid JS based on your Babel 
configuration.

    By default "node_modules" folder is ignored by transformers.

    Here's what you can do:
     ÔÇó If you are trying to use ECMAScript Modules, see https://jestjs.io/docs/ecmascript-modules for how to enable 
it.
     ÔÇó If you are trying to use TypeScript, see https://jestjs.io/docs/getting-started#using-typescript
     ÔÇó To have some of your "node_modules" files transformed, you can specify a custom "transformIgnorePatterns" in 
your config.
     ÔÇó If you need a custom transformation specify a "transform" option in your config.
     ÔÇó If you simply want to mock your non-JS modules (e.g. binary assets) you can stub them out with the 
"moduleNameMapper" config option.

    You'll find more details and examples of these config options in the docs:
    https://jestjs.io/docs/configuration
    For information about custom transformations, see:
    https://jestjs.io/docs/code-transformation

    Details:

    SyntaxError: D:\TELEPARK\telepark\telepark-frontend\src\__tests__\sidebar.component.test.jsx: Missing semicolon. 
(45:85)

    [0m [90m 43 |[39m       render([33m<[39m[33mSidebar[39m [33m/[39m[33m>[39m)[33m;[39m
     [90m 44 |[39m       [36mawait[39m waitFor(() [33m=>[39m expect(screen[33m.[39mgetByAltText([32m'logo de 
telepark'[39m))[33m.[39mtoBeInTheDocument())[33m;[39m
    [31m[1m>[22m[39m[90m 45 |[39m       expect(screen[33m.[39mgetByRole([32m'button'[39m[33m,[39m { 
name[33m:[39m [35m/abrir men├║/i[39m }))[33m.[39mtoBeInTheDocument())[33m;[39m
     [90m    |[39m                                                                                      
[31m[1m^[22m[39m
     [90m 46 |[39m     })[33m;[39m
     [90m 47 |[39m
     [90m 48 |[39m     it([32m'renderiza items de navegaci├│n para admin'[39m[33m,[39m [36masync[39m () 
[33m=>[39m {[0m

      at toParseError (node_modules/@babel/parser/src/parse-error.ts:95:45)
      at FlowParserMixin.raise (node_modules/@babel/parser/src/tokenizer/index.ts:1504:19)
      at FlowParserMixin.semicolon (node_modules/@babel/parser/src/parser/util.ts:149:10)
      at FlowParserMixin.parseExpressionStatement (node_modules/@babel/parser/src/parser/statement.ts:1363:10)
      at FlowParserMixin.parseExpressionStatement (node_modules/@babel/parser/src/plugins/flow/index.ts:2041:20)
      at FlowParserMixin.parseStatementContent (node_modules/@babel/parser/src/parser/statement.ts:702:19)
      at FlowParserMixin.parseStatementLike (node_modules/@babel/parser/src/parser/statement.ts:482:17)
      at FlowParserMixin.parseStatementLike (node_modules/@babel/parser/src/plugins/flow/index.ts:2001:26)
      at FlowParserMixin.parseStatementListItem (node_modules/@babel/parser/src/parser/statement.ts:431:17)
      at FlowParserMixin.parseBlockOrModuleBlockBody (node_modules/@babel/parser/src/parser/statement.ts:1444:16)
      at FlowParserMixin.parseBlockBody (node_modules/@babel/parser/src/parser/statement.ts:1417:10)
      at FlowParserMixin.parseBlock (node_modules/@babel/parser/src/parser/statement.ts:1385:10)
      at FlowParserMixin.parseFunctionBody (node_modules/@babel/parser/src/parser/expression.ts:2621:24)
      at parse (node_modules/@babel/parser/src/plugins/flow/index.ts:1951:17)
      at FlowParserMixin.forwardNoArrowParamsConversionAt 
(node_modules/@babel/parser/src/plugins/flow/index.ts:2235:18)
      at FlowParserMixin.parseFunctionBody (node_modules/@babel/parser/src/plugins/flow/index.ts:1950:14)
      at FlowParserMixin.parseArrowExpression (node_modules/@babel/parser/src/parser/expression.ts:2562:10)
      at FlowParserMixin.parseAsyncArrowFromCallExpression 
(node_modules/@babel/parser/src/parser/expression.ts:1067:10)
      at FlowParserMixin.parseAsyncArrowFromCallExpression 
(node_modules/@babel/parser/src/plugins/flow/index.ts:2962:20)
      at FlowParserMixin.parseCoverCallAndAsyncArrowHead (node_modules/@babel/parser/src/parser/expression.ts:942:27)
      at FlowParserMixin.parseSubscript (node_modules/@babel/parser/src/parser/expression.ts:804:19)
      at FlowParserMixin.parseSubscript (node_modules/@babel/parser/src/plugins/flow/index.ts:3323:20)
      at FlowParserMixin.parseSubscripts (node_modules/@babel/parser/src/parser/expression.ts:763:19)
      at FlowParserMixin.parseSubscripts (node_modules/@babel/parser/src/plugins/flow/index.ts:3267:20)
      at FlowParserMixin.parseExprSubscripts (node_modules/@babel/parser/src/parser/expression.ts:748:17)
      at FlowParserMixin.parseUpdate (node_modules/@babel/parser/src/parser/expression.ts:721:21)
      at FlowParserMixin.parseMaybeUnary (node_modules/@babel/parser/src/parser/expression.ts:683:23)
      at FlowParserMixin.parseMaybeUnaryOrPrivate (node_modules/@babel/parser/src/parser/expression.ts:417:14)
      at FlowParserMixin.parseExprOps (node_modules/@babel/parser/src/parser/expression.ts:429:23)
      at FlowParserMixin.parseMaybeConditional (node_modules/@babel/parser/src/parser/expression.ts:384:23)
      at FlowParserMixin.parseMaybeAssign (node_modules/@babel/parser/src/parser/expression.ts:301:21)
      at FlowParserMixin.parseMaybeAssign (node_modules/@babel/parser/src/plugins/flow/index.ts:3108:20)
      at callback (node_modules/@babel/parser/src/parser/expression.ts:257:12)
      at FlowParserMixin.allowInAnd (node_modules/@babel/parser/src/parser/expression.ts:3197:12)
      at FlowParserMixin.parseMaybeAssignAllowIn (node_modules/@babel/parser/src/parser/expression.ts:256:17)
      at FlowParserMixin.parseMaybeAssignAllowInOrVoidPattern 
(node_modules/@babel/parser/src/parser/expression.ts:3311:17)
      at FlowParserMixin.parseExprListItem (node_modules/@babel/parser/src/parser/expression.ts:2793:18)
      at FlowParserMixin.parseCallExpressionArguments (node_modules/@babel/parser/src/parser/expression.ts:1042:14)
      at FlowParserMixin.parseCoverCallAndAsyncArrowHead (node_modules/@babel/parser/src/parser/expression.ts:922:29)
      at FlowParserMixin.parseSubscript (node_modules/@babel/parser/src/parser/expression.ts:804:19)
      at FlowParserMixin.parseSubscript (node_modules/@babel/parser/src/plugins/flow/index.ts:3323:20)
      at FlowParserMixin.parseSubscripts (node_modules/@babel/parser/src/parser/expression.ts:763:19)
      at FlowParserMixin.parseSubscripts (node_modules/@babel/parser/src/plugins/flow/index.ts:3267:20)
      at FlowParserMixin.parseExprSubscripts (node_modules/@babel/parser/src/parser/expression.ts:748:17)
      at FlowParserMixin.parseUpdate (node_modules/@babel/parser/src/parser/expression.ts:721:21)
      at FlowParserMixin.parseMaybeUnary (node_modules/@babel/parser/src/parser/expression.ts:683:23)
      at FlowParserMixin.parseMaybeUnaryOrPrivate (node_modules/@babel/parser/src/parser/expression.ts:417:14)
      at FlowParserMixin.parseExprOps (node_modules/@babel/parser/src/parser/expression.ts:429:23)
      at FlowParserMixin.parseMaybeConditional (node_modules/@babel/parser/src/parser/expression.ts:384:23)
      at FlowParserMixin.parseMaybeAssign (node_modules/@babel/parser/src/parser/expression.ts:301:21)

FAIL src/__tests__/search-criteria.component.test.jsx
  ÔùÅ Test suite failed to run

    Jest encountered an unexpected token

    Jest failed to parse a file. This happens e.g. when your code or its dependencies use non-standard JavaScript 
syntax, or when Jest is not configured to support such syntax.

    Out of the box Jest supports Babel, which will be used to transform your files into valid JS based on your Babel 
configuration.

    By default "node_modules" folder is ignored by transformers.

    Here's what you can do:
     ÔÇó If you are trying to use ECMAScript Modules, see https://jestjs.io/docs/ecmascript-modules for how to enable 
it.
     ÔÇó If you are trying to use TypeScript, see https://jestjs.io/docs/getting-started#using-typescript
     ÔÇó To have some of your "node_modules" files transformed, you can specify a custom "transformIgnorePatterns" in 
your config.
     ÔÇó If you need a custom transformation specify a "transform" option in your config.
     ÔÇó If you simply want to mock your non-JS modules (e.g. binary assets) you can stub them out with the 
"moduleNameMapper" config option.

    You'll find more details and examples of these config options in the docs:
    https://jestjs.io/docs/configuration
    For information about custom transformations, see:
    https://jestjs.io/docs/code-transformation

    Details:

    SyntaxError: D:\TELEPARK\telepark\telepark-frontend\src\__tests__\search-criteria.component.test.jsx: Missing 
semicolon. (104:66)

    [0m [90m 102 |[39m       render([33m<[39m[33mSearch[39m [33m/[39m[33m>[39m)[33m;[39m
     [90m 103 |[39m       [36mawait[39m waitFor(() [33m=>[39m expect(screen[33m.[39mgetByText([32m'Juan 
P├®rez'[39m))[33m.[39mtoBeInTheDocument())[33m;[39m
    [31m[1m>[22m[39m[90m 104 |[39m       expect(screen[33m.[39mgetByText([32m'Mar├¡a 
Garc├¡a'[39m))[33m.[39mtoBeInTheDocument())[33m;[39m
     [90m     |[39m                                                                   [31m[1m^[22m[39m
     [90m 105 |[39m       
expect(screen[33m.[39mgetByText([32m'123456789'[39m))[33m.[39mtoBeInTheDocument())[33m;[39m
     [90m 106 |[39m       
expect(screen[33m.[39mgetByText([32m'987654321'[39m))[33m.[39mtoBeInTheDocument())[33m;[39m
     [90m 107 |[39m     })[33m;[39m[0m

      at toParseError (node_modules/@babel/parser/src/parse-error.ts:95:45)
      at FlowParserMixin.raise (node_modules/@babel/parser/src/tokenizer/index.ts:1504:19)
      at FlowParserMixin.semicolon (node_modules/@babel/parser/src/parser/util.ts:149:10)
      at FlowParserMixin.parseExpressionStatement (node_modules/@babel/parser/src/parser/statement.ts:1363:10)
      at FlowParserMixin.parseExpressionStatement (node_modules/@babel/parser/src/plugins/flow/index.ts:2041:20)
      at FlowParserMixin.parseStatementContent (node_modules/@babel/parser/src/parser/statement.ts:702:19)
      at FlowParserMixin.parseStatementLike (node_modules/@babel/parser/src/parser/statement.ts:482:17)
      at FlowParserMixin.parseStatementLike (node_modules/@babel/parser/src/plugins/flow/index.ts:2001:26)
      at FlowParserMixin.parseStatementListItem (node_modules/@babel/parser/src/parser/statement.ts:431:17)
      at FlowParserMixin.parseBlockOrModuleBlockBody (node_modules/@babel/parser/src/parser/statement.ts:1444:16)
      at FlowParserMixin.parseBlockBody (node_modules/@babel/parser/src/parser/statement.ts:1417:10)
      at FlowParserMixin.parseBlock (node_modules/@babel/parser/src/parser/statement.ts:1385:10)
      at FlowParserMixin.parseFunctionBody (node_modules/@babel/parser/src/parser/expression.ts:2621:24)
      at parse (node_modules/@babel/parser/src/plugins/flow/index.ts:1951:17)
      at FlowParserMixin.forwardNoArrowParamsConversionAt 
(node_modules/@babel/parser/src/plugins/flow/index.ts:2235:18)
      at FlowParserMixin.parseFunctionBody (node_modules/@babel/parser/src/plugins/flow/index.ts:1950:14)
      at FlowParserMixin.parseArrowExpression (node_modules/@babel/parser/src/parser/expression.ts:2562:10)
      at FlowParserMixin.parseAsyncArrowFromCallExpression 
(node_modules/@babel/parser/src/parser/expression.ts:1067:10)
      at FlowParserMixin.parseAsyncArrowFromCallExpression 
(node_modules/@babel/parser/src/plugins/flow/index.ts:2962:20)
      at FlowParserMixin.parseCoverCallAndAsyncArrowHead (node_modules/@babel/parser/src/parser/expression.ts:942:27)
      at FlowParserMixin.parseSubscript (node_modules/@babel/parser/src/parser/expression.ts:804:19)
      at FlowParserMixin.parseSubscript (node_modules/@babel/parser/src/plugins/flow/index.ts:3323:20)
      at FlowParserMixin.parseSubscripts (node_modules/@babel/parser/src/parser/expression.ts:763:19)
      at FlowParserMixin.parseSubscripts (node_modules/@babel/parser/src/plugins/flow/index.ts:3267:20)
      at FlowParserMixin.parseExprSubscripts (node_modules/@babel/parser/src/parser/expression.ts:748:17)
      at FlowParserMixin.parseUpdate (node_modules/@babel/parser/src/parser/expression.ts:721:21)
      at FlowParserMixin.parseMaybeUnary (node_modules/@babel/parser/src/parser/expression.ts:683:23)
      at FlowParserMixin.parseMaybeUnaryOrPrivate (node_modules/@babel/parser/src/parser/expression.ts:417:14)
      at FlowParserMixin.parseExprOps (node_modules/@babel/parser/src/parser/expression.ts:429:23)
      at FlowParserMixin.parseMaybeConditional (node_modules/@babel/parser/src/parser/expression.ts:384:23)
      at FlowParserMixin.parseMaybeAssign (node_modules/@babel/parser/src/parser/expression.ts:301:21)
      at FlowParserMixin.parseMaybeAssign (node_modules/@babel/parser/src/plugins/flow/index.ts:3108:20)
      at callback (node_modules/@babel/parser/src/parser/expression.ts:257:12)
      at FlowParserMixin.allowInAnd (node_modules/@babel/parser/src/parser/expression.ts:3197:12)
      at FlowParserMixin.parseMaybeAssignAllowIn (node_modules/@babel/parser/src/parser/expression.ts:256:17)
      at FlowParserMixin.parseMaybeAssignAllowInOrVoidPattern 
(node_modules/@babel/parser/src/parser/expression.ts:3311:17)
      at FlowParserMixin.parseExprListItem (node_modules/@babel/parser/src/parser/expression.ts:2793:18)
      at FlowParserMixin.parseCallExpressionArguments (node_modules/@babel/parser/src/parser/expression.ts:1042:14)
      at FlowParserMixin.parseCoverCallAndAsyncArrowHead (node_modules/@babel/parser/src/parser/expression.ts:922:29)
      at FlowParserMixin.parseSubscript (node_modules/@babel/parser/src/parser/expression.ts:804:19)
      at FlowParserMixin.parseSubscript (node_modules/@babel/parser/src/plugins/flow/index.ts:3323:20)
      at FlowParserMixin.parseSubscripts (node_modules/@babel/parser/src/parser/expression.ts:763:19)
      at FlowParserMixin.parseSubscripts (node_modules/@babel/parser/src/plugins/flow/index.ts:3267:20)
      at FlowParserMixin.parseExprSubscripts (node_modules/@babel/parser/src/parser/expression.ts:748:17)
      at FlowParserMixin.parseUpdate (node_modules/@babel/parser/src/parser/expression.ts:721:21)
      at FlowParserMixin.parseMaybeUnary (node_modules/@babel/parser/src/parser/expression.ts:683:23)
      at FlowParserMixin.parseMaybeUnaryOrPrivate (node_modules/@babel/parser/src/parser/expression.ts:417:14)
      at FlowParserMixin.parseExprOps (node_modules/@babel/parser/src/parser/expression.ts:429:23)
      at FlowParserMixin.parseMaybeConditional (node_modules/@babel/parser/src/parser/expression.ts:384:23)
      at FlowParserMixin.parseMaybeAssign (node_modules/@babel/parser/src/parser/expression.ts:301:21)

FAIL src/__tests__/gestion-eventos.component.test.jsx
  ÔùÅ Test suite failed to run

    Jest encountered an unexpected token

    Jest failed to parse a file. This happens e.g. when your code or its dependencies use non-standard JavaScript 
syntax, or when Jest is not configured to support such syntax.

    Out of the box Jest supports Babel, which will be used to transform your files into valid JS based on your Babel 
configuration.

    By default "node_modules" folder is ignored by transformers.

    Here's what you can do:
     ÔÇó If you are trying to use ECMAScript Modules, see https://jestjs.io/docs/ecmascript-modules for how to enable 
it.
     ÔÇó If you are trying to use TypeScript, see https://jestjs.io/docs/getting-started#using-typescript
     ÔÇó To have some of your "node_modules" files transformed, you can specify a custom "transformIgnorePatterns" in 
your config.
     ÔÇó If you need a custom transformation specify a "transform" option in your config.
     ÔÇó If you simply want to mock your non-JS modules (e.g. binary assets) you can stub them out with the 
"moduleNameMapper" config option.

    You'll find more details and examples of these config options in the docs:
    https://jestjs.io/docs/configuration
    For information about custom transformations, see:
    https://jestjs.io/docs/code-transformation

    Details:

    SyntaxError: D:\TELEPARK\telepark\telepark-frontend\src\__tests__\gestion-eventos.component.test.jsx: Missing 
semicolon. (160:114)

    [0m [90m 158 |[39m       })[33m;[39m
     [90m 159 |[39m
    [31m[1m>[22m[39m[90m 160 |[39m       expect(screen[33m.[39mqueryByText([32m'La Fecha de finalizacion es 
menor a la Fecha de inicio'[39m))[33m.[39mnot[33m.[39mtoBeInTheDocument())[33m;[39m
     [90m     |[39m                                                                                                  
                 [31m[1m^[22m[39m
     [90m 161 |[39m       expect(screen[33m.[39mgetByRole([32m'button'[39m[33m,[39m { name[33m:[39m 
[35m/agregar/i[39m }))[33m.[39mnot[33m.[39mtoBeDisabled()[33m;[39m
     [90m 162 |[39m     })[33m;[39m
     [90m 163 |[39m[0m

      at toParseError (node_modules/@babel/parser/src/parse-error.ts:95:45)
      at FlowParserMixin.raise (node_modules/@babel/parser/src/tokenizer/index.ts:1504:19)
      at FlowParserMixin.semicolon (node_modules/@babel/parser/src/parser/util.ts:149:10)
      at FlowParserMixin.parseExpressionStatement (node_modules/@babel/parser/src/parser/statement.ts:1363:10)
      at FlowParserMixin.parseExpressionStatement (node_modules/@babel/parser/src/plugins/flow/index.ts:2041:20)
      at FlowParserMixin.parseStatementContent (node_modules/@babel/parser/src/parser/statement.ts:702:19)
      at FlowParserMixin.parseStatementLike (node_modules/@babel/parser/src/parser/statement.ts:482:17)
      at FlowParserMixin.parseStatementLike (node_modules/@babel/parser/src/plugins/flow/index.ts:2001:26)
      at FlowParserMixin.parseStatementListItem (node_modules/@babel/parser/src/parser/statement.ts:431:17)
      at FlowParserMixin.parseBlockOrModuleBlockBody (node_modules/@babel/parser/src/parser/statement.ts:1444:16)
      at FlowParserMixin.parseBlockBody (node_modules/@babel/parser/src/parser/statement.ts:1417:10)
      at FlowParserMixin.parseBlock (node_modules/@babel/parser/src/parser/statement.ts:1385:10)
      at FlowParserMixin.parseFunctionBody (node_modules/@babel/parser/src/parser/expression.ts:2621:24)
      at parse (node_modules/@babel/parser/src/plugins/flow/index.ts:1951:17)
      at FlowParserMixin.forwardNoArrowParamsConversionAt 
(node_modules/@babel/parser/src/plugins/flow/index.ts:2235:18)
      at FlowParserMixin.parseFunctionBody (node_modules/@babel/parser/src/plugins/flow/index.ts:1950:14)
      at FlowParserMixin.parseArrowExpression (node_modules/@babel/parser/src/parser/expression.ts:2562:10)
      at FlowParserMixin.parseAsyncArrowFromCallExpression 
(node_modules/@babel/parser/src/parser/expression.ts:1067:10)
      at FlowParserMixin.parseAsyncArrowFromCallExpression 
(node_modules/@babel/parser/src/plugins/flow/index.ts:2962:20)
      at FlowParserMixin.parseCoverCallAndAsyncArrowHead (node_modules/@babel/parser/src/parser/expression.ts:942:27)
      at FlowParserMixin.parseSubscript (node_modules/@babel/parser/src/parser/expression.ts:804:19)
      at FlowParserMixin.parseSubscript (node_modules/@babel/parser/src/plugins/flow/index.ts:3323:20)
      at FlowParserMixin.parseSubscripts (node_modules/@babel/parser/src/parser/expression.ts:763:19)
      at FlowParserMixin.parseSubscripts (node_modules/@babel/parser/src/plugins/flow/index.ts:3267:20)
      at FlowParserMixin.parseExprSubscripts (node_modules/@babel/parser/src/parser/expression.ts:748:17)
      at FlowParserMixin.parseUpdate (node_modules/@babel/parser/src/parser/expression.ts:721:21)
      at FlowParserMixin.parseMaybeUnary (node_modules/@babel/parser/src/parser/expression.ts:683:23)
      at FlowParserMixin.parseMaybeUnaryOrPrivate (node_modules/@babel/parser/src/parser/expression.ts:417:14)
      at FlowParserMixin.parseExprOps (node_modules/@babel/parser/src/parser/expression.ts:429:23)
      at FlowParserMixin.parseMaybeConditional (node_modules/@babel/parser/src/parser/expression.ts:384:23)
      at FlowParserMixin.parseMaybeAssign (node_modules/@babel/parser/src/parser/expression.ts:301:21)
      at FlowParserMixin.parseMaybeAssign (node_modules/@babel/parser/src/plugins/flow/index.ts:3108:20)
      at callback (node_modules/@babel/parser/src/parser/expression.ts:257:12)
      at FlowParserMixin.allowInAnd (node_modules/@babel/parser/src/parser/expression.ts:3197:12)
      at FlowParserMixin.parseMaybeAssignAllowIn (node_modules/@babel/parser/src/parser/expression.ts:256:17)
      at FlowParserMixin.parseMaybeAssignAllowInOrVoidPattern 
(node_modules/@babel/parser/src/parser/expression.ts:3311:17)
      at FlowParserMixin.parseExprListItem (node_modules/@babel/parser/src/parser/expression.ts:2793:18)
      at FlowParserMixin.parseCallExpressionArguments (node_modules/@babel/parser/src/parser/expression.ts:1042:14)
      at FlowParserMixin.parseCoverCallAndAsyncArrowHead (node_modules/@babel/parser/src/parser/expression.ts:922:29)
      at FlowParserMixin.parseSubscript (node_modules/@babel/parser/src/parser/expression.ts:804:19)
      at FlowParserMixin.parseSubscript (node_modules/@babel/parser/src/plugins/flow/index.ts:3323:20)
      at FlowParserMixin.parseSubscripts (node_modules/@babel/parser/src/parser/expression.ts:763:19)
      at FlowParserMixin.parseSubscripts (node_modules/@babel/parser/src/plugins/flow/index.ts:3267:20)
      at FlowParserMixin.parseExprSubscripts (node_modules/@babel/parser/src/parser/expression.ts:748:17)
      at FlowParserMixin.parseUpdate (node_modules/@babel/parser/src/parser/expression.ts:721:21)
      at FlowParserMixin.parseMaybeUnary (node_modules/@babel/parser/src/parser/expression.ts:683:23)
      at FlowParserMixin.parseMaybeUnaryOrPrivate (node_modules/@babel/parser/src/parser/expression.ts:417:14)
      at FlowParserMixin.parseExprOps (node_modules/@babel/parser/src/parser/expression.ts:429:23)
      at FlowParserMixin.parseMaybeConditional (node_modules/@babel/parser/src/parser/expression.ts:384:23)
      at FlowParserMixin.parseMaybeAssign (node_modules/@babel/parser/src/parser/expression.ts:301:21)

FAIL src/__tests__/encuentro.component.test.jsx
  ÔùÅ Test suite failed to run

    Jest encountered an unexpected token

    Jest failed to parse a file. This happens e.g. when your code or its dependencies use non-standard JavaScript 
syntax, or when Jest is not configured to support such syntax.

    Out of the box Jest supports Babel, which will be used to transform your files into valid JS based on your Babel 
configuration.

    By default "node_modules" folder is ignored by transformers.

    Here's what you can do:
     ÔÇó If you are trying to use ECMAScript Modules, see https://jestjs.io/docs/ecmascript-modules for how to enable 
it.
     ÔÇó If you are trying to use TypeScript, see https://jestjs.io/docs/getting-started#using-typescript
     ÔÇó To have some of your "node_modules" files transformed, you can specify a custom "transformIgnorePatterns" in 
your config.
     ÔÇó If you need a custom transformation specify a "transform" option in your config.
     ÔÇó If you simply want to mock your non-JS modules (e.g. binary assets) you can stub them out with the 
"moduleNameMapper" config option.

    You'll find more details and examples of these config options in the docs:
    https://jestjs.io/docs/configuration
    For information about custom transformations, see:
    https://jestjs.io/docs/code-transformation

    Details:

    SyntaxError: D:\TELEPARK\telepark\telepark-frontend\src\__tests__\encuentro.component.test.jsx: Missing semicolon. 
(92:64)

    [0m [90m 90 |[39m       render([33m<[39m[33mEncuentro[39m [33m/[39m[33m>[39m)[33m;[39m
     [90m 91 |[39m       [36mawait[39m waitFor(() [33m=>[39m 
expect(screen[33m.[39mgetByText([32m'2024-01-15'[39m))[33m.[39mtoBeInTheDocument())[33m;[39m
    [31m[1m>[22m[39m[90m 92 |[39m       
expect(screen[33m.[39mgetByText([32m'2024-01-22'[39m))[33m.[39mtoBeInTheDocument())[33m;[39m
     [90m    |[39m                                                                 [31m[1m^[22m[39m
     [90m 93 |[39m       
expect(screen[33m.[39mgetByText([32m'No'[39m))[33m.[39mtoBeInTheDocument())[33m;[39m [90m// virtual: 0[39m
     [90m 94 |[39m       
expect(screen[33m.[39mgetByText([32m'S├¡'[39m))[33m.[39mtoBeInTheDocument())[33m;[39m [90m// virtual: 1[39m
     [90m 95 |[39m     })[33m;[39m[0m

      at toParseError (node_modules/@babel/parser/src/parse-error.ts:95:45)
      at FlowParserMixin.raise (node_modules/@babel/parser/src/tokenizer/index.ts:1504:19)
      at FlowParserMixin.semicolon (node_modules/@babel/parser/src/parser/util.ts:149:10)
      at FlowParserMixin.parseExpressionStatement (node_modules/@babel/parser/src/parser/statement.ts:1363:10)
      at FlowParserMixin.parseExpressionStatement (node_modules/@babel/parser/src/plugins/flow/index.ts:2041:20)
      at FlowParserMixin.parseStatementContent (node_modules/@babel/parser/src/parser/statement.ts:702:19)
      at FlowParserMixin.parseStatementLike (node_modules/@babel/parser/src/parser/statement.ts:482:17)
      at FlowParserMixin.parseStatementLike (node_modules/@babel/parser/src/plugins/flow/index.ts:2001:26)
      at FlowParserMixin.parseStatementListItem (node_modules/@babel/parser/src/parser/statement.ts:431:17)
      at FlowParserMixin.parseBlockOrModuleBlockBody (node_modules/@babel/parser/src/parser/statement.ts:1444:16)
      at FlowParserMixin.parseBlockBody (node_modules/@babel/parser/src/parser/statement.ts:1417:10)
      at FlowParserMixin.parseBlock (node_modules/@babel/parser/src/parser/statement.ts:1385:10)
      at FlowParserMixin.parseFunctionBody (node_modules/@babel/parser/src/parser/expression.ts:2621:24)
      at parse (node_modules/@babel/parser/src/plugins/flow/index.ts:1951:17)
      at FlowParserMixin.forwardNoArrowParamsConversionAt 
(node_modules/@babel/parser/src/plugins/flow/index.ts:2235:18)
      at FlowParserMixin.parseFunctionBody (node_modules/@babel/parser/src/plugins/flow/index.ts:1950:14)
      at FlowParserMixin.parseArrowExpression (node_modules/@babel/parser/src/parser/expression.ts:2562:10)
      at FlowParserMixin.parseAsyncArrowFromCallExpression 
(node_modules/@babel/parser/src/parser/expression.ts:1067:10)
      at FlowParserMixin.parseAsyncArrowFromCallExpression 
(node_modules/@babel/parser/src/plugins/flow/index.ts:2962:20)
      at FlowParserMixin.parseCoverCallAndAsyncArrowHead (node_modules/@babel/parser/src/parser/expression.ts:942:27)
      at FlowParserMixin.parseSubscript (node_modules/@babel/parser/src/parser/expression.ts:804:19)
      at FlowParserMixin.parseSubscript (node_modules/@babel/parser/src/plugins/flow/index.ts:3323:20)
      at FlowParserMixin.parseSubscripts (node_modules/@babel/parser/src/parser/expression.ts:763:19)
      at FlowParserMixin.parseSubscripts (node_modules/@babel/parser/src/plugins/flow/index.ts:3267:20)
      at FlowParserMixin.parseExprSubscripts (node_modules/@babel/parser/src/parser/expression.ts:748:17)
      at FlowParserMixin.parseUpdate (node_modules/@babel/parser/src/parser/expression.ts:721:21)
      at FlowParserMixin.parseMaybeUnary (node_modules/@babel/parser/src/parser/expression.ts:683:23)
      at FlowParserMixin.parseMaybeUnaryOrPrivate (node_modules/@babel/parser/src/parser/expression.ts:417:14)
      at FlowParserMixin.parseExprOps (node_modules/@babel/parser/src/parser/expression.ts:429:23)
      at FlowParserMixin.parseMaybeConditional (node_modules/@babel/parser/src/parser/expression.ts:384:23)
      at FlowParserMixin.parseMaybeAssign (node_modules/@babel/parser/src/parser/expression.ts:301:21)
      at FlowParserMixin.parseMaybeAssign (node_modules/@babel/parser/src/plugins/flow/index.ts:3108:20)
      at callback (node_modules/@babel/parser/src/parser/expression.ts:257:12)
      at FlowParserMixin.allowInAnd (node_modules/@babel/parser/src/parser/expression.ts:3197:12)
      at FlowParserMixin.parseMaybeAssignAllowIn (node_modules/@babel/parser/src/parser/expression.ts:256:17)
      at FlowParserMixin.parseMaybeAssignAllowInOrVoidPattern 
(node_modules/@babel/parser/src/parser/expression.ts:3311:17)
      at FlowParserMixin.parseExprListItem (node_modules/@babel/parser/src/parser/expression.ts:2793:18)
      at FlowParserMixin.parseCallExpressionArguments (node_modules/@babel/parser/src/parser/expression.ts:1042:14)
      at FlowParserMixin.parseCoverCallAndAsyncArrowHead (node_modules/@babel/parser/src/parser/expression.ts:922:29)
      at FlowParserMixin.parseSubscript (node_modules/@babel/parser/src/parser/expression.ts:804:19)
      at FlowParserMixin.parseSubscript (node_modules/@babel/parser/src/plugins/flow/index.ts:3323:20)
      at FlowParserMixin.parseSubscripts (node_modules/@babel/parser/src/parser/expression.ts:763:19)
      at FlowParserMixin.parseSubscripts (node_modules/@babel/parser/src/plugins/flow/index.ts:3267:20)
      at FlowParserMixin.parseExprSubscripts (node_modules/@babel/parser/src/parser/expression.ts:748:17)
      at FlowParserMixin.parseUpdate (node_modules/@babel/parser/src/parser/expression.ts:721:21)
      at FlowParserMixin.parseMaybeUnary (node_modules/@babel/parser/src/parser/expression.ts:683:23)
      at FlowParserMixin.parseMaybeUnaryOrPrivate (node_modules/@babel/parser/src/parser/expression.ts:417:14)
      at FlowParserMixin.parseExprOps (node_modules/@babel/parser/src/parser/expression.ts:429:23)
      at FlowParserMixin.parseMaybeConditional (node_modules/@babel/parser/src/parser/expression.ts:384:23)
      at FlowParserMixin.parseMaybeAssign (node_modules/@babel/parser/src/parser/expression.ts:301:21)

FAIL src/__tests__/consulta.component.test.jsx
  ÔùÅ Test suite failed to run

    Jest encountered an unexpected token

    Jest failed to parse a file. This happens e.g. when your code or its dependencies use non-standard JavaScript 
syntax, or when Jest is not configured to support such syntax.

    Out of the box Jest supports Babel, which will be used to transform your files into valid JS based on your Babel 
configuration.

    By default "node_modules" folder is ignored by transformers.

    Here's what you can do:
     ÔÇó If you are trying to use ECMAScript Modules, see https://jestjs.io/docs/ecmascript-modules for how to enable 
it.
     ÔÇó If you are trying to use TypeScript, see https://jestjs.io/docs/getting-started#using-typescript
     ÔÇó To have some of your "node_modules" files transformed, you can specify a custom "transformIgnorePatterns" in 
your config.
     ÔÇó If you need a custom transformation specify a "transform" option in your config.
     ÔÇó If you simply want to mock your non-JS modules (e.g. binary assets) you can stub them out with the 
"moduleNameMapper" config option.

    You'll find more details and examples of these config options in the docs:
    https://jestjs.io/docs/configuration
    For information about custom transformations, see:
    https://jestjs.io/docs/code-transformation

    Details:

    SyntaxError: D:\TELEPARK\telepark\telepark-frontend\src\__tests__\consulta.component.test.jsx: Missing semicolon. 
(113:84)

    [0m [90m 111 |[39m       render([33m<[39m[33mConsulta[39m [33m/[39m[33m>[39m)[33m;[39m
     [90m 112 |[39m       [36mawait[39m waitFor(() [33m=>[39m expect(screen[33m.[39mgetByLabelText([32m'Elija 
el encuentro'[39m))[33m.[39mtoBeInTheDocument())[33m;[39m
    [31m[1m>[22m[39m[90m 113 |[39m       expect(screen[33m.[39mgetByRole([32m'button'[39m[33m,[39m { 
name[33m:[39m [35m/consultar/i[39m }))[33m.[39mtoBeInTheDocument())[33m;[39m
     [90m     |[39m                                                                                     
[31m[1m^[22m[39m
     [90m 114 |[39m     })[33m;[39m
     [90m 115 |[39m
     [90m 116 |[39m     it([32m'renderiza bot├│n consultar faltas consecutivas'[39m[33m,[39m [36masync[39m () 
[33m=>[39m {[0m

      at toParseError (node_modules/@babel/parser/src/parse-error.ts:95:45)
      at FlowParserMixin.raise (node_modules/@babel/parser/src/tokenizer/index.ts:1504:19)
      at FlowParserMixin.semicolon (node_modules/@babel/parser/src/parser/util.ts:149:10)
      at FlowParserMixin.parseExpressionStatement (node_modules/@babel/parser/src/parser/statement.ts:1363:10)
      at FlowParserMixin.parseExpressionStatement (node_modules/@babel/parser/src/plugins/flow/index.ts:2041:20)
      at FlowParserMixin.parseStatementContent (node_modules/@babel/parser/src/parser/statement.ts:702:19)
      at FlowParserMixin.parseStatementLike (node_modules/@babel/parser/src/parser/statement.ts:482:17)
      at FlowParserMixin.parseStatementLike (node_modules/@babel/parser/src/plugins/flow/index.ts:2001:26)
      at FlowParserMixin.parseStatementListItem (node_modules/@babel/parser/src/parser/statement.ts:431:17)
      at FlowParserMixin.parseBlockOrModuleBlockBody (node_modules/@babel/parser/src/parser/statement.ts:1444:16)
      at FlowParserMixin.parseBlockBody (node_modules/@babel/parser/src/parser/statement.ts:1417:10)
      at FlowParserMixin.parseBlock (node_modules/@babel/parser/src/parser/statement.ts:1385:10)
      at FlowParserMixin.parseFunctionBody (node_modules/@babel/parser/src/parser/expression.ts:2621:24)
      at parse (node_modules/@babel/parser/src/plugins/flow/index.ts:1951:17)
      at FlowParserMixin.forwardNoArrowParamsConversionAt 
(node_modules/@babel/parser/src/plugins/flow/index.ts:2235:18)
      at FlowParserMixin.parseFunctionBody (node_modules/@babel/parser/src/plugins/flow/index.ts:1950:14)
      at FlowParserMixin.parseArrowExpression (node_modules/@babel/parser/src/parser/expression.ts:2562:10)
      at FlowParserMixin.parseAsyncArrowFromCallExpression 
(node_modules/@babel/parser/src/parser/expression.ts:1067:10)
      at FlowParserMixin.parseAsyncArrowFromCallExpression 
(node_modules/@babel/parser/src/plugins/flow/index.ts:2962:20)
      at FlowParserMixin.parseCoverCallAndAsyncArrowHead (node_modules/@babel/parser/src/parser/expression.ts:942:27)
      at FlowParserMixin.parseSubscript (node_modules/@babel/parser/src/parser/expression.ts:804:19)
      at FlowParserMixin.parseSubscript (node_modules/@babel/parser/src/plugins/flow/index.ts:3323:20)
      at FlowParserMixin.parseSubscripts (node_modules/@babel/parser/src/parser/expression.ts:763:19)
      at FlowParserMixin.parseSubscripts (node_modules/@babel/parser/src/plugins/flow/index.ts:3267:20)
      at FlowParserMixin.parseExprSubscripts (node_modules/@babel/parser/src/parser/expression.ts:748:17)
      at FlowParserMixin.parseUpdate (node_modules/@babel/parser/src/parser/expression.ts:721:21)
      at FlowParserMixin.parseMaybeUnary (node_modules/@babel/parser/src/parser/expression.ts:683:23)
      at FlowParserMixin.parseMaybeUnaryOrPrivate (node_modules/@babel/parser/src/parser/expression.ts:417:14)
      at FlowParserMixin.parseExprOps (node_modules/@babel/parser/src/parser/expression.ts:429:23)
      at FlowParserMixin.parseMaybeConditional (node_modules/@babel/parser/src/parser/expression.ts:384:23)
      at FlowParserMixin.parseMaybeAssign (node_modules/@babel/parser/src/parser/expression.ts:301:21)
      at FlowParserMixin.parseMaybeAssign (node_modules/@babel/parser/src/plugins/flow/index.ts:3108:20)
      at callback (node_modules/@babel/parser/src/parser/expression.ts:257:12)
      at FlowParserMixin.allowInAnd (node_modules/@babel/parser/src/parser/expression.ts:3197:12)
      at FlowParserMixin.parseMaybeAssignAllowIn (node_modules/@babel/parser/src/parser/expression.ts:256:17)
      at FlowParserMixin.parseMaybeAssignAllowInOrVoidPattern 
(node_modules/@babel/parser/src/parser/expression.ts:3311:17)
      at FlowParserMixin.parseExprListItem (node_modules/@babel/parser/src/parser/expression.ts:2793:18)
      at FlowParserMixin.parseCallExpressionArguments (node_modules/@babel/parser/src/parser/expression.ts:1042:14)
      at FlowParserMixin.parseCoverCallAndAsyncArrowHead (node_modules/@babel/parser/src/parser/expression.ts:922:29)
      at FlowParserMixin.parseSubscript (node_modules/@babel/parser/src/parser/expression.ts:804:19)
      at FlowParserMixin.parseSubscript (node_modules/@babel/parser/src/plugins/flow/index.ts:3323:20)
      at FlowParserMixin.parseSubscripts (node_modules/@babel/parser/src/parser/expression.ts:763:19)
      at FlowParserMixin.parseSubscripts (node_modules/@babel/parser/src/plugins/flow/index.ts:3267:20)
      at FlowParserMixin.parseExprSubscripts (node_modules/@babel/parser/src/parser/expression.ts:748:17)
      at FlowParserMixin.parseUpdate (node_modules/@babel/parser/src/parser/expression.ts:721:21)
      at FlowParserMixin.parseMaybeUnary (node_modules/@babel/parser/src/parser/expression.ts:683:23)
      at FlowParserMixin.parseMaybeUnaryOrPrivate (node_modules/@babel/parser/src/parser/expression.ts:417:14)
      at FlowParserMixin.parseExprOps (node_modules/@babel/parser/src/parser/expression.ts:429:23)
      at FlowParserMixin.parseMaybeConditional (node_modules/@babel/parser/src/parser/expression.ts:384:23)
      at FlowParserMixin.parseMaybeAssign (node_modules/@babel/parser/src/parser/expression.ts:301:21)

FAIL src/__tests__/asistencia-taller.component.test.jsx
  ÔùÅ Test suite failed to run

    Jest encountered an unexpected token

    Jest failed to parse a file. This happens e.g. when your code or its dependencies use non-standard JavaScript 
syntax, or when Jest is not configured to support such syntax.

    Out of the box Jest supports Babel, which will be used to transform your files into valid JS based on your Babel 
configuration.

    By default "node_modules" folder is ignored by transformers.

    Here's what you can do:
     ÔÇó If you are trying to use ECMAScript Modules, see https://jestjs.io/docs/ecmascript-modules for how to enable 
it.
     ÔÇó If you are trying to use TypeScript, see https://jestjs.io/docs/getting-started#using-typescript
     ÔÇó To have some of your "node_modules" files transformed, you can specify a custom "transformIgnorePatterns" in 
your config.
     ÔÇó If you need a custom transformation specify a "transform" option in your config.
     ÔÇó If you simply want to mock your non-JS modules (e.g. binary assets) you can stub them out with the 
"moduleNameMapper" config option.

    You'll find more details and examples of these config options in the docs:
    https://jestjs.io/docs/configuration
    For information about custom transformations, see:
    https://jestjs.io/docs/code-transformation

    Details:

    SyntaxError: D:\TELEPARK\telepark\telepark-frontend\src\__tests__\asistencia-taller.component.test.jsx: Missing 
semicolon. (86:93)

    [0m [90m 84 |[39m       render([33m<[39m[33mAsistencia[39m [33m/[39m[33m>[39m)[33m;[39m
     [90m 85 |[39m       [36mawait[39m waitFor(() [33m=>[39m 
expect(screen[33m.[39mgetByLabelText([32m'Encuentro:'[39m))[33m.[39mtoBeInTheDocument())[33m;[39m
    [31m[1m>[22m[39m[90m 86 |[39m       expect(screen[33m.[39mgetByRole([32m'option'[39m[33m,[39m { 
name[33m:[39m [35m/Elija el encuentro/i[39m }))[33m.[39mtoBeInTheDocument())[33m;[39m
     [90m    |[39m                                                                                              
[31m[1m^[22m[39m
     [90m 87 |[39m       expect(screen[33m.[39mgetByRole([32m'option'[39m[33m,[39m { name[33m:[39m 
[35m/2024-01-15/i[39m }))[33m.[39mtoBeInTheDocument())[33m;[39m
     [90m 88 |[39m       expect(screen[33m.[39mgetByRole([32m'option'[39m[33m,[39m { name[33m:[39m 
[35m/2024-01-22/i[39m }))[33m.[39mtoBeInTheDocument())[33m;[39m
     [90m 89 |[39m     })[33m;[39m[0m

      at toParseError (node_modules/@babel/parser/src/parse-error.ts:95:45)
      at FlowParserMixin.raise (node_modules/@babel/parser/src/tokenizer/index.ts:1504:19)
      at FlowParserMixin.semicolon (node_modules/@babel/parser/src/parser/util.ts:149:10)
      at FlowParserMixin.parseExpressionStatement (node_modules/@babel/parser/src/parser/statement.ts:1363:10)
      at FlowParserMixin.parseExpressionStatement (node_modules/@babel/parser/src/plugins/flow/index.ts:2041:20)
      at FlowParserMixin.parseStatementContent (node_modules/@babel/parser/src/parser/statement.ts:702:19)
      at FlowParserMixin.parseStatementLike (node_modules/@babel/parser/src/parser/statement.ts:482:17)
      at FlowParserMixin.parseStatementLike (node_modules/@babel/parser/src/plugins/flow/index.ts:2001:26)
      at FlowParserMixin.parseStatementListItem (node_modules/@babel/parser/src/parser/statement.ts:431:17)
      at FlowParserMixin.parseBlockOrModuleBlockBody (node_modules/@babel/parser/src/parser/statement.ts:1444:16)
      at FlowParserMixin.parseBlockBody (node_modules/@babel/parser/src/parser/statement.ts:1417:10)
      at FlowParserMixin.parseBlock (node_modules/@babel/parser/src/parser/statement.ts:1385:10)
      at FlowParserMixin.parseFunctionBody (node_modules/@babel/parser/src/parser/expression.ts:2621:24)
      at parse (node_modules/@babel/parser/src/plugins/flow/index.ts:1951:17)
      at FlowParserMixin.forwardNoArrowParamsConversionAt 
(node_modules/@babel/parser/src/plugins/flow/index.ts:2235:18)
      at FlowParserMixin.parseFunctionBody (node_modules/@babel/parser/src/plugins/flow/index.ts:1950:14)
      at FlowParserMixin.parseArrowExpression (node_modules/@babel/parser/src/parser/expression.ts:2562:10)
      at FlowParserMixin.parseAsyncArrowFromCallExpression 
(node_modules/@babel/parser/src/parser/expression.ts:1067:10)
      at FlowParserMixin.parseAsyncArrowFromCallExpression 
(node_modules/@babel/parser/src/plugins/flow/index.ts:2962:20)
      at FlowParserMixin.parseCoverCallAndAsyncArrowHead (node_modules/@babel/parser/src/parser/expression.ts:942:27)
      at FlowParserMixin.parseSubscript (node_modules/@babel/parser/src/parser/expression.ts:804:19)
      at FlowParserMixin.parseSubscript (node_modules/@babel/parser/src/plugins/flow/index.ts:3323:20)
      at FlowParserMixin.parseSubscripts (node_modules/@babel/parser/src/parser/expression.ts:763:19)
      at FlowParserMixin.parseSubscripts (node_modules/@babel/parser/src/plugins/flow/index.ts:3267:20)
      at FlowParserMixin.parseExprSubscripts (node_modules/@babel/parser/src/parser/expression.ts:748:17)
      at FlowParserMixin.parseUpdate (node_modules/@babel/parser/src/parser/expression.ts:721:21)
      at FlowParserMixin.parseMaybeUnary (node_modules/@babel/parser/src/parser/expression.ts:683:23)
      at FlowParserMixin.parseMaybeUnaryOrPrivate (node_modules/@babel/parser/src/parser/expression.ts:417:14)
      at FlowParserMixin.parseExprOps (node_modules/@babel/parser/src/parser/expression.ts:429:23)
      at FlowParserMixin.parseMaybeConditional (node_modules/@babel/parser/src/parser/expression.ts:384:23)
      at FlowParserMixin.parseMaybeAssign (node_modules/@babel/parser/src/parser/expression.ts:301:21)
      at FlowParserMixin.parseMaybeAssign (node_modules/@babel/parser/src/plugins/flow/index.ts:3108:20)
      at callback (node_modules/@babel/parser/src/parser/expression.ts:257:12)
      at FlowParserMixin.allowInAnd (node_modules/@babel/parser/src/parser/expression.ts:3197:12)
      at FlowParserMixin.parseMaybeAssignAllowIn (node_modules/@babel/parser/src/parser/expression.ts:256:17)
      at FlowParserMixin.parseMaybeAssignAllowInOrVoidPattern 
(node_modules/@babel/parser/src/parser/expression.ts:3311:17)
      at FlowParserMixin.parseExprListItem (node_modules/@babel/parser/src/parser/expression.ts:2793:18)
      at FlowParserMixin.parseCallExpressionArguments (node_modules/@babel/parser/src/parser/expression.ts:1042:14)
      at FlowParserMixin.parseCoverCallAndAsyncArrowHead (node_modules/@babel/parser/src/parser/expression.ts:922:29)
      at FlowParserMixin.parseSubscript (node_modules/@babel/parser/src/parser/expression.ts:804:19)
      at FlowParserMixin.parseSubscript (node_modules/@babel/parser/src/plugins/flow/index.ts:3323:20)
      at FlowParserMixin.parseSubscripts (node_modules/@babel/parser/src/parser/expression.ts:763:19)
      at FlowParserMixin.parseSubscripts (node_modules/@babel/parser/src/plugins/flow/index.ts:3267:20)
      at FlowParserMixin.parseExprSubscripts (node_modules/@babel/parser/src/parser/expression.ts:748:17)
      at FlowParserMixin.parseUpdate (node_modules/@babel/parser/src/parser/expression.ts:721:21)
      at FlowParserMixin.parseMaybeUnary (node_modules/@babel/parser/src/parser/expression.ts:683:23)
      at FlowParserMixin.parseMaybeUnaryOrPrivate (node_modules/@babel/parser/src/parser/expression.ts:417:14)
      at FlowParserMixin.parseExprOps (node_modules/@babel/parser/src/parser/expression.ts:429:23)
      at FlowParserMixin.parseMaybeConditional (node_modules/@babel/parser/src/parser/expression.ts:384:23)
      at FlowParserMixin.parseMaybeAssign (node_modules/@babel/parser/src/parser/expression.ts:301:21)

FAIL src/__tests__/actividad.component.test.jsx
  ÔùÅ Test suite failed to run

    Jest encountered an unexpected token

    Jest failed to parse a file. This happens e.g. when your code or its dependencies use non-standard JavaScript 
syntax, or when Jest is not configured to support such syntax.

    Out of the box Jest supports Babel, which will be used to transform your files into valid JS based on your Babel 
configuration.

    By default "node_modules" folder is ignored by transformers.

    Here's what you can do:
     ÔÇó If you are trying to use ECMAScript Modules, see https://jestjs.io/docs/ecmascript-modules for how to enable 
it.
     ÔÇó If you are trying to use TypeScript, see https://jestjs.io/docs/getting-started#using-typescript
     ÔÇó To have some of your "node_modules" files transformed, you can specify a custom "transformIgnorePatterns" in 
your config.
     ÔÇó If you need a custom transformation specify a "transform" option in your config.
     ÔÇó If you simply want to mock your non-JS modules (e.g. binary assets) you can stub them out with the 
"moduleNameMapper" config option.

    You'll find more details and examples of these config options in the docs:
    https://jestjs.io/docs/configuration
    For information about custom transformations, see:
    https://jestjs.io/docs/code-transformation

    Details:

    SyntaxError: D:\TELEPARK\telepark\telepark-frontend\src\__tests__\actividad.component.test.jsx: Missing semicolon. 
(61:65)

    [0m [90m 59 |[39m       render([33m<[39m[33mActividad[39m [33m/[39m[33m>[39m)[33m;[39m
     [90m 60 |[39m       [36mawait[39m waitFor(() [33m=>[39m 
expect(screen[33m.[39mgetByPlaceholderText([32m'actividad 
nombre...'[39m))[33m.[39mtoBeInTheDocument())[33m;[39m
    [31m[1m>[22m[39m[90m 61 |[39m       
expect(screen[33m.[39mgetByLabelText([32m'Taller'[39m))[33m.[39mtoBeInTheDocument())[33m;[39m
     [90m    |[39m                                                                  [31m[1m^[22m[39m
     [90m 62 |[39m     })[33m;[39m
     [90m 63 |[39m
     [90m 64 |[39m     it([32m'carga y muestra actividades en la tabla'[39m[33m,[39m [36masync[39m () 
[33m=>[39m {[0m

      at toParseError (node_modules/@babel/parser/src/parse-error.ts:95:45)
      at FlowParserMixin.raise (node_modules/@babel/parser/src/tokenizer/index.ts:1504:19)
      at FlowParserMixin.semicolon (node_modules/@babel/parser/src/parser/util.ts:149:10)
      at FlowParserMixin.parseExpressionStatement (node_modules/@babel/parser/src/parser/statement.ts:1363:10)
      at FlowParserMixin.parseExpressionStatement (node_modules/@babel/parser/src/plugins/flow/index.ts:2041:20)
      at FlowParserMixin.parseStatementContent (node_modules/@babel/parser/src/parser/statement.ts:702:19)
      at FlowParserMixin.parseStatementLike (node_modules/@babel/parser/src/parser/statement.ts:482:17)
      at FlowParserMixin.parseStatementLike (node_modules/@babel/parser/src/plugins/flow/index.ts:2001:26)
      at FlowParserMixin.parseStatementListItem (node_modules/@babel/parser/src/parser/statement.ts:431:17)
      at FlowParserMixin.parseBlockOrModuleBlockBody (node_modules/@babel/parser/src/parser/statement.ts:1444:16)
      at FlowParserMixin.parseBlockBody (node_modules/@babel/parser/src/parser/statement.ts:1417:10)
      at FlowParserMixin.parseBlock (node_modules/@babel/parser/src/parser/statement.ts:1385:10)
      at FlowParserMixin.parseFunctionBody (node_modules/@babel/parser/src/parser/expression.ts:2621:24)
      at parse (node_modules/@babel/parser/src/plugins/flow/index.ts:1951:17)
      at FlowParserMixin.forwardNoArrowParamsConversionAt 
(node_modules/@babel/parser/src/plugins/flow/index.ts:2235:18)
      at FlowParserMixin.parseFunctionBody (node_modules/@babel/parser/src/plugins/flow/index.ts:1950:14)
      at FlowParserMixin.parseArrowExpression (node_modules/@babel/parser/src/parser/expression.ts:2562:10)
      at FlowParserMixin.parseAsyncArrowFromCallExpression 
(node_modules/@babel/parser/src/parser/expression.ts:1067:10)
      at FlowParserMixin.parseAsyncArrowFromCallExpression 
(node_modules/@babel/parser/src/plugins/flow/index.ts:2962:20)
      at FlowParserMixin.parseCoverCallAndAsyncArrowHead (node_modules/@babel/parser/src/parser/expression.ts:942:27)
      at FlowParserMixin.parseSubscript (node_modules/@babel/parser/src/parser/expression.ts:804:19)
      at FlowParserMixin.parseSubscript (node_modules/@babel/parser/src/plugins/flow/index.ts:3323:20)
      at FlowParserMixin.parseSubscripts (node_modules/@babel/parser/src/parser/expression.ts:763:19)
      at FlowParserMixin.parseSubscripts (node_modules/@babel/parser/src/plugins/flow/index.ts:3267:20)
      at FlowParserMixin.parseExprSubscripts (node_modules/@babel/parser/src/parser/expression.ts:748:17)
      at FlowParserMixin.parseUpdate (node_modules/@babel/parser/src/parser/expression.ts:721:21)
      at FlowParserMixin.parseMaybeUnary (node_modules/@babel/parser/src/parser/expression.ts:683:23)
      at FlowParserMixin.parseMaybeUnaryOrPrivate (node_modules/@babel/parser/src/parser/expression.ts:417:14)
      at FlowParserMixin.parseExprOps (node_modules/@babel/parser/src/parser/expression.ts:429:23)
      at FlowParserMixin.parseMaybeConditional (node_modules/@babel/parser/src/parser/expression.ts:384:23)
      at FlowParserMixin.parseMaybeAssign (node_modules/@babel/parser/src/parser/expression.ts:301:21)
      at FlowParserMixin.parseMaybeAssign (node_modules/@babel/parser/src/plugins/flow/index.ts:3108:20)
      at callback (node_modules/@babel/parser/src/parser/expression.ts:257:12)
      at FlowParserMixin.allowInAnd (node_modules/@babel/parser/src/parser/expression.ts:3197:12)
      at FlowParserMixin.parseMaybeAssignAllowIn (node_modules/@babel/parser/src/parser/expression.ts:256:17)
      at FlowParserMixin.parseMaybeAssignAllowInOrVoidPattern 
(node_modules/@babel/parser/src/parser/expression.ts:3311:17)
      at FlowParserMixin.parseExprListItem (node_modules/@babel/parser/src/parser/expression.ts:2793:18)
      at FlowParserMixin.parseCallExpressionArguments (node_modules/@babel/parser/src/parser/expression.ts:1042:14)
      at FlowParserMixin.parseCoverCallAndAsyncArrowHead (node_modules/@babel/parser/src/parser/expression.ts:922:29)
      at FlowParserMixin.parseSubscript (node_modules/@babel/parser/src/parser/expression.ts:804:19)
      at FlowParserMixin.parseSubscript (node_modules/@babel/parser/src/plugins/flow/index.ts:3323:20)
      at FlowParserMixin.parseSubscripts (node_modules/@babel/parser/src/parser/expression.ts:763:19)
      at FlowParserMixin.parseSubscripts (node_modules/@babel/parser/src/plugins/flow/index.ts:3267:20)
      at FlowParserMixin.parseExprSubscripts (node_modules/@babel/parser/src/parser/expression.ts:748:17)
      at FlowParserMixin.parseUpdate (node_modules/@babel/parser/src/parser/expression.ts:721:21)
      at FlowParserMixin.parseMaybeUnary (node_modules/@babel/parser/src/parser/expression.ts:683:23)
      at FlowParserMixin.parseMaybeUnaryOrPrivate (node_modules/@babel/parser/src/parser/expression.ts:417:14)
      at FlowParserMixin.parseExprOps (node_modules/@babel/parser/src/parser/expression.ts:429:23)
      at FlowParserMixin.parseMaybeConditional (node_modules/@babel/parser/src/parser/expression.ts:384:23)
      at FlowParserMixin.parseMaybeAssign (node_modules/@babel/parser/src/parser/expression.ts:301:21)


Test Suites: 11 failed, 13 passed, 24 total
Tests:       21 failed, 158 passed, 179 total
Snapshots:   0 total
Time:        10.761 s
Ran all test suites.
